03-23 22:06:23.826  1845  2298 E MendelPackageState: 	at com.google.android.gms.common.api.internal.ad.a(PG:12)
03-23 22:06:23.826  1845  2298 E MendelPackageState: 	... 8 more
03-23 22:06:23.826  1845  2298 E MendelPackageState: Failed to commit to config
03-23 22:06:23.826  1845  2298 E MendelPackageState: com.google.android.libraries.phenotype.client.a.h: 20: 20: The connection to Google Play services was lost due to service disconnection.
03-23 22:06:23.826  1845  2298 E MendelPackageState: 	at com.google.android.libraries.phenotype.client.a.j.apply(PG:1)
03-23 22:06:23.826  1845  2298 E MendelPackageState: 	at com.google.common.w.a.a.e(PG:2)
03-23 22:06:23.826  1845  2298 E MendelPackageState: 	at com.google.common.w.a.c.run(PG:11)
03-23 22:06:23.826  1845  2298 E MendelPackageState: 	at com.google.common.w.a.bg.execute(PG:1)
03-23 22:06:23.826  1845  2298 E MendelPackageState: 	at com.google.common.w.a.d.i(PG:1)
03-23 22:06:23.826  1845  2298 E MendelPackageState: 	at com.google.common.w.a.d.l(PG:13)
03-23 22:06:23.826  1845  2298 E MendelPackageState: 	at com.google.common.w.a.d.o(PG:3)
03-23 22:06:23.826  1845  2298 E MendelPackageState: 	at com.google.android.libraries.u.c.a(PG:5)
03-23 22:06:23.826  1845  2298 E MendelPackageState: 	at com.google.android.gms.tasks.n.run(PG:1)
03-23 22:06:23.826  1845  2298 E MendelPackageState: 	at com.google.common.w.a.bg.execute(PG:1)
03-23 22:06:23.826  1845  2298 E MendelPackageState: 	at com.google.android.gms.tasks.o.c(PG:3)
03-23 22:06:23.826  1845  2298 E MendelPackageState: 	at com.google.android.gms.tasks.ad.b(PG:5)
03-23 22:06:23.826  1845  2298 E MendelPackageState: 	at com.google.android.gms.tasks.aj.w(PG:4)
03-23 22:06:23.826  1845  2298 E MendelPackageState: 	at com.google.android.gms.common.api.internal.ad.a(PG:13)
03-23 22:06:23.826  1845  2298 E MendelPackageState: 	at com.google.android.gms.common.api.internal.bk.k(PG:7)
03-23 22:06:23.826  1845  2298 E MendelPackageState: 	at com.google.android.gms.common.api.internal.bk.kx(PG:2)
03-23 22:06:23.826  1845  2298 E MendelPackageState: 	at com.google.android.gms.common.internal.aa.b(PG:1)
03-23 22:06:23.826  1845  2298 E MendelPackageState: 	at com.google.android.gms.common.internal.f.handleMessage(PG:27)
03-23 22:06:23.826  1845  2298 E MendelPackageState: 	at android.os.Handler.dispatchMessage(Handler.java:106)
03-23 22:06:23.826  1845  2298 E MendelPackageState: 	at android.os.Looper.loopOnce(Looper.java:205)
03-23 22:06:23.826  1845  2298 E MendelPackageState: 	at android.os.Looper.loop(Looper.java:294)
03-23 22:06:23.826  1845  2298 E MendelPackageState: 	at android.os.HandlerThread.run(HandlerThread.java:67)
03-23 22:06:23.826  1845  2298 E MendelPackageState: Caused by: com.google.android.gms.common.api.n: 20: The connection to Google Play services was lost due to service disconnection.
03-23 22:06:23.826  1845  2298 E MendelPackageState: 	at com.google.android.gms.common.api.internal.ad.a(PG:12)
03-23 22:06:23.826  1845  2298 E MendelPackageState: 	... 8 more
03-23 22:06:23.826  1845  2298 E MendelPackageState: Failed to commit to config
03-23 22:06:23.826  1845  2298 E MendelPackageState: com.google.android.libraries.phenotype.client.a.h: 20: 20: The connection to Google Play services was lost due to service disconnection.
03-23 22:06:23.826  1845  2298 E MendelPackageState: 	at com.google.android.libraries.phenotype.client.a.j.apply(PG:1)
03-23 22:06:23.826  1845  2298 E MendelPackageState: 	at com.google.common.w.a.a.e(PG:2)
03-23 22:06:23.826  1845  2298 E MendelPackageState: 	at com.google.common.w.a.c.run(PG:11)
03-23 22:06:23.826  1845  2298 E MendelPackageState: 	at com.google.common.w.a.bg.execute(PG:1)
03-23 22:06:23.826  1845  2298 E MendelPackageState: 	at com.google.common.w.a.d.i(PG:1)
03-23 22:06:23.826  1845  2298 E MendelPackageState: 	at com.google.common.w.a.d.l(PG:13)
03-23 22:06:23.826  1845  2298 E MendelPackageState: 	at com.google.common.w.a.d.o(PG:3)
03-23 22:06:23.826  1845  2298 E MendelPackageState: 	at com.google.android.libraries.u.c.a(PG:5)
03-23 22:06:23.826  1845  2298 E MendelPackageState: 	at com.google.android.gms.tasks.n.run(PG:1)
03-23 22:06:23.826  1845  2298 E MendelPackageState: 	at com.google.common.w.a.bg.execute(PG:1)
03-23 22:06:23.826  1845  2298 E MendelPackageState: 	at com.google.android.gms.tasks.o.c(PG:3)
03-23 22:06:23.826  1845  2298 E MendelPackageState: 	at com.google.android.gms.tasks.ad.b(PG:5)
03-23 22:06:23.826  1845  2298 E MendelPackageState: 	at com.google.android.gms.tasks.aj.w(PG:4)
03-23 22:06:23.826  1845  2298 E MendelPackageState: 	at com.google.android.gms.common.api.internal.ad.a(PG:13)
03-23 22:06:23.826  1845  2298 E MendelPackageState: 	at com.google.android.gms.common.api.internal.bk.k(PG:7)
03-23 22:06:23.826  1845  2298 E MendelPackageState: 	at com.google.android.gms.common.api.internal.bk.kx(PG:2)
03-23 22:06:23.826  1845  2298 E MendelPackageState: 	at com.google.android.gms.common.internal.aa.b(PG:1)
03-23 22:06:23.826  1845  2298 E MendelPackageState: 	at com.google.android.gms.common.internal.f.handleMessage(PG:27)
03-23 22:06:23.826  1845  2298 E MendelPackageState: 	at android.os.Handler.dispatchMessage(Handler.java:106)
03-23 22:06:23.826  1845  2298 E MendelPackageState: 	at android.os.Looper.loopOnce(Looper.java:205)
03-23 22:06:23.826  1845  2298 E MendelPackageState: 	at android.os.Looper.loop(Looper.java:294)
03-23 22:06:23.826  1845  2298 E MendelPackageState: 	at android.os.HandlerThread.run(HandlerThread.java:67)
03-23 22:06:23.826  1845  2298 E MendelPackageState: Caused by: com.google.android.gms.common.api.n: 20: The connection to Google Play services was lost due to service disconnection.
03-23 22:06:23.826  1845  2298 E MendelPackageState: 	at com.google.android.gms.common.api.internal.ad.a(PG:12)
03-23 22:06:23.826  1845  2298 E MendelPackageState: 	... 8 more
03-23 22:06:23.827  1845  2298 E MendelPackageState: Failed to commit to config
03-23 22:06:23.827  1845  2298 E MendelPackageState: com.google.android.libraries.phenotype.client.a.h: 20: 20: The connection to Google Play services was lost due to service disconnection.
03-23 22:06:23.827  1845  2298 E MendelPackageState: 	at com.google.android.libraries.phenotype.client.a.j.apply(PG:1)
03-23 22:06:23.827  1845  2298 E MendelPackageState: 	at com.google.common.w.a.a.e(PG:2)
03-23 22:06:23.827  1845  2298 E MendelPackageState: 	at com.google.common.w.a.c.run(PG:11)
03-23 22:06:23.827  1845  2298 E MendelPackageState: 	at com.google.common.w.a.bg.execute(PG:1)
03-23 22:06:23.827  1845  2298 E MendelPackageState: 	at com.google.common.w.a.d.i(PG:1)
03-23 22:06:23.827  1845  2298 E MendelPackageState: 	at com.google.common.w.a.d.l(PG:13)
03-23 22:06:23.827  1845  2298 E MendelPackageState: 	at com.google.common.w.a.d.o(PG:3)
03-23 22:06:23.827  1845  2298 E MendelPackageState: 	at com.google.android.libraries.u.c.a(PG:5)
03-23 22:06:23.827  1845  2298 E MendelPackageState: 	at com.google.android.gms.tasks.n.run(PG:1)
03-23 22:06:23.827  1845  2298 E MendelPackageState: 	at com.google.common.w.a.bg.execute(PG:1)
03-23 22:06:23.827  1845  2298 E MendelPackageState: 	at com.google.android.gms.tasks.o.c(PG:3)
03-23 22:06:23.827  1845  2298 E MendelPackageState: 	at com.google.android.gms.tasks.ad.b(PG:5)
03-23 22:06:23.827  1845  2298 E MendelPackageState: 	at com.google.android.gms.tasks.aj.w(PG:4)
03-23 22:06:23.827  1845  2298 E MendelPackageState: 	at com.google.android.gms.common.api.internal.ad.a(PG:13)
03-23 22:06:23.827  1845  2298 E MendelPackageState: 	at com.google.android.gms.common.api.internal.bk.k(PG:7)
03-23 22:06:23.827  1845  2298 E MendelPackageState: 	at com.google.android.gms.common.api.internal.bk.kx(PG:2)
03-23 22:06:23.827  1845  2298 E MendelPackageState: 	at com.google.android.gms.common.internal.aa.b(PG:1)
03-23 22:06:23.827  1845  2298 E MendelPackageState: 	at com.google.android.gms.common.internal.f.handleMessage(PG:27)
03-23 22:06:23.827  1845  2298 E MendelPackageState: 	at android.os.Handler.dispatchMessage(Handler.java:106)
03-23 22:06:23.827  1845  2298 E MendelPackageState: 	at android.os.Looper.loopOnce(Looper.java:205)
03-23 22:06:23.827  1845  2298 E MendelPackageState: 	at android.os.Looper.loop(Looper.java:294)
03-23 22:06:23.827  1845  2298 E MendelPackageState: 	at android.os.HandlerThread.run(HandlerThread.java:67)
03-23 22:06:23.827  1845  2298 E MendelPackageState: Caused by: com.google.android.gms.common.api.n: 20: The connection to Google Play services was lost due to service disconnection.
03-23 22:06:23.827  1845  2298 E MendelPackageState: 	at com.google.android.gms.common.api.internal.ad.a(PG:12)
03-23 22:06:23.827  1845  2298 E MendelPackageState: 	... 8 more
03-23 22:06:23.827  1845  2298 E MendelPackageState: Failed to commit to config
03-23 22:06:23.827  1845  2298 E MendelPackageState: com.google.android.libraries.phenotype.client.a.h: 20: 20: The connection to Google Play services was lost due to service disconnection.
03-23 22:06:23.827  1845  2298 E MendelPackageState: 	at com.google.android.libraries.phenotype.client.a.j.apply(PG:1)
03-23 22:06:23.827  1845  2298 E MendelPackageState: 	at com.google.common.w.a.a.e(PG:2)
03-23 22:06:23.827  1845  2298 E MendelPackageState: 	at com.google.common.w.a.c.run(PG:11)
03-23 22:06:23.827  1845  2298 E MendelPackageState: 	at com.google.common.w.a.bg.execute(PG:1)
03-23 22:06:23.827  1845  2298 E MendelPackageState: 	at com.google.common.w.a.d.i(PG:1)
03-23 22:06:23.827  1845  2298 E MendelPackageState: 	at com.google.common.w.a.d.l(PG:13)
03-23 22:06:23.827  1845  2298 E MendelPackageState: 	at com.google.common.w.a.d.o(PG:3)
03-23 22:06:23.827  1845  2298 E MendelPackageState: 	at com.google.android.libraries.u.c.a(PG:5)
03-23 22:06:23.827  1845  2298 E MendelPackageState: 	at com.google.android.gms.tasks.n.run(PG:1)
03-23 22:06:23.827  1845  2298 E MendelPackageState: 	at com.google.common.w.a.bg.execute(PG:1)
03-23 22:06:23.827  1845  2298 E MendelPackageState: 	at com.google.android.gms.tasks.o.c(PG:3)
03-23 22:06:23.827  1845  2298 E MendelPackageState: 	at com.google.android.gms.tasks.ad.b(PG:5)
03-23 22:06:23.827  1845  2298 E MendelPackageState: 	at com.google.android.gms.tasks.aj.w(PG:4)
03-23 22:06:23.827  1845  2298 E MendelPackageState: 	at com.google.android.gms.common.api.internal.ad.a(PG:13)
03-23 22:06:23.827  1845  2298 E MendelPackageState: 	at com.google.android.gms.common.api.internal.bk.k(PG:7)
03-23 22:06:23.827  1845  2298 E MendelPackageState: 	at com.google.android.gms.common.api.internal.bk.kx(PG:2)
03-23 22:06:23.827  1845  2298 E MendelPackageState: 	at com.google.android.gms.common.internal.aa.b(PG:1)
03-23 22:06:23.827  1845  2298 E MendelPackageState: 	at com.google.android.gms.common.internal.f.handleMessage(PG:27)
03-23 22:06:23.827  1845  2298 E MendelPackageState: 	at android.os.Handler.dispatchMessage(Handler.java:106)
03-23 22:06:23.827  1845  2298 E MendelPackageState: 	at android.os.Looper.loopOnce(Looper.java:205)
03-23 22:06:23.827  1845  2298 E MendelPackageState: 	at android.os.Looper.loop(Looper.java:294)
03-23 22:06:23.827  1845  2298 E MendelPackageState: 	at android.os.HandlerThread.run(HandlerThread.java:67)
03-23 22:06:23.827  1845  2298 E MendelPackageState: Caused by: com.google.android.gms.common.api.n: 20: The connection to Google Play services was lost due to service disconnection.
03-23 22:06:23.827  1845  2298 E MendelPackageState: 	at com.google.android.gms.common.api.internal.ad.a(PG:12)
03-23 22:06:23.827  1845  2298 E MendelPackageState: 	... 8 more
03-23 22:06:23.827  1845  2298 E MendelPackageState: Failed to commit to config
03-23 22:06:23.827  1845  2298 E MendelPackageState: com.google.android.libraries.phenotype.client.a.h: 20: 20: The connection to Google Play services was lost due to service disconnection.
03-23 22:06:23.827  1845  2298 E MendelPackageState: 	at com.google.android.libraries.phenotype.client.a.j.apply(PG:1)
03-23 22:06:23.827  1845  2298 E MendelPackageState: 	at com.google.common.w.a.a.e(PG:2)
03-23 22:06:23.827  1845  2298 E MendelPackageState: 	at com.google.common.w.a.c.run(PG:11)
03-23 22:06:23.827  1845  2298 E MendelPackageState: 	at com.google.common.w.a.bg.execute(PG:1)
03-23 22:06:23.827  1845  2298 E MendelPackageState: 	at com.google.common.w.a.d.i(PG:1)
03-23 22:06:23.827  1845  2298 E MendelPackageState: 	at com.google.common.w.a.d.l(PG:13)
03-23 22:06:23.827  1845  2298 E MendelPackageState: 	at com.google.common.w.a.d.o(PG:3)
03-23 22:06:23.827  1845  2298 E MendelPackageState: 	at com.google.android.libraries.u.c.a(PG:5)
03-23 22:06:23.827  1845  2298 E MendelPackageState: 	at com.google.android.gms.tasks.n.run(PG:1)
03-23 22:06:23.827  1845  2298 E MendelPackageState: 	at com.google.common.w.a.bg.execute(PG:1)
03-23 22:06:23.827  1845  2298 E MendelPackageState: 	at com.google.android.gms.tasks.o.c(PG:3)
03-23 22:06:23.827  1845  2298 E MendelPackageState: 	at com.google.android.gms.tasks.ad.b(PG:5)
03-23 22:06:23.827  1845  2298 E MendelPackageState: 	at com.google.android.gms.tasks.aj.w(PG:4)
03-23 22:06:23.827  1845  2298 E MendelPackageState: 	at com.google.android.gms.common.api.internal.ad.a(PG:13)
03-23 22:06:23.827  1845  2298 E MendelPackageState: 	at com.google.android.gms.common.api.internal.bk.k(PG:7)
03-23 22:06:23.827  1845  2298 E MendelPackageState: 	at com.google.android.gms.common.api.internal.bk.kx(PG:2)
03-23 22:06:23.827  1845  2298 E MendelPackageState: 	at com.google.android.gms.common.internal.aa.b(PG:1)
03-23 22:06:23.827  1845  2298 E MendelPackageState: 	at com.google.android.gms.common.internal.f.handleMessage(PG:27)
03-23 22:06:23.827  1845  2298 E MendelPackageState: 	at android.os.Handler.dispatchMessage(Handler.java:106)
03-23 22:06:23.827  1845  2298 E MendelPackageState: 	at android.os.Looper.loopOnce(Looper.java:205)
03-23 22:06:23.827  1845  2298 E MendelPackageState: 	at android.os.Looper.loop(Looper.java:294)
03-23 22:06:23.827  1845  2298 E MendelPackageState: 	at android.os.HandlerThread.run(HandlerThread.java:67)
03-23 22:06:23.827  1845  2298 E MendelPackageState: Caused by: com.google.android.gms.common.api.n: 20: The connection to Google Play services was lost due to service disconnection.
03-23 22:06:23.827  1845  2298 E MendelPackageState: 	at com.google.android.gms.common.api.internal.ad.a(PG:12)
03-23 22:06:23.827  1845  2298 E MendelPackageState: 	... 8 more
03-23 22:06:23.834  1845  2298 E MendelPackageState: Failed to commit to config
03-23 22:06:23.834  1845  2298 E MendelPackageState: com.google.android.libraries.phenotype.client.a.h: 20: 20: The connection to Google Play services was lost due to service disconnection.
03-23 22:06:23.834  1845  2298 E MendelPackageState: 	at com.google.android.libraries.phenotype.client.a.j.apply(PG:1)
03-23 22:06:23.834  1845  2298 E MendelPackageState: 	at com.google.common.w.a.a.e(PG:2)
03-23 22:06:23.834  1845  2298 E MendelPackageState: 	at com.google.common.w.a.c.run(PG:11)
03-23 22:06:23.834  1845  2298 E MendelPackageState: 	at com.google.common.w.a.bg.execute(PG:1)
03-23 22:06:23.834  1845  2298 E MendelPackageState: 	at com.google.common.w.a.d.i(PG:1)
03-23 22:06:23.834  1845  2298 E MendelPackageState: 	at com.google.common.w.a.d.l(PG:13)
03-23 22:06:23.834  1845  2298 E MendelPackageState: 	at com.google.common.w.a.d.o(PG:3)
03-23 22:06:23.834  1845  2298 E MendelPackageState: 	at com.google.android.libraries.u.c.a(PG:5)
03-23 22:06:23.834  1845  2298 E MendelPackageState: 	at com.google.android.gms.tasks.n.run(PG:1)
03-23 22:06:23.834  1845  2298 E MendelPackageState: 	at com.google.common.w.a.bg.execute(PG:1)
03-23 22:06:23.834  1845  2298 E MendelPackageState: 	at com.google.android.gms.tasks.o.c(PG:3)
03-23 22:06:23.834  1845  2298 E MendelPackageState: 	at com.google.android.gms.tasks.ad.b(PG:5)
03-23 22:06:23.834  1845  2298 E MendelPackageState: 	at com.google.android.gms.tasks.aj.w(PG:4)
03-23 22:06:23.834  1845  2298 E MendelPackageState: 	at com.google.android.gms.common.api.internal.ad.a(PG:13)
03-23 22:06:23.834  1845  2298 E MendelPackageState: 	at com.google.android.gms.common.api.internal.bk.k(PG:7)
03-23 22:06:23.834  1845  2298 E MendelPackageState: 	at com.google.android.gms.common.api.internal.bk.kx(PG:2)
03-23 22:06:23.834  1845  2298 E MendelPackageState: 	at com.google.android.gms.common.internal.aa.b(PG:1)
03-23 22:06:23.834  1845  2298 E MendelPackageState: 	at com.google.android.gms.common.internal.f.handleMessage(PG:27)
03-23 22:06:23.834  1845  2298 E MendelPackageState: 	at android.os.Handler.dispatchMessage(Handler.java:106)
03-23 22:06:23.834  1845  2298 E MendelPackageState: 	at android.os.Looper.loopOnce(Looper.java:205)
03-23 22:06:23.834  1845  2298 E MendelPackageState: 	at android.os.Looper.loop(Looper.java:294)
03-23 22:06:23.834  1845  2298 E MendelPackageState: 	at android.os.HandlerThread.run(HandlerThread.java:67)
03-23 22:06:23.834  1845  2298 E MendelPackageState: Caused by: com.google.android.gms.common.api.n: 20: The connection to Google Play services was lost due to service disconnection.
03-23 22:06:23.834  1845  2298 E MendelPackageState: 	at com.google.android.gms.common.api.internal.ad.a(PG:12)
03-23 22:06:23.834  1845  2298 E MendelPackageState: 	... 8 more
03-23 22:06:23.834  1845  2298 E MendelPackageState: Failed to commit to config
03-23 22:06:23.834  1845  2298 E MendelPackageState: com.google.android.libraries.phenotype.client.a.h: 20: 20: The connection to Google Play services was lost due to service disconnection.
03-23 22:06:23.834  1845  2298 E MendelPackageState: 	at com.google.android.libraries.phenotype.client.a.j.apply(PG:1)
03-23 22:06:23.834  1845  2298 E MendelPackageState: 	at com.google.common.w.a.a.e(PG:2)
03-23 22:06:23.834  1845  2298 E MendelPackageState: 	at com.google.common.w.a.c.run(PG:11)
03-23 22:06:23.834  1845  2298 E MendelPackageState: 	at com.google.common.w.a.bg.execute(PG:1)
03-23 22:06:23.834  1845  2298 E MendelPackageState: 	at com.google.common.w.a.d.i(PG:1)
03-23 22:06:23.834  1845  2298 E MendelPackageState: 	at com.google.common.w.a.d.l(PG:13)
03-23 22:06:23.834  1845  2298 E MendelPackageState: 	at com.google.common.w.a.d.o(PG:3)
03-23 22:06:23.834  1845  2298 E MendelPackageState: 	at com.google.android.libraries.u.c.a(PG:5)
03-23 22:06:23.834  1845  2298 E MendelPackageState: 	at com.google.android.gms.tasks.n.run(PG:1)
03-23 22:06:23.834  1845  2298 E MendelPackageState: 	at com.google.common.w.a.bg.execute(PG:1)
03-23 22:06:23.834  1845  2298 E MendelPackageState: 	at com.google.android.gms.tasks.o.c(PG:3)
03-23 22:06:23.834  1845  2298 E MendelPackageState: 	at com.google.android.gms.tasks.ad.b(PG:5)
03-23 22:06:23.834  1845  2298 E MendelPackageState: 	at com.google.android.gms.tasks.aj.w(PG:4)
03-23 22:06:23.834  1845  2298 E MendelPackageState: 	at com.google.android.gms.common.api.internal.ad.a(PG:13)
03-23 22:06:23.834  1845  2298 E MendelPackageState: 	at com.google.android.gms.common.api.internal.bk.k(PG:7)
03-23 22:06:23.834  1845  2298 E MendelPackageState: 	at com.google.android.gms.common.api.internal.bk.kx(PG:2)
03-23 22:06:23.834  1845  2298 E MendelPackageState: 	at com.google.android.gms.common.internal.aa.b(PG:1)
03-23 22:06:23.834  1845  2298 E MendelPackageState: 	at com.google.android.gms.common.internal.f.handleMessage(PG:27)
03-23 22:06:23.834  1845  2298 E MendelPackageState: 	at android.os.Handler.dispatchMessage(Handler.java:106)
03-23 22:06:23.834  1845  2298 E MendelPackageState: 	at android.os.Looper.loopOnce(Looper.java:205)
03-23 22:06:23.834  1845  2298 E MendelPackageState: 	at android.os.Looper.loop(Looper.java:294)
03-23 22:06:23.834  1845  2298 E MendelPackageState: 	at android.os.HandlerThread.run(HandlerThread.java:67)
03-23 22:06:23.834  1845  2298 E MendelPackageState: Caused by: com.google.android.gms.common.api.n: 20: The connection to Google Play services was lost due to service disconnection.
03-23 22:06:23.834  1845  2298 E MendelPackageState: 	at com.google.android.gms.common.api.internal.ad.a(PG:12)
03-23 22:06:23.834  1845  2298 E MendelPackageState: 	... 8 more
03-23 22:06:23.834  1845  2356 E MendelPackageState: Failed to commit to config
03-23 22:06:23.834  1845  2356 E MendelPackageState: com.google.android.libraries.phenotype.client.a.h: 20: 20: The connection to Google Play services was lost due to service disconnection.
03-23 22:06:23.834  1845  2356 E MendelPackageState: 	at com.google.android.libraries.phenotype.client.a.j.apply(PG:1)
03-23 22:06:23.834  1845  2356 E MendelPackageState: 	at com.google.common.w.a.a.e(PG:2)
03-23 22:06:23.834  1845  2356 E MendelPackageState: 	at com.google.common.w.a.c.run(PG:11)
03-23 22:06:23.834  1845  2356 E MendelPackageState: 	at com.google.common.w.a.bg.execute(PG:1)
03-23 22:06:23.834  1845  2356 E MendelPackageState: 	at com.google.common.w.a.d.i(PG:1)
03-23 22:06:23.834  1845  2356 E MendelPackageState: 	at com.google.common.w.a.d.l(PG:13)
03-23 22:06:23.834  1845  2356 E MendelPackageState: 	at com.google.common.w.a.d.o(PG:3)
03-23 22:06:23.834  1845  2356 E MendelPackageState: 	at com.google.android.libraries.u.c.a(PG:5)
03-23 22:06:23.834  1845  2356 E MendelPackageState: 	at com.google.android.gms.tasks.n.run(PG:1)
03-23 22:06:23.834  1845  2356 E MendelPackageState: 	at com.google.common.w.a.bg.execute(PG:1)
03-23 22:06:23.834  1845  2356 E MendelPackageState: 	at com.google.android.gms.tasks.o.c(PG:3)
03-23 22:06:23.834  1845  2356 E MendelPackageState: 	at com.google.android.gms.tasks.ad.b(PG:5)
03-23 22:06:23.834  1845  2356 E MendelPackageState: 	at com.google.android.gms.tasks.aj.w(PG:4)
03-23 22:06:23.834  1845  2356 E MendelPackageState: 	at com.google.android.gms.common.api.internal.ad.a(PG:13)
03-23 22:06:23.834  1845  2356 E MendelPackageState: 	at com.google.android.gms.common.api.internal.bk.k(PG:7)
03-23 22:06:23.834  1845  2356 E MendelPackageState: 	at com.google.android.gms.common.api.internal.bk.kx(PG:2)
03-23 22:06:23.834  1845  2356 E MendelPackageState: 	at com.google.android.gms.common.internal.aa.b(PG:1)
03-23 22:06:23.834  1845  2356 E MendelPackageState: 	at com.google.android.gms.common.internal.f.handleMessage(PG:27)
03-23 22:06:23.834  1845  2356 E MendelPackageState: 	at android.os.Handler.dispatchMessage(Handler.java:106)
03-23 22:06:23.834  1845  2356 E MendelPackageState: 	at android.os.Looper.loopOnce(Looper.java:205)
03-23 22:06:23.834  1845  2356 E MendelPackageState: 	at android.os.Looper.loop(Looper.java:294)
03-23 22:06:23.834  1845  2356 E MendelPackageState: 	at android.os.HandlerThread.run(HandlerThread.java:67)
03-23 22:06:23.834  1845  2356 E MendelPackageState: Caused by: com.google.android.gms.common.api.n: 20: The connection to Google Play services was lost due to service disconnection.
03-23 22:06:23.834  1845  2356 E MendelPackageState: 	at com.google.android.gms.common.api.internal.ad.a(PG:12)
03-23 22:06:23.834  1845  2356 E MendelPackageState: 	... 8 more
03-23 22:06:23.869   588  1529 E JobScheduler.JobStatus: App com.google.android.dialer became active but still in NEVER bucket
03-23 22:06:24.057  1845  1845 E ClientLoggingBackend: Logging to Clearcut failed.
03-23 22:06:24.057  1845  1845 E ClientLoggingBackend: com.google.android.gms.common.api.n: 20: The connection to Google Play services was lost due to service disconnection.
03-23 22:06:24.057  1845  1845 E ClientLoggingBackend: 	at com.google.android.libraries.u.b.a(PG:7)
03-23 22:06:24.057  1845  1845 E ClientLoggingBackend: 	at com.google.android.gms.common.api.internal.t.handleMessage(PG:6)
03-23 22:06:24.057  1845  1845 E ClientLoggingBackend: 	at android.os.Handler.dispatchMessage(Handler.java:106)
03-23 22:06:24.057  1845  1845 E ClientLoggingBackend: 	at android.os.Looper.loopOnce(Looper.java:205)
03-23 22:06:24.057  1845  1845 E ClientLoggingBackend: 	at android.os.Looper.loop(Looper.java:294)
03-23 22:06:24.057  1845  1845 E ClientLoggingBackend: 	at android.app.ActivityThread.main(ActivityThread.java:8177)
03-23 22:06:24.057  1845  1845 E ClientLoggingBackend: 	at java.lang.reflect.Method.invoke(Native Method)
03-23 22:06:24.057  1845  1845 E ClientLoggingBackend: 	at com.android.internal.os.RuntimeInit$MethodAndArgsCaller.run(RuntimeInit.java:552)
03-23 22:06:24.057  1845  1845 E ClientLoggingBackend: 	at com.android.internal.os.ZygoteInit.main(ZygoteInit.java:971)
03-23 22:06:24.060  1845  1845 E ClientLoggingBackend: Logging to Clearcut failed.
03-23 22:06:24.060  1845  1845 E ClientLoggingBackend: com.google.android.gms.common.api.n: 20: The connection to Google Play services was lost due to service disconnection.
03-23 22:06:24.060  1845  1845 E ClientLoggingBackend: 	at com.google.android.libraries.u.b.a(PG:7)
03-23 22:06:24.060  1845  1845 E ClientLoggingBackend: 	at com.google.android.gms.common.api.internal.t.handleMessage(PG:6)
03-23 22:06:24.060  1845  1845 E ClientLoggingBackend: 	at android.os.Handler.dispatchMessage(Handler.java:106)
03-23 22:06:24.060  1845  1845 E ClientLoggingBackend: 	at android.os.Looper.loopOnce(Looper.java:205)
03-23 22:06:24.060  1845  1845 E ClientLoggingBackend: 	at android.os.Looper.loop(Looper.java:294)
03-23 22:06:24.060  1845  1845 E ClientLoggingBackend: 	at android.app.ActivityThread.main(ActivityThread.java:8177)
03-23 22:06:24.060  1845  1845 E ClientLoggingBackend: 	at java.lang.reflect.Method.invoke(Native Method)
03-23 22:06:24.060  1845  1845 E ClientLoggingBackend: 	at com.android.internal.os.RuntimeInit$MethodAndArgsCaller.run(RuntimeInit.java:552)
03-23 22:06:24.060  1845  1845 E ClientLoggingBackend: 	at com.android.internal.os.ZygoteInit.main(ZygoteInit.java:971)
03-23 22:06:24.060  1845  1845 E ClientLoggingBackend: Logging to Clearcut failed.
03-23 22:06:24.060  1845  1845 E ClientLoggingBackend: com.google.android.gms.common.api.n: 20: The connection to Google Play services was lost due to service disconnection.
03-23 22:06:24.060  1845  1845 E ClientLoggingBackend: 	at com.google.android.libraries.u.b.a(PG:7)
03-23 22:06:24.060  1845  1845 E ClientLoggingBackend: 	at com.google.android.gms.common.api.internal.t.handleMessage(PG:6)
03-23 22:06:24.060  1845  1845 E ClientLoggingBackend: 	at android.os.Handler.dispatchMessage(Handler.java:106)
03-23 22:06:24.060  1845  1845 E ClientLoggingBackend: 	at android.os.Looper.loopOnce(Looper.java:205)
03-23 22:06:24.060  1845  1845 E ClientLoggingBackend: 	at android.os.Looper.loop(Looper.java:294)
03-23 22:06:24.060  1845  1845 E ClientLoggingBackend: 	at android.app.ActivityThread.main(ActivityThread.java:8177)
03-23 22:06:24.060  1845  1845 E ClientLoggingBackend: 	at java.lang.reflect.Method.invoke(Native Method)
03-23 22:06:24.060  1845  1845 E ClientLoggingBackend: 	at com.android.internal.os.RuntimeInit$MethodAndArgsCaller.run(RuntimeInit.java:552)
03-23 22:06:24.060  1845  1845 E ClientLoggingBackend: 	at com.android.internal.os.ZygoteInit.main(ZygoteInit.java:971)
03-23 22:06:24.065  1845  1845 E com.google.common.w.a.m: Got more than one input Future failure. Logging failures after the first
03-23 22:06:24.065  1845  1845 E com.google.common.w.a.m: com.google.android.gms.common.api.n: 20: The connection to Google Play services was lost due to service disconnection.
03-23 22:06:24.065  1845  1845 E com.google.common.w.a.m: 	at com.google.android.libraries.u.b.a(PG:7)
03-23 22:06:24.065  1845  1845 E com.google.common.w.a.m: 	at com.google.android.gms.common.api.internal.t.handleMessage(PG:6)
03-23 22:06:24.065  1845  1845 E com.google.common.w.a.m: 	at android.os.Handler.dispatchMessage(Handler.java:106)
03-23 22:06:24.065  1845  1845 E com.google.common.w.a.m: 	at android.os.Looper.loopOnce(Looper.java:205)
03-23 22:06:24.065  1845  1845 E com.google.common.w.a.m: 	at android.os.Looper.loop(Looper.java:294)
03-23 22:06:24.065  1845  1845 E com.google.common.w.a.m: 	at android.app.ActivityThread.main(ActivityThread.java:8177)
03-23 22:06:24.065  1845  1845 E com.google.common.w.a.m: 	at java.lang.reflect.Method.invoke(Native Method)
03-23 22:06:24.065  1845  1845 E com.google.common.w.a.m: 	at com.android.internal.os.RuntimeInit$MethodAndArgsCaller.run(RuntimeInit.java:552)
03-23 22:06:24.065  1845  1845 E com.google.common.w.a.m: 	at com.android.internal.os.ZygoteInit.main(ZygoteInit.java:971)
03-23 22:06:24.091  1845  2298 E A       : Event logging failed.
03-23 22:06:24.091  1845  2298 E A       : java.lang.IllegalStateException: Clearcut logging failed.
03-23 22:06:24.091  1845  2298 E A       : 	at com.google.android.libraries.search.b.o.a.b.apply(PG:1)
03-23 22:06:24.091  1845  2298 E A       : 	at com.google.apps.tiktok.tracing.ew.apply(PG:3)
03-23 22:06:24.091  1845  2298 E A       : 	at com.google.common.w.a.a.e(PG:2)
03-23 22:06:24.091  1845  2298 E A       : 	at com.google.common.w.a.c.run(PG:11)
03-23 22:06:24.091  1845  2298 E A       : 	at com.google.common.w.a.bg.execute(PG:1)
03-23 22:06:24.091  1845  2298 E A       : 	at com.google.common.w.a.d.i(PG:1)
03-23 22:06:24.091  1845  2298 E A       : 	at com.google.common.w.a.d.l(PG:13)
03-23 22:06:24.091  1845  2298 E A       : 	at com.google.common.w.a.d.o(PG:3)
03-23 22:06:24.091  1845  2298 E A       : 	at com.google.common.w.a.j.run(PG:7)
03-23 22:06:24.091  1845  2298 E A       : 	at com.google.common.w.a.bg.execute(PG:1)
03-23 22:06:24.091  1845  2298 E A       : 	at com.google.common.w.a.d.i(PG:1)
03-23 22:06:24.091  1845  2298 E A       : 	at com.google.common.w.a.d.l(PG:13)
03-23 22:06:24.091  1845  2298 E A       : 	at com.google.common.w.a.d.o(PG:3)
03-23 22:06:24.091  1845  2298 E A       : 	at com.google.android.libraries.u.b.a(PG:7)
03-23 22:06:24.091  1845  2298 E A       : 	at com.google.android.gms.common.api.internal.t.handleMessage(PG:6)
03-23 22:06:24.091  1845  2298 E A       : 	at android.os.Handler.dispatchMessage(Handler.java:106)
03-23 22:06:24.091  1845  2298 E A       : 	at android.os.Looper.loopOnce(Looper.java:205)
03-23 22:06:24.091  1845  2298 E A       : 	at android.os.Looper.loop(Looper.java:294)
03-23 22:06:24.091  1845  2298 E A       : 	at android.app.ActivityThread.main(ActivityThread.java:8177)
03-23 22:06:24.091  1845  2298 E A       : 	at java.lang.reflect.Method.invoke(Native Method)
03-23 22:06:24.091  1845  2298 E A       : 	at com.android.internal.os.RuntimeInit$MethodAndArgsCaller.run(RuntimeInit.java:552)
03-23 22:06:24.091  1845  2298 E A       : 	at com.android.internal.os.ZygoteInit.main(ZygoteInit.java:971)
03-23 22:06:24.091  1845  2298 E A       : Caused by: com.google.android.gms.common.api.n: 20: The connection to Google Play services was lost due to service disconnection.
03-23 22:06:24.091  1845  2298 E A       : 	... 9 more
03-23 22:06:24.183  1845  2144 E GIL     : com.google.android.gms.common.api.n: 20: The connection to Google Play services was lost due to service disconnection.
03-23 22:06:24.183  1845  2144 E GIL     : 	at com.google.android.libraries.u.b.a(PG:7)
03-23 22:06:24.183  1845  2144 E GIL     : 	at com.google.android.gms.common.api.internal.t.handleMessage(PG:6)
03-23 22:06:24.183  1845  2144 E GIL     : 	at android.os.Handler.dispatchMessage(Handler.java:106)
03-23 22:06:24.183  1845  2144 E GIL     : 	at android.os.Looper.loopOnce(Looper.java:205)
03-23 22:06:24.183  1845  2144 E GIL     : 	at android.os.Looper.loop(Looper.java:294)
03-23 22:06:24.183  1845  2144 E GIL     : 	at android.app.ActivityThread.main(ActivityThread.java:8177)
03-23 22:06:24.183  1845  2144 E GIL     : 	at java.lang.reflect.Method.invoke(Native Method)
03-23 22:06:24.183  1845  2144 E GIL     : 	at com.android.internal.os.RuntimeInit$MethodAndArgsCaller.run(RuntimeInit.java:552)
03-23 22:06:24.183  1845  2144 E GIL     : 	at com.android.internal.os.ZygoteInit.main(ZygoteInit.java:971)
03-23 22:06:24.462  3266  3266 E .gms.persistent: Not starting debugger since process cannot load the jdwp agent.
03-23 22:06:24.696   588   606 E JobScheduler.JobStatus: App com.google.android.dialer became active but still in NEVER bucket
03-23 22:06:24.760   588  1774 E JobScheduler.JobStatus: App com.google.android.dialer became active but still in NEVER bucket
03-23 22:06:24.810   588  1771 E JobScheduler.JobStatus: App com.google.android.dialer became active but still in NEVER bucket
03-23 22:06:24.830   588  1734 E JobScheduler.JobStatus: App com.google.android.dialer became active but still in NEVER bucket
03-23 22:06:25.378   588  1766 E JobScheduler.JobStatus: App com.google.android.dialer became active but still in NEVER bucket
03-23 22:06:25.392   588  1741 E JobScheduler.JobStatus: App com.google.android.dialer became active but still in NEVER bucket
03-23 22:06:25.510   588  1772 E JobScheduler.JobStatus: App com.google.android.dialer became active but still in NEVER bucket
03-23 22:06:25.512   588  1736 E JobScheduler.JobStatus: App com.google.android.dialer became active but still in NEVER bucket
03-23 22:06:25.519   588  1771 E JobScheduler.JobStatus: App com.google.android.dialer became active but still in NEVER bucket
03-23 22:06:25.523   588  1766 E JobScheduler.JobStatus: App com.google.android.dialer became active but still in NEVER bucket
03-23 22:06:25.536   588  1741 E JobScheduler.JobStatus: App com.google.android.dialer became active but still in NEVER bucket
03-23 22:06:25.717   588   765 E AppOps  : attributionTag VCN not declared in manifest of android
03-23 22:06:25.755   588  1736 E JobScheduler.JobStatus: App com.google.android.dialer became active but still in NEVER bucket
03-23 22:06:25.756  1603  1603 E VS.BluetoothShim: Error locating SCO method
03-23 22:06:25.756  1603  1603 E VS.BluetoothShim: java.lang.NoSuchMethodException: android.bluetooth.BluetoothHeadset.startScoUsingVirtualVoiceCall [class android.bluetooth.BluetoothDevice]
03-23 22:06:25.756  1603  1603 E VS.BluetoothShim: 	at java.lang.Class.getMethod(Class.java:2937)
03-23 22:06:25.756  1603  1603 E VS.BluetoothShim: 	at java.lang.Class.getMethod(Class.java:2449)
03-23 22:06:25.756  1603  1603 E VS.BluetoothShim: 	at com.google.android.apps.gsa.speech.audio.a.l.<clinit>(PG:1)
03-23 22:06:25.756  1603  1603 E VS.BluetoothShim: 	at com.google.android.apps.gsa.speech.audio.a.i.onServiceConnected(PG:1)
03-23 22:06:25.756  1603  1603 E VS.BluetoothShim: 	at android.bluetooth.BluetoothProfileConnector$3.handleMessage(BluetoothProfileConnector.java:234)
03-23 22:06:25.756  1603  1603 E VS.BluetoothShim: 	at android.os.Handler.dispatchMessage(Handler.java:106)
03-23 22:06:25.756  1603  1603 E VS.BluetoothShim: 	at android.os.Looper.loopOnce(Looper.java:205)
03-23 22:06:25.756  1603  1603 E VS.BluetoothShim: 	at android.os.Looper.loop(Looper.java:294)
03-23 22:06:25.756  1603  1603 E VS.BluetoothShim: 	at android.app.ActivityThread.main(ActivityThread.java:8177)
03-23 22:06:25.756  1603  1603 E VS.BluetoothShim: 	at java.lang.reflect.Method.invoke(Native Method)
03-23 22:06:25.756  1603  1603 E VS.BluetoothShim: 	at com.android.internal.os.RuntimeInit$MethodAndArgsCaller.run(RuntimeInit.java:552)
03-23 22:06:25.756  1603  1603 E VS.BluetoothShim: 	at com.android.internal.os.ZygoteInit.main(ZygoteInit.java:971)
03-23 22:06:25.761   588  1736 E JobScheduler.JobStatus: App com.google.android.dialer became active but still in NEVER bucket
03-23 22:06:25.769   588  1774 E JobScheduler.JobStatus: App com.google.android.dialer became active but still in NEVER bucket
03-23 22:06:25.793   588  1766 E JobScheduler.JobStatus: App com.google.android.dialer became active but still in NEVER bucket
03-23 22:06:25.799   588  1736 E JobScheduler.JobStatus: App com.google.android.dialer became active but still in NEVER bucket
03-23 22:06:25.887   588  1741 E JobScheduler.JobStatus: App com.google.android.dialer became active but still in NEVER bucket
03-23 22:06:25.974   588  1772 E IPCThreadState: Binder transaction failure: 78466/29189/-22
03-23 22:06:26.521   588  1771 E JobScheduler.JobStatus: App com.google.android.dialer became active but still in NEVER bucket
03-23 22:06:26.576   588  1772 E JobScheduler.JobStatus: App com.google.android.dialer became active but still in NEVER bucket
03-23 22:06:26.605   939   999 E SystemServiceRegistry: No service published for: ethernet
03-23 22:06:26.605   939   999 E SystemServiceRegistry: android.os.ServiceManager$ServiceNotFoundException: No service published for: ethernet
03-23 22:06:26.605   939   999 E SystemServiceRegistry: 	at android.os.ServiceManager.getServiceOrThrow(ServiceManager.java:166)
03-23 22:06:26.605   939   999 E SystemServiceRegistry: 	at android.app.SystemServiceRegistry$139.createService(SystemServiceRegistry.java:1872)
03-23 22:06:26.605   939   999 E SystemServiceRegistry: 	at android.app.SystemServiceRegistry$CachedServiceFetcher.getService(SystemServiceRegistry.java:1971)
03-23 22:06:26.605   939   999 E SystemServiceRegistry: 	at android.app.SystemServiceRegistry.getSystemService(SystemServiceRegistry.java:1645)
03-23 22:06:26.605   939   999 E SystemServiceRegistry: 	at android.app.ContextImpl.getSystemService(ContextImpl.java:2212)
03-23 22:06:26.605   939   999 E SystemServiceRegistry: 	at android.content.ContextWrapper.getSystemService(ContextWrapper.java:934)
03-23 22:06:26.605   939   999 E SystemServiceRegistry: 	at com.android.networkstack.tethering.Tethering.isEthernetSupported(Tethering.java:1582)
03-23 22:06:26.605   939   999 E SystemServiceRegistry: 	at com.android.networkstack.tethering.Tethering.makeSupportedDownstreams(Tethering.java:2550)
03-23 22:06:26.605   939   999 E SystemServiceRegistry: 	at com.android.networkstack.tethering.Tethering.updateSupportedDownstreams(Tethering.java:2524)
03-23 22:06:26.605   939   999 E SystemServiceRegistry: 	at com.android.networkstack.tethering.Tethering.updateConfiguration(Tethering.java:546)
03-23 22:06:26.605   939   999 E SystemServiceRegistry: 	at com.android.networkstack.tethering.Tethering.lambda$new$3(Tethering.java:345)
03-23 22:06:26.605   939   999 E SystemServiceRegistry: 	at com.android.networkstack.tethering.Tethering.$r8$lambda$bts3FsOwVdwDhrwMjvAr9kV3Jgs(Tethering.java:0)
03-23 22:06:26.605   939   999 E SystemServiceRegistry: 	at com.android.networkstack.tethering.Tethering$$ExternalSyntheticLambda7.accept(R8$$SyntheticClass:0)
03-23 22:06:26.605   939   999 E SystemServiceRegistry: 	at com.android.networkstack.tethering.util.VersionedBroadcastListener$Receiver.onReceive(VersionedBroadcastListener.java:103)
03-23 22:06:26.605   939   999 E SystemServiceRegistry: 	at android.app.LoadedApk$ReceiverDispatcher$Args.lambda$getRunnable$0(LoadedApk.java:1802)
03-23 22:06:26.605   939   999 E SystemServiceRegistry: 	at android.app.LoadedApk$ReceiverDispatcher$Args.$r8$lambda$gDuJqgxY6Zb-ifyeubKeivTLAwk(Unknown Source:0)
03-23 22:06:26.605   939   999 E SystemServiceRegistry: 	at android.app.LoadedApk$ReceiverDispatcher$Args$$ExternalSyntheticLambda0.run(Unknown Source:2)
03-23 22:06:26.605   939   999 E SystemServiceRegistry: 	at android.os.Handler.handleCallback(Handler.java:958)
03-23 22:06:26.605   939   999 E SystemServiceRegistry: 	at android.os.Handler.dispatchMessage(Handler.java:99)
03-23 22:06:26.605   939   999 E SystemServiceRegistry: 	at android.os.Looper.loopOnce(Looper.java:205)
03-23 22:06:26.605   939   999 E SystemServiceRegistry: 	at android.os.Looper.loop(Looper.java:294)
03-23 22:06:26.605   939   999 E SystemServiceRegistry: 	at android.os.HandlerThread.run(HandlerThread.java:67)
03-23 22:06:26.616   939   999 E SystemServiceRegistry: No service published for: ethernet
03-23 22:06:26.616   939   999 E SystemServiceRegistry: android.os.ServiceManager$ServiceNotFoundException: No service published for: ethernet
03-23 22:06:26.616   939   999 E SystemServiceRegistry: 	at android.os.ServiceManager.getServiceOrThrow(ServiceManager.java:166)
03-23 22:06:26.616   939   999 E SystemServiceRegistry: 	at android.app.SystemServiceRegistry$139.createService(SystemServiceRegistry.java:1872)
03-23 22:06:26.616   939   999 E SystemServiceRegistry: 	at android.app.SystemServiceRegistry$CachedServiceFetcher.getService(SystemServiceRegistry.java:1971)
03-23 22:06:26.616   939   999 E SystemServiceRegistry: 	at android.app.SystemServiceRegistry.getSystemService(SystemServiceRegistry.java:1645)
03-23 22:06:26.616   939   999 E SystemServiceRegistry: 	at android.app.ContextImpl.getSystemService(ContextImpl.java:2212)
03-23 22:06:26.616   939   999 E SystemServiceRegistry: 	at android.content.ContextWrapper.getSystemService(ContextWrapper.java:934)
03-23 22:06:26.616   939   999 E SystemServiceRegistry: 	at com.android.networkstack.tethering.Tethering.isEthernetSupported(Tethering.java:1582)
03-23 22:06:26.616   939   999 E SystemServiceRegistry: 	at com.android.networkstack.tethering.Tethering.makeSupportedDownstreams(Tethering.java:2550)
03-23 22:06:26.616   939   999 E SystemServiceRegistry: 	at com.android.networkstack.tethering.Tethering.updateSupportedDownstreams(Tethering.java:2524)
03-23 22:06:26.616   939   999 E SystemServiceRegistry: 	at com.android.networkstack.tethering.Tethering.updateConfiguration(Tethering.java:546)
03-23 22:06:26.616   939   999 E SystemServiceRegistry: 	at com.android.networkstack.tethering.Tethering.-$$Nest$mupdateConfiguration(Tethering.java:0)
03-23 22:06:26.616   939   999 E SystemServiceRegistry: 	at com.android.networkstack.tethering.Tethering$StateReceiver.onReceive(Tethering.java:1184)
03-23 22:06:26.616   939   999 E SystemServiceRegistry: 	at android.app.LoadedApk$ReceiverDispatcher$Args.lambda$getRunnable$0(LoadedApk.java:1802)
03-23 22:06:26.616   939   999 E SystemServiceRegistry: 	at android.app.LoadedApk$ReceiverDispatcher$Args.$r8$lambda$gDuJqgxY6Zb-ifyeubKeivTLAwk(Unknown Source:0)
03-23 22:06:26.616   939   999 E SystemServiceRegistry: 	at android.app.LoadedApk$ReceiverDispatcher$Args$$ExternalSyntheticLambda0.run(Unknown Source:2)
03-23 22:06:26.616   939   999 E SystemServiceRegistry: 	at android.os.Handler.handleCallback(Handler.java:958)
03-23 22:06:26.616   939   999 E SystemServiceRegistry: 	at android.os.Handler.dispatchMessage(Handler.java:99)
03-23 22:06:26.616   939   999 E SystemServiceRegistry: 	at android.os.Looper.loopOnce(Looper.java:205)
03-23 22:06:26.616   939   999 E SystemServiceRegistry: 	at android.os.Looper.loop(Looper.java:294)
03-23 22:06:26.616   939   999 E SystemServiceRegistry: 	at android.os.HandlerThread.run(HandlerThread.java:67)
03-23 22:06:26.693   939   999 E SystemServiceRegistry: No service published for: ethernet
03-23 22:06:26.693   939   999 E SystemServiceRegistry: android.os.ServiceManager$ServiceNotFoundException: No service published for: ethernet
03-23 22:06:26.693   939   999 E SystemServiceRegistry: 	at android.os.ServiceManager.getServiceOrThrow(ServiceManager.java:166)
03-23 22:06:26.693   939   999 E SystemServiceRegistry: 	at android.app.SystemServiceRegistry$139.createService(SystemServiceRegistry.java:1872)
03-23 22:06:26.693   939   999 E SystemServiceRegistry: 	at android.app.SystemServiceRegistry$CachedServiceFetcher.getService(SystemServiceRegistry.java:1971)
03-23 22:06:26.693   939   999 E SystemServiceRegistry: 	at android.app.SystemServiceRegistry.getSystemService(SystemServiceRegistry.java:1645)
03-23 22:06:26.693   939   999 E SystemServiceRegistry: 	at android.app.ContextImpl.getSystemService(ContextImpl.java:2212)
03-23 22:06:26.693   939   999 E SystemServiceRegistry: 	at android.content.ContextWrapper.getSystemService(ContextWrapper.java:934)
03-23 22:06:26.693   939   999 E SystemServiceRegistry: 	at com.android.networkstack.tethering.Tethering.isEthernetSupported(Tethering.java:1582)
03-23 22:06:26.693   939   999 E SystemServiceRegistry: 	at com.android.networkstack.tethering.Tethering.makeSupportedDownstreams(Tethering.java:2550)
03-23 22:06:26.693   939   999 E SystemServiceRegistry: 	at com.android.networkstack.tethering.Tethering.updateSupportedDownstreams(Tethering.java:2524)
03-23 22:06:26.693   939   999 E SystemServiceRegistry: 	at com.android.networkstack.tethering.Tethering.updateConfiguration(Tethering.java:546)
03-23 22:06:26.693   939   999 E SystemServiceRegistry: 	at com.android.networkstack.tethering.Tethering.lambda$new$3(Tethering.java:345)
03-23 22:06:26.693   939   999 E SystemServiceRegistry: 	at com.android.networkstack.tethering.Tethering.$r8$lambda$bts3FsOwVdwDhrwMjvAr9kV3Jgs(Tethering.java:0)
03-23 22:06:26.693   939   999 E SystemServiceRegistry: 	at com.android.networkstack.tethering.Tethering$$ExternalSyntheticLambda7.accept(R8$$SyntheticClass:0)
03-23 22:06:26.693   939   999 E SystemServiceRegistry: 	at com.android.networkstack.tethering.util.VersionedBroadcastListener$Receiver.onReceive(VersionedBroadcastListener.java:103)
03-23 22:06:26.693   939   999 E SystemServiceRegistry: 	at android.app.LoadedApk$ReceiverDispatcher$Args.lambda$getRunnable$0(LoadedApk.java:1802)
03-23 22:06:26.693   939   999 E SystemServiceRegistry: 	at android.app.LoadedApk$ReceiverDispatcher$Args.$r8$lambda$gDuJqgxY6Zb-ifyeubKeivTLAwk(Unknown Source:0)
03-23 22:06:26.693   939   999 E SystemServiceRegistry: 	at android.app.LoadedApk$ReceiverDispatcher$Args$$ExternalSyntheticLambda0.run(Unknown Source:2)
03-23 22:06:26.693   939   999 E SystemServiceRegistry: 	at android.os.Handler.handleCallback(Handler.java:958)
03-23 22:06:26.693   939   999 E SystemServiceRegistry: 	at android.os.Handler.dispatchMessage(Handler.java:99)
03-23 22:06:26.693   939   999 E SystemServiceRegistry: 	at android.os.Looper.loopOnce(Looper.java:205)
03-23 22:06:26.693   939   999 E SystemServiceRegistry: 	at android.os.Looper.loop(Looper.java:294)
03-23 22:06:26.693   939   999 E SystemServiceRegistry: 	at android.os.HandlerThread.run(HandlerThread.java:67)
03-23 22:06:26.977   588  1246 E JobScheduler.JobStatus: App com.google.android.dialer became active but still in NEVER bucket
03-23 22:06:27.106  3341  3341 E viceentitlement: Not starting debugger since process cannot load the jdwp agent.
03-23 22:06:27.160   588   721 E JobScheduler.JobStatus: App com.google.android.dialer became active but still in NEVER bucket
03-23 22:06:27.564   588  1738 E JobScheduler.JobStatus: App com.google.android.dialer became active but still in NEVER bucket
03-23 22:06:27.827  1269  1318 E CellBroadcastConfigService: fails to setCellBroadcastRanges, result = 2
03-23 22:06:27.875  2033  3347 E RoleControllerServiceImpl: Default/fallback role holder package doesn't qualify for the role, package: com.google.android.gms.supervision, role: android.app.role.SYSTEM_SUPERVISION
03-23 22:06:27.886  2033  3347 E RoleControllerServiceImpl: Default/fallback role holder package doesn't qualify for the role, package: com.google.android.gms, role: android.app.role.SYSTEM_CALL_STREAMING
03-23 22:06:28.373  3389  3389 E rrierdefaultapp: Not starting debugger since process cannot load the jdwp agent.
03-23 22:06:28.411  3101  3250 E tflite  : third_party/tensorflow/lite/core/subgraph.cc:903 tensor.data.raw != nullptr was not true.
03-23 22:06:28.870  1537  2099 E AiAiTextClassifier: [TcLibModelManagerImpl]: updateBackupModel: Failed to get AssetFileDescriptor from backup path: textclassifier/annotator.universal.model.
03-23 22:06:28.870  1537  2099 E AiAiTextClassifier: java.io.FileNotFoundException: [AssetFileDescriptorOpener]: getAssetFileDescriptorFromPath: Model file: textclassifier/annotator.universal.model was not found.
03-23 22:06:28.870  1537  2099 E AiAiTextClassifier: 	at img.a(PG:2)
03-23 22:06:28.870  1537  2099 E AiAiTextClassifier: 	at inh.g(PG:1)
03-23 22:06:28.870  1537  2099 E AiAiTextClassifier: 	at inh.d(PG:1)
03-23 22:06:28.870  1537  2099 E AiAiTextClassifier: 	at inh.e(PG:3)
03-23 22:06:28.870  1537  2099 E AiAiTextClassifier: 	at csy.b(PG:30)
03-23 22:06:28.870  1537  2099 E AiAiTextClassifier: 	at ofb.run(PG:6)
03-23 22:06:28.870  1537  2099 E AiAiTextClassifier: 	at java.util.concurrent.Executors$RunnableAdapter.call(Executors.java:487)
03-23 22:06:28.870  1537  2099 E AiAiTextClassifier: 	at java.util.concurrent.FutureTask.run(FutureTask.java:264)
03-23 22:06:28.870  1537  2099 E AiAiTextClassifier: 	at java.util.concurrent.ScheduledThreadPoolExecutor$ScheduledFutureTask.run(ScheduledThreadPoolExecutor.java:307)
03-23 22:06:28.870  1537  2099 E AiAiTextClassifier: 	at java.util.concurrent.ThreadPoolExecutor.runWorker(ThreadPoolExecutor.java:1145)
03-23 22:06:28.870  1537  2099 E AiAiTextClassifier: 	at java.util.concurrent.ThreadPoolExecutor$Worker.run(ThreadPoolExecutor.java:644)
03-23 22:06:28.870  1537  2099 E AiAiTextClassifier: 	at dgq.run(PG:67)
03-23 22:06:28.870  1537  2099 E AiAiTextClassifier: 	at java.lang.Thread.run(Thread.java:1012)
03-23 22:06:29.041   588   588 E IPCThreadState: Binder transaction failure: 83078/29189/-22
03-23 22:06:29.042   588   588 E IPCThreadState: Binder transaction failure: 83079/29189/-22
03-23 22:06:29.960  3449  3449 E android.camera2: Not starting debugger since process cannot load the jdwp agent.
03-23 22:06:29.994   588   685 E JobScheduler.Quota: <0>com.google.android.apps.photos has 0 EJ quota without running anything
03-23 22:06:30.394  1845  2298 E A       : (REDACTED) %s
03-23 22:06:30.394  1845  2298 E A       : java.util.concurrent.TimeoutException
03-23 22:06:30.394  1845  2298 E A       : 	at com.google.android.apps.gsa.shared.util.c.x.run(PG:2)
03-23 22:06:30.394  1845  2298 E A       : 	at com.google.android.libraries.gsa.k.a.h.run(PG:2)
03-23 22:06:30.394  1845  2298 E A       : 	at com.google.android.apps.gsa.shared.util.c.a.cf.b(PG:1)
03-23 22:06:30.394  1845  2298 E A       : 	at com.google.android.apps.gsa.shared.util.c.a.ci.run(PG:1)
03-23 22:06:30.394  1845  2298 E A       : 	at java.util.concurrent.Executors$RunnableAdapter.call(Executors.java:487)
03-23 22:06:30.394  1845  2298 E A       : 	at java.util.concurrent.FutureTask.run(FutureTask.java:264)
03-23 22:06:30.394  1845  2298 E A       : 	at java.util.concurrent.ThreadPoolExecutor.runWorker(ThreadPoolExecutor.java:1145)
