03-23 22:06:10.745   588  1918 E ActivityManager:   32% 1410/com.google.android.inputmethod.latin: 24% user + 8.6% kernel / faults: 1498 minor
03-23 22:06:10.745   588  1918 E ActivityManager:     12% 1419/HeapTaskDaemon: 11% user + 0.9% kernel
03-23 22:06:10.745   588  1918 E ActivityManager:     9.6% 1410/putmethod.latin: 7.7% user + 1.9% kernel
03-23 22:06:10.745   588  1918 E ActivityManager:     0.9% 1418/Jit thread pool: 0% user + 0.9% kernel
03-23 22:06:10.745   588  1918 E ActivityManager:    +0% 1980/RenderThread: 0% user + 0% kernel
03-23 22:06:10.745   588  1918 E ActivityManager:    +0% 1987/binder:1410_4: 0% user + 0% kernel
03-23 22:06:10.745   588  1918 E ActivityManager:    +0% 1999/Back-P10-1: 0% user + 0% kernel
03-23 22:06:10.745   588  1918 E ActivityManager:    +0% 2000/GoogleApiHandle: 0% user + 0% kernel
03-23 22:06:10.745   588  1918 E ActivityManager:   24% 377/android.hardware.graphics.composer3-service.ranchu: 2.6% user + 22% kernel
03-23 22:06:10.745   588  1918 E ActivityManager:     23% 535/binder:377_3: 2.6% user + 20% kernel
03-23 22:06:10.745   588  1918 E ActivityManager:     2.6% 533/binder:377_1: 1.3% user + 1.3% kernel
03-23 22:06:10.745   588  1918 E ActivityManager:   24% 388/surfaceflinger: 6.5% user + 18% kernel / faults: 6 minor
03-23 22:06:10.745   588  1918 E ActivityManager:     6.5% 388/surfaceflinger: 2.6% user + 3.9% kernel
03-23 22:06:10.745   588  1918 E ActivityManager:     3.9% 538/app: 0% user + 3.9% kernel
03-23 22:06:10.745   588  1918 E ActivityManager:     2.6% 505/binder:388_2: 0% user + 2.6% kernel
03-23 22:06:10.745   588  1918 E ActivityManager:     2.6% 537/TimerDispatch: 0% user + 2.6% kernel
03-23 22:06:10.745   588  1918 E ActivityManager:     2.6% 548/surfaceflinger: 0% user + 2.6% kernel
03-23 22:06:10.745   588  1918 E ActivityManager:     1.3% 507/surfaceflinger: 1.3% user + 0% kernel
03-23 22:06:10.745   588  1918 E ActivityManager:     1.3% 539/appSf: 0% user + 1.3% kernel
03-23 22:06:10.745   588  1918 E ActivityManager:     1.3% 542/surfaceflinger: 0% user + 1.3% kernel
03-23 22:06:10.745   588  1918 E ActivityManager:     1.3% 555/binder:388_3: 0% user + 1.3% kernel
03-23 22:06:10.745   588  1918 E ActivityManager:     1.3% 966/binder:388_5: 0% user + 1.3% kernel
03-23 22:06:10.745   588  1918 E ActivityManager:   10% 1620/com.google.android.apps.messaging:rcs: 7.9% user + 2.6% kernel / faults: 822 minor 1 major
03-23 22:06:10.745   588  1918 E ActivityManager:     3.5% 1620/s.messaging:rcs: 2.6% user + 0.8% kernel
03-23 22:06:10.745   588  1918 E ActivityManager:     2.6% 1979/s.messaging:rcs: 1.7% user + 0.8% kernel
03-23 22:06:10.745   588  1918 E ActivityManager:    +0% 1981/Blocking Thread: 0% user + 0% kernel
03-23 22:06:10.745   588  1918 E ActivityManager:    +0% 1982/BG Thread #1: 0% user + 0% kernel
03-23 22:06:10.745   588  1918 E ActivityManager:    +0% 2006/BG Thread #2: 0% user + 0% kernel
03-23 22:06:10.745   588  1918 E ActivityManager:   10% 847/com.android.systemui: 6.2% user + 3.7% kernel / faults: 46 minor
03-23 22:06:10.745   588  1918 E ActivityManager:     5% 847/ndroid.systemui: 3.7% user + 1.2% kernel
03-23 22:06:10.745   588  1918 E ActivityManager:     1.2% 870/binder:847_1: 1.2% user + 0% kernel
03-23 22:06:10.745   588  1918 E ActivityManager:     1.2% 871/binder:847_2: 1.2% user + 0% kernel
03-23 22:06:10.745   588  1918 E ActivityManager:     1.2% 1796/binder:847_8: 0% user + 1.2% kernel
03-23 22:06:10.745   588  1918 E ActivityManager:    +0% 1989/binder:847_9: 0% user + 0% kernel
03-23 22:06:10.745   588  1918 E ActivityManager:   7% 1845/com.google.android.googlequicksearchbox:search: 1.7% user + 5.2% kernel / faults: 1024 minor
03-23 22:06:10.745   588  1918 E ActivityManager:     6.1% 1845/earchbox:search: 1.7% user + 4.4% kernel
03-23 22:06:10.745   588  1918 E ActivityManager:    +0% 2008/SplitCompatBack: 0% user + 0% kernel
03-23 22:06:10.745   588  1918 E ActivityManager:   6.1% 1808/com.google.android.apps.youtube.music: 2.6% user + 3.5% kernel / faults: 1474 minor 11 major
03-23 22:06:10.745   588  1918 E ActivityManager:     5.2% 1808/s.youtube.music: 1.7% user + 3.5% kernel
03-23 22:06:10.745   588  1918 E ActivityManager:   5.8% 1537/com.google.android.as: 4.8% user + 0.9% kernel / faults: 187 minor 2 major
03-23 22:06:10.745   588  1918 E ActivityManager:     3.8% 1537/ogle.android.as: 3.8% user + 0% kernel
03-23 22:06:10.745   588  1918 E ActivityManager:    +0% 1977/BG Thread #0: 0% user + 0% kernel
03-23 22:06:10.745   588  1918 E ActivityManager:    +0% 1993/android.bg: 0% user + 0% kernel
03-23 22:06:10.745   588  1918 E ActivityManager:    +0% 2002/BG Thread #0: 0% user + 0% kernel
03-23 22:06:10.745   588  1918 E ActivityManager:    +0% 2004/ogle.android.as: 0% user + 0% kernel
03-23 22:06:10.745   588  1918 E ActivityManager:   5.9% 1561/android.process.acore: 3.9% user + 1.9% kernel / faults: 185 minor
03-23 22:06:10.745   588  1918 E ActivityManager:     2.9% 1817/Worker-1: 0.9% user + 1.9% kernel
03-23 22:06:10.745   588  1918 E ActivityManager:     1.9% 1588/binder:1561_2: 0.9% user + 0.9% kernel
03-23 22:06:10.745   588  1918 E ActivityManager:     0.9% 1869/binder:1561_5: 0.9% user + 0% kernel
03-23 22:06:10.745   588  1918 E ActivityManager:   5.2% 1603/com.google.android.googlequicksearchbox:interactor: 4.3% user + 0.8% kernel / faults: 182 minor
03-23 22:06:10.745   588  1918 E ActivityManager:     4.3% 1603/hbox:interactor: 4.3% user + 0% kernel
03-23 22:06:10.745   588  1918 E ActivityManager:    +0% 1983/Lite Thread #0: 0% user + 0% kernel
03-23 22:06:10.745   588  1918 E ActivityManager:    +0% 1990/BG Thread #0: 0% user + 0% kernel
03-23 22:06:10.745   588  1918 E ActivityManager:   5.2% 1913/com.google.android.onetimeinitializer: 2.6% user + 2.6% kernel / faults: 1423 minor 8 major
03-23 22:06:10.745   588  1918 E ActivityManager:     5.2% 1913/re-initialized>: 2.6% user + 2.6% kernel
03-23 22:06:10.745   588  1918 E ActivityManager:    +0% 1994/Profile Saver: 0% user + 0% kernel
03-23 22:06:10.745   588  1918 E ActivityManager:   4.4% 1838/com.google.process.gservices: 2.6% user + 1.7% kernel / faults: 713 minor 3 major
03-23 22:06:10.745   588  1918 E ActivityManager:     2.6% 1838/ocess.gservices: 1.7% user + 0.8% kernel
03-23 22:06:10.745   588  1918 E ActivityManager:    +0% 1996/GoogleApiHandle: 0% user + 0% kernel
03-23 22:06:10.745   588  1918 E ActivityManager:   4.4% 1926/zygote64: 0.8% user + 3.5% kernel / faults: 1414 minor 6 major
03-23 22:06:10.745   588  1918 E ActivityManager:     0.8% 1926/gearhead:shared: 0% user + 0.8% kernel
03-23 22:06:10.745   588  1918 E ActivityManager:    +0% 1984/binder:1926_1: 0% user + 0% kernel
03-23 22:06:10.745   588  1918 E ActivityManager:    +0% 1985/binder:1926_2: 0% user + 0% kernel
03-23 22:06:10.745   588  1918 E ActivityManager:    +0% 1992/binder:1926_3: 0% user + 0% kernel
03-23 22:06:10.745   588  1918 E ActivityManager:    +0% 2003/binder:1926_4: 0% user + 0% kernel
03-23 22:06:10.745   588  1918 E ActivityManager:   4% 939/com.android.networkstack.process: 4% user + 0% kernel / faults: 105 minor
03-23 22:06:10.745   588  1918 E ActivityManager:     3% 1183/IpClient.wlan0: 3% user + 0% kernel
03-23 22:06:10.745   588  1918 E ActivityManager:     1% 948/HeapTaskDaemon: 1% user + 0% kernel
03-23 22:06:10.745   588  1918 E ActivityManager:   3.8% 1164/com.google.android.apps.nexuslauncher: 1.9% user + 1.9% kernel / faults: 19 minor
03-23 22:06:10.745   588  1918 E ActivityManager:     2.8% 1164/s.nexuslauncher: 0.9% user + 1.9% kernel
03-23 22:06:10.745   588  1918 E ActivityManager:   3.5% 1889/com.android.localtransport: 0.8% user + 2.6% kernel / faults: 333 minor
03-23 22:06:10.745   588  1918 E ActivityManager:     2.6% 1889/.localtransport: 0.8% user + 1.7% kernel
03-23 22:06:10.745   588  1918 E ActivityManager:   3.5% 1916/com.google.android.youtube: 1.7% user + 1.7% kernel / faults: 661 minor
03-23 22:06:10.745   588  1918 E ActivityManager:     3.5% 1916/re-initialized>: 1.7% user + 1.7% kernel
03-23 22:06:10.745   588  1918 E ActivityManager:   3.9% 422/logcat: 0% user + 3.9% kernel
03-23 22:06:10.745   588  1918 E ActivityManager:   2.9% 1510/com.google.android.providers.media.module: 1.9% user + 0.9% kernel / faults: 20 minor
03-23 22:06:10.745   588  1918 E ActivityManager:     0.9% 1510/rs.media.module: 0% user + 0.9% kernel
03-23 22:06:10.745   588  1918 E ActivityManager:     0.9% 1807/fg: 0% user + 0.9% kernel
03-23 22:06:10.745   588  1918 E ActivityManager:   2.4% 150/logd: 0% user + 2.4% kernel / faults: 5 minor
03-23 22:06:10.745   588  1918 E ActivityManager:     1.2% 162/logd.writer: 0% user + 1.2% kernel
03-23 22:06:10.745   588  1918 E ActivityManager:     1.2% 1495/logd.reader.per: 0% user + 1.2% kernel
03-23 22:06:10.745   588  1918 E ActivityManager:   2.4% 153/servicemanager: 2.4% user + 0% kernel
03-23 22:06:10.745   588  1918 E ActivityManager:   2.6% 398/adbd: 0% user + 2.6% kernel / faults: 3 minor
03-23 22:06:10.745   588  1918 E ActivityManager:     2.6% 398/adbd: 0% user + 2.6% kernel
03-23 22:06:10.745   588  1918 E ActivityManager:   1.9% 1489/logcat: 0% user + 1.9% kernel
03-23 22:06:10.745   588  1918 E ActivityManager:   1.6% 14/rcu_preempt: 0% user + 1.6% kernel
03-23 22:06:10.745   588  1918 E ActivityManager:   1.6% 65/kworker/1:1-virtio_vsock: 0% user + 1.6% kernel
03-23 22:06:10.745   588  1918 E ActivityManager:   1.6% 66/kworker/2:1-virtio_vsock: 0% user + 1.6% kernel
03-23 22:06:10.745   588  1918 E ActivityManager:   1.2% 349/statsd: 0% user + 1.2% kernel
03-23 22:06:10.745   588  1918 E ActivityManager:   1.2% 350/netd: 0% user + 1.2% kernel / faults: 5 minor
03-23 22:06:10.745   588  1918 E ActivityManager:     1.2% 423/binder:350_3: 1.2% user + 0% kernel
03-23 22:06:10.745   588  1918 E ActivityManager:   1.3% 367/android.hardware.sensors-service.multihal: 1.3% user + 0% kernel
03-23 22:06:10.745   588  1918 E ActivityManager:   1.3% 385/audioserver: 0% user + 1.3% kernel / faults: 1 minor
03-23 22:06:10.745   588  1918 E ActivityManager:     1.3% 493/binder:385_1: 0% user + 1.3% kernel
03-23 22:06:10.745   588  1918 E ActivityManager:   1% 927/webview_zygote: 1% user + 0% kernel / faults: 409 minor
03-23 22:06:10.745   588  1918 E ActivityManager:     1% 935/HeapTaskDaemon: 1% user + 0% kernel
03-23 22:06:10.745   588  1918 E ActivityManager:   1% 1003/com.google.android.bluetooth: 1% user + 0% kernel / faults: 6 minor
03-23 22:06:10.745   588  1918 E ActivityManager:     1% 1003/droid.bluetooth: 1% user + 0% kernel
03-23 22:06:10.745   588  1918 E ActivityManager:   0.9% 1431/com.google.android.apps.wellbeing: 0.9% user + 0% kernel / faults: 25 minor
03-23 22:06:10.745   588  1918 E ActivityManager:   0.8% 1882/kworker/0:3-events: 0% user + 0.8% kernel
03-23 22:06:10.745   588  1918 E ActivityManager: 90% TOTAL: 29% user + 38% kernel + 0.9% iowait + 22% irq + 0.4% softirq
03-23 22:06:11.110   588   765 E AppOps  : attributionTag VCN not declared in manifest of android
03-23 22:06:11.127  1603  2146 E A       : Calling getConfiguration() before NgaConfigurationManager is initialized.
03-23 22:06:11.127  1603  2146 E A       : com.google.common.f.s: MEDIUM
03-23 22:06:11.127  1603  2146 E A       : 	at com.google.android.apps.gsa.nga.engine.g.a.aw.b(PG:2)
03-23 22:06:11.127  1603  2146 E A       : 	at com.google.android.apps.gsa.nga.engine.ax.a.k.<init>(PG:7)
03-23 22:06:11.127  1603  2146 E A       : 	at com.google.android.apps.gsa.nga.engine.ax.a.l.a(PG:1)
03-23 22:06:11.127  1603  2146 E A       : 	at com.google.android.apps.gsa.binaries.satin.app.ass.n(Unknown Source:3094)
03-23 22:06:11.127  1603  2146 E A       : 	at com.google.android.apps.gsa.binaries.satin.app.ass.b(PG:15)
03-23 22:06:11.127  1603  2146 E A       : 	at dagger.a.e.b(PG:1)
03-23 22:06:11.127  1603  2146 E A       : 	at com.google.android.apps.gsa.binaries.satin.app.ass.n(Unknown Source:7041)
03-23 22:06:11.127  1603  2146 E A       : 	at com.google.android.apps.gsa.binaries.satin.app.ass.b(PG:15)
03-23 22:06:11.127  1603  2146 E A       : 	at dagger.a.e.b(PG:1)
03-23 22:06:11.127  1603  2146 E A       : 	at com.google.android.apps.gsa.binaries.satin.app.ass.c(Unknown Source:1235)
03-23 22:06:11.127  1603  2146 E A       : 	at com.google.android.apps.gsa.binaries.satin.app.ass.b(PG:15)
03-23 22:06:11.127  1603  2146 E A       : 	at dagger.a.e.b(PG:1)
03-23 22:06:11.127  1603  2146 E A       : 	at com.google.android.apps.gsa.binaries.satin.app.atb.fw(Unknown Source:6)
03-23 22:06:11.127  1603  2146 E A       : 	at com.google.android.apps.gsa.binaries.satin.app.ata.a(Unknown Source:1925)
03-23 22:06:11.127  1603  2146 E A       : 	at com.google.android.apps.gsa.binaries.satin.app.ata.b(Unknown Source:57)
03-23 22:06:11.127  1603  2146 E A       : 	at dagger.a.e.b(PG:1)
03-23 22:06:11.127  1603  2146 E A       : 	at com.google.android.apps.gsa.nga.shared.s.i.a(PG:1)
03-23 22:06:11.127  1603  2146 E A       : 	at com.google.common.base.cu.a(PG:1)
03-23 22:06:11.127  1603  2146 E A       : 	at com.google.android.apps.gsa.nga.shared.s.j.b(Unknown Source:2)
03-23 22:06:11.127  1603  2146 E A       : 	at com.google.android.apps.gsa.nga.shared.s.k.a(PG:1)
03-23 22:06:11.133   456   456 E RIL     : Error 0 transmitting APDU: 0
03-23 22:06:11.406  2600  2716 E AlarmClock: Error loading wind down schedule
03-23 22:06:11.406  2600  2716 E AlarmClock: java.lang.NullPointerException: Attempt to get length of null array
03-23 22:06:11.406  2600  2716 E AlarmClock: 	at fdy.r(PG:1)
03-23 22:06:11.406  2600  2716 E AlarmClock: 	at bhz.c(PG:5)
03-23 22:06:11.406  2600  2716 E AlarmClock: 	at bih.doInBackground(PG:3)
03-23 22:06:11.406  2600  2716 E AlarmClock: 	at android.os.AsyncTask$3.call(AsyncTask.java:394)
03-23 22:06:11.406  2600  2716 E AlarmClock: 	at java.util.concurrent.FutureTask.run(FutureTask.java:264)
03-23 22:06:11.406  2600  2716 E AlarmClock: 	at java.util.concurrent.ThreadPoolExecutor.runWorker(ThreadPoolExecutor.java:1145)
03-23 22:06:11.406  2600  2716 E AlarmClock: 	at java.util.concurrent.ThreadPoolExecutor$Worker.run(ThreadPoolExecutor.java:644)
03-23 22:06:11.406  2600  2716 E AlarmClock: 	at java.lang.Thread.run(Thread.java:1012)
03-23 22:06:11.570  2996  2996 E .android.dialer: Not starting debugger since process cannot load the jdwp agent.
03-23 22:06:11.878  1054  1054 E TelephonyProvider: internal sim-specific settings backup data file does not exist. Aborting restore
03-23 22:06:12.197   588  1738 E JobScheduler.JobStatus: App com.google.android.youtube became active but still in NEVER bucket
03-23 22:06:12.236   588  1530 E JobScheduler.JobStatus: App com.google.android.youtube became active but still in NEVER bucket
03-23 22:06:12.309   588  1741 E JobScheduler.JobStatus: App com.google.android.youtube became active but still in NEVER bucket
03-23 22:06:12.345   588  1770 E JobScheduler.JobStatus: App com.google.android.youtube became active but still in NEVER bucket
03-23 22:06:12.427   588  1741 E JobScheduler.JobStatus: App com.google.android.youtube became active but still in NEVER bucket
03-23 22:06:12.462   588  1733 E JobScheduler.JobStatus: App com.google.android.youtube became active but still in NEVER bucket
03-23 22:06:12.484   588  1741 E JobScheduler.JobStatus: App com.google.android.youtube became active but still in NEVER bucket
03-23 22:06:12.486   588   669 E JobScheduler.JobStatus: App com.google.android.youtube became active but still in NEVER bucket
03-23 22:06:12.488   588  1733 E JobScheduler.JobStatus: App com.google.android.youtube became active but still in NEVER bucket
03-23 22:06:12.489   588  1765 E JobScheduler.JobStatus: App com.google.android.youtube became active but still in NEVER bucket
03-23 22:06:12.492   588   669 E JobScheduler.JobStatus: App com.google.android.youtube became active but still in NEVER bucket
03-23 22:06:12.521   588  1738 E JobScheduler.JobStatus: App com.google.android.youtube became active but still in NEVER bucket
03-23 22:06:12.541   588   765 E AppOps  : attributionTag VCN not declared in manifest of android
03-23 22:06:12.546   588   765 E AppOps  : attributionTag VCN not declared in manifest of android
03-23 22:06:12.563  1537  2062 E AiAiEcho: EchoSearch: SettingsFetcherImpl: DB already exists.
03-23 22:06:12.600   588  3009 E SurfaceSyncGroup: Failed to receive transaction ready in 1000ms. Marking SurfaceSyncGroup(wmsSync-VRI[systemui]#0) as ready
03-23 22:06:12.607   588  3009 E SurfaceSyncGroup: Failed to receive transaction ready in 1000ms. Marking SurfaceSyncGroup(VRI[systemui]#1) as ready
03-23 22:06:12.733   588  1738 E JobScheduler.JobStatus: App com.google.android.youtube became active but still in NEVER bucket
03-23 22:06:12.744   588  1765 E JobScheduler.JobStatus: App com.google.android.youtube became active but still in NEVER bucket
03-23 22:06:13.305   588  2995 E OpenGLRenderer: Unable to match the desired swap behavior.
03-23 22:06:14.118  1603  2146 E A       : Calling getConfiguration() before NgaConfigurationManager is initialized.
03-23 22:06:14.118  1603  2146 E A       : com.google.common.f.s: MEDIUM
03-23 22:06:14.118  1603  2146 E A       : 	at com.google.android.apps.gsa.nga.engine.g.a.aw.b(PG:2)
03-23 22:06:14.118  1603  2146 E A       : 	at com.google.android.apps.gsa.nga.engine.e.b.a.j.<init>(PG:3)
03-23 22:06:14.118  1603  2146 E A       : 	at com.google.android.apps.gsa.nga.engine.e.b.a.l.a(PG:1)
03-23 22:06:14.118  1603  2146 E A       : 	at com.google.android.apps.gsa.binaries.satin.app.ass.l(Unknown Source:5260)
03-23 22:06:14.118  1603  2146 E A       : 	at com.google.android.apps.gsa.binaries.satin.app.ass.b(PG:15)
03-23 22:06:14.118  1603  2146 E A       : 	at dagger.a.e.b(PG:1)
03-23 22:06:14.118  1603  2146 E A       : 	at com.google.android.apps.gsa.binaries.satin.app.ass.l(Unknown Source:5311)
03-23 22:06:14.118  1603  2146 E A       : 	at com.google.android.apps.gsa.binaries.satin.app.ass.b(PG:15)
03-23 22:06:14.118  1603  2146 E A       : 	at dagger.a.e.b(PG:1)
03-23 22:06:14.118  1603  2146 E A       : 	at com.google.android.apps.gsa.binaries.satin.app.ass.l(Unknown Source:4748)
03-23 22:06:14.118  1603  2146 E A       : 	at com.google.android.apps.gsa.binaries.satin.app.ass.b(PG:15)
03-23 22:06:14.118  1603  2146 E A       : 	at dagger.a.e.b(PG:1)
03-23 22:06:14.118  1603  2146 E A       : 	at com.google.android.apps.gsa.binaries.satin.app.ass.l(Unknown Source:3896)
03-23 22:06:14.118  1603  2146 E A       : 	at com.google.android.apps.gsa.binaries.satin.app.ass.b(PG:15)
03-23 22:06:14.118  1603  2146 E A       : 	at dagger.a.e.b(PG:1)
03-23 22:06:14.118  1603  2146 E A       : 	at com.google.android.apps.gsa.binaries.satin.app.ass.n(Unknown Source:7125)
03-23 22:06:14.118  1603  2146 E A       : 	at com.google.android.apps.gsa.binaries.satin.app.ass.b(PG:15)
03-23 22:06:14.118  1603  2146 E A       : 	at dagger.a.e.b(PG:1)
03-23 22:06:14.118  1603  2146 E A       : 	at com.google.android.apps.gsa.binaries.satin.app.ass.c(Unknown Source:1235)
03-23 22:06:14.118  1603  2146 E A       : 	at com.google.android.apps.gsa.binaries.satin.app.ass.b(PG:15)
03-23 22:06:14.567  1845  2144 E MicroDetectionWorker: Failed to get hotword architecture, default to Legacy.
03-23 22:06:14.567  1845  2144 E MicroDetectionWorker: java.util.concurrent.TimeoutException
03-23 22:06:14.567  1845  2144 E MicroDetectionWorker: 	at com.google.android.apps.gsa.shared.util.c.x.run(PG:2)
03-23 22:06:14.567  1845  2144 E MicroDetectionWorker: 	at com.google.android.libraries.gsa.k.a.h.run(PG:2)
03-23 22:06:14.567  1845  2144 E MicroDetectionWorker: 	at com.google.android.apps.gsa.shared.util.c.a.cf.b(PG:1)
03-23 22:06:14.567  1845  2144 E MicroDetectionWorker: 	at com.google.android.apps.gsa.shared.util.c.a.ci.run(PG:1)
03-23 22:06:14.567  1845  2144 E MicroDetectionWorker: 	at java.util.concurrent.Executors$RunnableAdapter.call(Executors.java:487)
03-23 22:06:14.567  1845  2144 E MicroDetectionWorker: 	at java.util.concurrent.FutureTask.run(FutureTask.java:264)
03-23 22:06:14.567  1845  2144 E MicroDetectionWorker: 	at java.util.concurrent.ThreadPoolExecutor.runWorker(ThreadPoolExecutor.java:1145)
03-23 22:06:14.567  1845  2144 E MicroDetectionWorker: 	at java.util.concurrent.ThreadPoolExecutor$Worker.run(ThreadPoolExecutor.java:644)
03-23 22:06:14.567  1845  2144 E MicroDetectionWorker: 	at com.google.android.libraries.i.h.run(PG:2)
03-23 22:06:14.567  1845  2144 E MicroDetectionWorker: 	at java.lang.Thread.run(Thread.java:1012)
03-23 22:06:14.567  1845  2144 E MicroDetectionWorker: 	at com.google.android.libraries.i.ai.run(PG:5)
03-23 22:06:14.667  1603  2146 E A       : Calling getConfiguration() before NgaConfigurationManager is initialized.
03-23 22:06:14.667  1603  2146 E A       : com.google.common.f.s: MEDIUM
03-23 22:06:14.667  1603  2146 E A       : 	at com.google.android.apps.gsa.nga.engine.g.a.aw.b(PG:2)
03-23 22:06:14.667  1603  2146 E A       : 	at com.google.android.apps.gsa.nga.engine.u.j.gz(PG:1)
03-23 22:06:14.667  1603  2146 E A       : 	at com.google.android.apps.gsa.nga.engine.u.f.a(PG:1)
03-23 22:06:14.667  1603  2146 E A       : 	at com.google.android.apps.gsa.nga.engine.u.f.S(PG:1)
03-23 22:06:14.667  1603  2146 E A       : 	at com.google.android.apps.gsa.nga.engine.u.o.W(PG:2)
03-23 22:06:14.667  1603  2146 E A       : 	at com.google.android.apps.gsa.nga.engine.u.o.gB(PG:2)
03-23 22:06:14.667  1603  2146 E A       : 	at com.google.android.apps.gsa.nga.engine.aq.b.a(Unknown Source:4)
03-23 22:06:14.667  1603  2146 E A       : 	at com.google.android.apps.gsa.nga.shared.s.g.a(PG:1)
03-23 22:06:14.667  1603  2146 E A       : 	at com.google.android.apps.gsa.nga.shared.s.k.a(PG:2)
03-23 22:06:14.667  1603  2146 E A       : 	at com.google.android.libraries.gsa.k.a.j.call(PG:2)
03-23 22:06:14.667  1603  2146 E A       : 	at java.util.concurrent.FutureTask.run(FutureTask.java:264)
03-23 22:06:14.667  1603  2146 E A       : 	at com.google.common.w.a.dp.run(PG:1)
03-23 22:06:14.667  1603  2146 E A       : 	at com.google.common.w.a.dq.run(PG:4)
03-23 22:06:14.667  1603  2146 E A       : 	at com.google.android.libraries.i.z.run(PG:1)
03-23 22:06:14.667  1603  2146 E A       : 	at java.util.concurrent.ThreadPoolExecutor.runWorker(ThreadPoolExecutor.java:1145)
03-23 22:06:14.667  1603  2146 E A       : 	at java.util.concurrent.ThreadPoolExecutor$Worker.run(ThreadPoolExecutor.java:644)
03-23 22:06:14.667  1603  2146 E A       : 	at com.google.android.libraries.i.h.run(PG:2)
03-23 22:06:14.667  1603  2146 E A       : 	at java.lang.Thread.run(Thread.java:1012)
03-23 22:06:14.667  1603  2146 E A       : 	at com.google.android.libraries.i.ai.run(PG:5)
03-23 22:06:14.672  1603  2146 E A       : Calling getConfiguration() before NgaConfigurationManager is initialized.
03-23 22:06:14.672  1603  2146 E A       : com.google.common.f.s: MEDIUM
03-23 22:06:14.672  1603  2146 E A       : 	at com.google.android.apps.gsa.nga.engine.g.a.aw.b(PG:2)
03-23 22:06:14.672  1603  2146 E A       : 	at com.google.android.apps.gsa.nga.engine.recognition.m.a.s.j(PG:4)
03-23 22:06:14.672  1603  2146 E A       : 	at com.google.android.apps.gsa.nga.engine.recognition.m.a.s.gB(PG:3)
03-23 22:06:14.672  1603  2146 E A       : 	at com.google.android.apps.gsa.nga.engine.aq.b.a(Unknown Source:4)
03-23 22:06:14.672  1603  2146 E A       : 	at com.google.android.apps.gsa.nga.shared.s.g.a(PG:1)
03-23 22:06:14.672  1603  2146 E A       : 	at com.google.android.apps.gsa.nga.shared.s.k.a(PG:2)
03-23 22:06:14.672  1603  2146 E A       : 	at com.google.android.libraries.gsa.k.a.j.call(PG:2)
03-23 22:06:14.672  1603  2146 E A       : 	at java.util.concurrent.FutureTask.run(FutureTask.java:264)
03-23 22:06:14.672  1603  2146 E A       : 	at com.google.common.w.a.dp.run(PG:1)
03-23 22:06:14.672  1603  2146 E A       : 	at com.google.common.w.a.dq.run(PG:4)
03-23 22:06:14.672  1603  2146 E A       : 	at com.google.android.libraries.i.z.run(PG:1)
03-23 22:06:14.672  1603  2146 E A       : 	at java.util.concurrent.ThreadPoolExecutor.runWorker(ThreadPoolExecutor.java:1145)
03-23 22:06:14.672  1603  2146 E A       : 	at java.util.concurrent.ThreadPoolExecutor$Worker.run(ThreadPoolExecutor.java:644)
03-23 22:06:14.672  1603  2146 E A       : 	at com.google.android.libraries.i.h.run(PG:2)
03-23 22:06:14.672  1603  2146 E A       : 	at java.lang.Thread.run(Thread.java:1012)
03-23 22:06:14.672  1603  2146 E A       : 	at com.google.android.libraries.i.ai.run(PG:5)
03-23 22:06:15.091  1603  2146 E A       : Calling getConfiguration() before NgaConfigurationManager is initialized.
03-23 22:06:15.091  1603  2146 E A       : com.google.common.f.s: MEDIUM
03-23 22:06:15.091  1603  2146 E A       : 	at com.google.android.apps.gsa.nga.engine.g.a.aw.b(PG:2)
03-23 22:06:15.091  1603  2146 E A       : 	at com.google.android.apps.gsa.nga.engine.y.m.gz(PG:1)
03-23 22:06:15.091  1603  2146 E A       : 	at com.google.android.apps.gsa.nga.engine.u.f.a(PG:1)
03-23 22:06:15.091  1603  2146 E A       : 	at com.google.android.apps.gsa.nga.engine.u.f.S(PG:1)
03-23 22:06:15.091  1603  2146 E A       : 	at com.google.android.apps.gsa.nga.engine.u.o.W(PG:2)
03-23 22:06:15.091  1603  2146 E A       : 	at com.google.android.apps.gsa.nga.engine.u.o.gB(PG:2)
03-23 22:06:15.091  1603  2146 E A       : 	at com.google.android.apps.gsa.nga.engine.aq.b.a(Unknown Source:4)
03-23 22:06:15.091  1603  2146 E A       : 	at com.google.android.apps.gsa.nga.shared.s.g.a(PG:1)
03-23 22:06:15.091  1603  2146 E A       : 	at com.google.android.apps.gsa.nga.shared.s.k.a(PG:2)
03-23 22:06:15.091  1603  2146 E A       : 	at com.google.android.libraries.gsa.k.a.j.call(PG:2)
03-23 22:06:15.091  1603  2146 E A       : 	at java.util.concurrent.FutureTask.run(FutureTask.java:264)
03-23 22:06:15.091  1603  2146 E A       : 	at com.google.common.w.a.dp.run(PG:1)
03-23 22:06:15.091  1603  2146 E A       : 	at com.google.common.w.a.dq.run(PG:4)
03-23 22:06:15.091  1603  2146 E A       : 	at com.google.android.libraries.i.z.run(PG:1)
03-23 22:06:15.091  1603  2146 E A       : 	at java.util.concurrent.ThreadPoolExecutor.runWorker(ThreadPoolExecutor.java:1145)
03-23 22:06:15.091  1603  2146 E A       : 	at java.util.concurrent.ThreadPoolExecutor$Worker.run(ThreadPoolExecutor.java:644)
03-23 22:06:15.091  1603  2146 E A       : 	at com.google.android.libraries.i.h.run(PG:2)
03-23 22:06:15.091  1603  2146 E A       : 	at java.lang.Thread.run(Thread.java:1012)
03-23 22:06:15.091  1603  2146 E A       : 	at com.google.android.libraries.i.ai.run(PG:5)
03-23 22:06:15.096  1603  1990 E A       : Calling getConfiguration() before NgaConfigurationManager is initialized.
03-23 22:06:15.096  1603  1990 E A       : com.google.common.f.s: MEDIUM
03-23 22:06:15.096  1603  1990 E A       : 	at com.google.android.apps.gsa.nga.engine.g.a.aw.b(PG:2)
03-23 22:06:15.096  1603  1990 E A       : 	at com.google.android.apps.gsa.nga.engine.ap.ch.gz(PG:1)
03-23 22:06:15.096  1603  1990 E A       : 	at com.google.android.apps.gsa.nga.engine.ap.ch.R(PG:2)
03-23 22:06:15.096  1603  1990 E A       : 	at com.google.android.apps.gsa.nga.engine.u.o.V(PG:2)
03-23 22:06:15.096  1603  1990 E A       : 	at com.google.android.apps.gsa.nga.engine.u.a.p.d(PG:3)
03-23 22:06:15.096  1603  1990 E A       : 	at com.google.android.apps.gsa.nga.engine.u.a.p.b(PG:15)
03-23 22:06:15.096  1603  1990 E A       : 	at com.google.android.apps.gsa.nga.engine.u.o.W(PG:3)
03-23 22:06:15.096  1603  1990 E A       : 	at com.google.android.apps.gsa.nga.engine.ap.cc.a(Unknown Source:4)
03-23 22:06:15.096  1603  1990 E A       : 	at com.google.android.libraries.gsa.k.a.i.apply(PG:2)
03-23 22:06:15.096  1603  1990 E A       : 	at com.google.common.w.a.h.e(PG:2)
03-23 22:06:15.096  1603  1990 E A       : 	at com.google.common.w.a.j.run(PG:9)
03-23 22:06:15.096  1603  1990 E A       : 	at com.google.android.libraries.i.z.run(PG:1)
03-23 22:06:15.096  1603  1990 E A       : 	at java.util.concurrent.ThreadPoolExecutor.runWorker(ThreadPoolExecutor.java:1145)
03-23 22:06:15.096  1603  1990 E A       : 	at java.util.concurrent.ThreadPoolExecutor$Worker.run(ThreadPoolExecutor.java:644)
03-23 22:06:15.096  1603  1990 E A       : 	at com.google.android.libraries.i.h.run(PG:2)
03-23 22:06:15.096  1603  1990 E A       : 	at java.lang.Thread.run(Thread.java:1012)
03-23 22:06:15.096  1603  1990 E A       : 	at com.google.android.libraries.i.ai.run(PG:5)
03-23 22:06:15.121  1603  2146 E A       : Calling getConfiguration() before NgaConfigurationManager is initialized.
03-23 22:06:15.121  1603  2146 E A       : com.google.common.f.s: MEDIUM
03-23 22:06:15.121  1603  2146 E A       : 	at com.google.android.apps.gsa.nga.engine.g.a.aw.b(PG:2)
03-23 22:06:15.121  1603  2146 E A       : 	at com.google.android.apps.gsa.nga.engine.u.j.gz(PG:1)
03-23 22:06:15.121  1603  2146 E A       : 	at com.google.android.apps.gsa.nga.engine.u.f.a(PG:1)
03-23 22:06:15.121  1603  2146 E A       : 	at com.google.android.apps.gsa.nga.engine.u.f.S(PG:1)
03-23 22:06:15.121  1603  2146 E A       : 	at com.google.android.apps.gsa.nga.engine.u.o.W(PG:2)
03-23 22:06:15.121  1603  2146 E A       : 	at com.google.android.apps.gsa.nga.engine.u.o.gB(PG:2)
03-23 22:06:15.121  1603  2146 E A       : 	at com.google.android.apps.gsa.nga.engine.aq.b.a(Unknown Source:4)
03-23 22:06:15.121  1603  2146 E A       : 	at com.google.android.apps.gsa.nga.shared.s.g.a(PG:1)
03-23 22:06:15.121  1603  2146 E A       : 	at com.google.android.apps.gsa.nga.shared.s.k.a(PG:2)
03-23 22:06:15.121  1603  2146 E A       : 	at com.google.android.libraries.gsa.k.a.j.call(PG:2)
03-23 22:06:15.121  1603  2146 E A       : 	at java.util.concurrent.FutureTask.run(FutureTask.java:264)
03-23 22:06:15.121  1603  2146 E A       : 	at com.google.common.w.a.dp.run(PG:1)
03-23 22:06:15.121  1603  2146 E A       : 	at com.google.common.w.a.dq.run(PG:4)
03-23 22:06:15.121  1603  2146 E A       : 	at com.google.android.libraries.i.z.run(PG:1)
03-23 22:06:15.121  1603  2146 E A       : 	at java.util.concurrent.ThreadPoolExecutor.runWorker(ThreadPoolExecutor.java:1145)
03-23 22:06:15.121  1603  2146 E A       : 	at java.util.concurrent.ThreadPoolExecutor$Worker.run(ThreadPoolExecutor.java:644)
03-23 22:06:15.121  1603  2146 E A       : 	at com.google.android.libraries.i.h.run(PG:2)
03-23 22:06:15.121  1603  2146 E A       : 	at java.lang.Thread.run(Thread.java:1012)
03-23 22:06:15.121  1603  2146 E A       : 	at com.google.android.libraries.i.ai.run(PG:5)
03-23 22:06:15.139  1603  2146 E A       : Calling getConfiguration() before NgaConfigurationManager is initialized.
03-23 22:06:15.139  1603  2146 E A       : com.google.common.f.s: MEDIUM
03-23 22:06:15.139  1603  2146 E A       : 	at com.google.android.apps.gsa.nga.engine.g.a.aw.b(PG:2)
03-23 22:06:15.139  1603  2146 E A       : 	at com.google.android.apps.gsa.nga.engine.n.d.h.a.e.gz(PG:1)
03-23 22:06:15.139  1603  2146 E A       : 	at com.google.android.apps.gsa.nga.engine.n.d.h.a.e.a(PG:1)
03-23 22:06:15.139  1603  2146 E A       : 	at com.google.android.apps.gsa.nga.engine.n.d.h.a.e.gB(PG:1)
03-23 22:06:15.139  1603  2146 E A       : 	at com.google.android.apps.gsa.nga.engine.aq.b.a(Unknown Source:4)
03-23 22:06:15.139  1603  2146 E A       : 	at com.google.android.apps.gsa.nga.shared.s.g.a(PG:1)
03-23 22:06:15.139  1603  2146 E A       : 	at com.google.android.apps.gsa.nga.shared.s.k.a(PG:2)
03-23 22:06:15.139  1603  2146 E A       : 	at com.google.android.libraries.gsa.k.a.j.call(PG:2)
03-23 22:06:15.139  1603  2146 E A       : 	at java.util.concurrent.FutureTask.run(FutureTask.java:264)
03-23 22:06:15.139  1603  2146 E A       : 	at com.google.common.w.a.dp.run(PG:1)
03-23 22:06:15.139  1603  2146 E A       : 	at com.google.common.w.a.dq.run(PG:4)
03-23 22:06:15.139  1603  2146 E A       : 	at com.google.android.libraries.i.z.run(PG:1)
03-23 22:06:15.139  1603  2146 E A       : 	at java.util.concurrent.ThreadPoolExecutor.runWorker(ThreadPoolExecutor.java:1145)
03-23 22:06:15.139  1603  2146 E A       : 	at java.util.concurrent.ThreadPoolExecutor$Worker.run(ThreadPoolExecutor.java:644)
03-23 22:06:15.139  1603  2146 E A       : 	at com.google.android.libraries.i.h.run(PG:2)
03-23 22:06:15.139  1603  2146 E A       : 	at java.lang.Thread.run(Thread.java:1012)
03-23 22:06:15.139  1603  2146 E A       : 	at com.google.android.libraries.i.ai.run(PG:5)
03-23 22:06:15.187  1603  2146 E A       : Calling getConfiguration() before NgaConfigurationManager is initialized.
03-23 22:06:15.187  1603  2146 E A       : com.google.common.f.s: MEDIUM
03-23 22:06:15.187  1603  2146 E A       : 	at com.google.android.apps.gsa.nga.engine.g.a.aw.b(PG:2)
03-23 22:06:15.187  1603  2146 E A       : 	at com.google.android.apps.gsa.nga.engine.u.j.gz(PG:1)
03-23 22:06:15.187  1603  2146 E A       : 	at com.google.android.apps.gsa.nga.engine.u.f.a(PG:1)
03-23 22:06:15.187  1603  2146 E A       : 	at com.google.android.apps.gsa.nga.engine.u.f.S(PG:1)
03-23 22:06:15.187  1603  2146 E A       : 	at com.google.android.apps.gsa.nga.engine.u.o.W(PG:2)
03-23 22:06:15.187  1603  2146 E A       : 	at com.google.android.apps.gsa.nga.engine.u.o.gB(PG:2)
03-23 22:06:15.187  1603  2146 E A       : 	at com.google.android.apps.gsa.nga.engine.aq.b.a(Unknown Source:4)
03-23 22:06:15.187  1603  2146 E A       : 	at com.google.android.apps.gsa.nga.shared.s.g.a(PG:1)
03-23 22:06:15.187  1603  2146 E A       : 	at com.google.android.apps.gsa.nga.shared.s.k.a(PG:2)
03-23 22:06:15.187  1603  2146 E A       : 	at com.google.android.libraries.gsa.k.a.j.call(PG:2)
03-23 22:06:15.187  1603  2146 E A       : 	at java.util.concurrent.FutureTask.run(FutureTask.java:264)
03-23 22:06:15.187  1603  2146 E A       : 	at com.google.common.w.a.dp.run(PG:1)
03-23 22:06:15.187  1603  2146 E A       : 	at com.google.common.w.a.dq.run(PG:4)
03-23 22:06:15.187  1603  2146 E A       : 	at com.google.android.libraries.i.z.run(PG:1)
03-23 22:06:15.187  1603  2146 E A       : 	at java.util.concurrent.ThreadPoolExecutor.runWorker(ThreadPoolExecutor.java:1145)
03-23 22:06:15.187  1603  2146 E A       : 	at java.util.concurrent.ThreadPoolExecutor$Worker.run(ThreadPoolExecutor.java:644)
03-23 22:06:15.187  1603  2146 E A       : 	at com.google.android.libraries.i.h.run(PG:2)
03-23 22:06:15.187  1603  2146 E A       : 	at java.lang.Thread.run(Thread.java:1012)
03-23 22:06:15.187  1603  2146 E A       : 	at com.google.android.libraries.i.ai.run(PG:5)
03-23 22:06:15.188  1603  2146 E A       : Calling getConfiguration() before NgaConfigurationManager is initialized.
03-23 22:06:15.188  1603  2146 E A       : com.google.common.f.s: MEDIUM
03-23 22:06:15.188  1603  2146 E A       : 	at com.google.android.apps.gsa.nga.engine.g.a.aw.b(PG:2)
03-23 22:06:15.188  1603  2146 E A       : 	at com.google.android.apps.gsa.nga.engine.education.a.y.gz(PG:1)
03-23 22:06:15.188  1603  2146 E A       : 	at com.google.android.apps.gsa.nga.engine.u.f.a(PG:1)
03-23 22:06:15.188  1603  2146 E A       : 	at com.google.android.apps.gsa.nga.engine.u.f.S(PG:1)
03-23 22:06:15.188  1603  2146 E A       : 	at com.google.android.apps.gsa.nga.engine.u.o.W(PG:2)
03-23 22:06:15.188  1603  2146 E A       : 	at com.google.android.apps.gsa.nga.engine.u.o.gB(PG:2)
03-23 22:06:15.188  1603  2146 E A       : 	at com.google.android.apps.gsa.nga.engine.aq.b.a(Unknown Source:4)
03-23 22:06:15.188  1603  2146 E A       : 	at com.google.android.apps.gsa.nga.shared.s.g.a(PG:1)
03-23 22:06:15.188  1603  2146 E A       : 	at com.google.android.apps.gsa.nga.shared.s.k.a(PG:2)
03-23 22:06:15.188  1603  2146 E A       : 	at com.google.android.libraries.gsa.k.a.j.call(PG:2)
03-23 22:06:15.188  1603  2146 E A       : 	at java.util.concurrent.FutureTask.run(FutureTask.java:264)
03-23 22:06:15.188  1603  2146 E A       : 	at com.google.common.w.a.dp.run(PG:1)
03-23 22:06:15.188  1603  2146 E A       : 	at com.google.common.w.a.dq.run(PG:4)
03-23 22:06:15.188  1603  2146 E A       : 	at com.google.android.libraries.i.z.run(PG:1)
03-23 22:06:15.188  1603  2146 E A       : 	at java.util.concurrent.ThreadPoolExecutor.runWorker(ThreadPoolExecutor.java:1145)
03-23 22:06:15.188  1603  2146 E A       : 	at java.util.concurrent.ThreadPoolExecutor$Worker.run(ThreadPoolExecutor.java:644)
03-23 22:06:15.188  1603  2146 E A       : 	at com.google.android.libraries.i.h.run(PG:2)
03-23 22:06:15.188  1603  2146 E A       : 	at java.lang.Thread.run(Thread.java:1012)
03-23 22:06:15.188  1603  2146 E A       : 	at com.google.android.libraries.i.ai.run(PG:5)
03-23 22:06:15.189  1603  2146 E A       : Calling getConfiguration() before NgaConfigurationManager is initialized.
03-23 22:06:15.189  1603  2146 E A       : com.google.common.f.s: MEDIUM
03-23 22:06:15.189  1603  2146 E A       : 	at com.google.android.apps.gsa.nga.engine.g.a.aw.b(PG:2)
03-23 22:06:15.189  1603  2146 E A       : 	at com.google.android.apps.gsa.nga.engine.n.e.bt.gz(PG:1)
03-23 22:06:15.189  1603  2146 E A       : 	at com.google.android.apps.gsa.nga.engine.u.f.a(PG:1)
03-23 22:06:15.189  1603  2146 E A       : 	at com.google.android.apps.gsa.nga.engine.u.f.S(PG:1)
03-23 22:06:15.189  1603  2146 E A       : 	at com.google.android.apps.gsa.nga.engine.u.o.W(PG:2)
03-23 22:06:15.189  1603  2146 E A       : 	at com.google.android.apps.gsa.nga.engine.u.o.gB(PG:2)
03-23 22:06:15.189  1603  2146 E A       : 	at com.google.android.apps.gsa.nga.engine.aq.b.a(Unknown Source:4)
03-23 22:06:15.189  1603  2146 E A       : 	at com.google.android.apps.gsa.nga.shared.s.g.a(PG:1)
03-23 22:06:15.189  1603  2146 E A       : 	at com.google.android.apps.gsa.nga.shared.s.k.a(PG:2)
03-23 22:06:15.189  1603  2146 E A       : 	at com.google.android.libraries.gsa.k.a.j.call(PG:2)
03-23 22:06:15.189  1603  2146 E A       : 	at java.util.concurrent.FutureTask.run(FutureTask.java:264)
03-23 22:06:15.189  1603  2146 E A       : 	at com.google.common.w.a.dp.run(PG:1)
03-23 22:06:15.189  1603  2146 E A       : 	at com.google.common.w.a.dq.run(PG:4)
03-23 22:06:15.189  1603  2146 E A       : 	at com.google.android.libraries.i.z.run(PG:1)
03-23 22:06:15.189  1603  2146 E A       : 	at java.util.concurrent.ThreadPoolExecutor.runWorker(ThreadPoolExecutor.java:1145)
03-23 22:06:15.189  1603  2146 E A       : 	at java.util.concurrent.ThreadPoolExecutor$Worker.run(ThreadPoolExecutor.java:644)
03-23 22:06:15.189  1603  2146 E A       : 	at com.google.android.libraries.i.h.run(PG:2)
03-23 22:06:15.189  1603  2146 E A       : 	at java.lang.Thread.run(Thread.java:1012)
03-23 22:06:15.189  1603  2146 E A       : 	at com.google.android.libraries.i.ai.run(PG:5)
03-23 22:06:15.189  1603  2146 E A       : Calling getConfiguration() before NgaConfigurationManager is initialized.
03-23 22:06:15.189  1603  2146 E A       : com.google.common.f.s: MEDIUM
03-23 22:06:15.189  1603  2146 E A       : 	at com.google.android.apps.gsa.nga.engine.g.a.aw.b(PG:2)
03-23 22:06:15.189  1603  2146 E A       : 	at com.google.android.apps.gsa.nga.engine.u.j.gz(PG:1)
03-23 22:06:15.189  1603  2146 E A       : 	at com.google.android.apps.gsa.nga.engine.u.f.a(PG:1)
03-23 22:06:15.189  1603  2146 E A       : 	at com.google.android.apps.gsa.nga.engine.u.f.S(PG:1)
03-23 22:06:15.189  1603  2146 E A       : 	at com.google.android.apps.gsa.nga.engine.u.o.W(PG:2)
03-23 22:06:15.189  1603  2146 E A       : 	at com.google.android.apps.gsa.nga.engine.u.o.gB(PG:2)
03-23 22:06:15.189  1603  2146 E A       : 	at com.google.android.apps.gsa.nga.engine.aq.b.a(Unknown Source:4)
03-23 22:06:15.189  1603  2146 E A       : 	at com.google.android.apps.gsa.nga.shared.s.g.a(PG:1)
03-23 22:06:15.189  1603  2146 E A       : 	at com.google.android.apps.gsa.nga.shared.s.k.a(PG:2)
03-23 22:06:15.189  1603  2146 E A       : 	at com.google.android.libraries.gsa.k.a.j.call(PG:2)
03-23 22:06:15.189  1603  2146 E A       : 	at java.util.concurrent.FutureTask.run(FutureTask.java:264)
03-23 22:06:15.189  1603  2146 E A       : 	at com.google.common.w.a.dp.run(PG:1)
03-23 22:06:15.189  1603  2146 E A       : 	at com.google.common.w.a.dq.run(PG:4)
03-23 22:06:15.189  1603  2146 E A       : 	at com.google.android.libraries.i.z.run(PG:1)
03-23 22:06:15.189  1603  2146 E A       : 	at java.util.concurrent.ThreadPoolExecutor.runWorker(ThreadPoolExecutor.java:1145)
03-23 22:06:15.189  1603  2146 E A       : 	at java.util.concurrent.ThreadPoolExecutor$Worker.run(ThreadPoolExecutor.java:644)
03-23 22:06:15.189  1603  2146 E A       : 	at com.google.android.libraries.i.h.run(PG:2)
03-23 22:06:15.189  1603  2146 E A       : 	at java.lang.Thread.run(Thread.java:1012)
03-23 22:06:15.189  1603  2146 E A       : 	at com.google.android.libraries.i.ai.run(PG:5)
03-23 22:06:15.189  1603  2146 E A       : Calling getConfiguration() before NgaConfigurationManager is initialized.
03-23 22:06:15.189  1603  2146 E A       : com.google.common.f.s: MEDIUM
03-23 22:06:15.189  1603  2146 E A       : 	at com.google.android.apps.gsa.nga.engine.g.a.aw.b(PG:2)
03-23 22:06:15.189  1603  2146 E A       : 	at com.google.android.apps.gsa.nga.engine.u.j.gz(PG:1)
03-23 22:06:15.189  1603  2146 E A       : 	at com.google.android.apps.gsa.nga.engine.u.f.a(PG:1)
03-23 22:06:15.189  1603  2146 E A       : 	at com.google.android.apps.gsa.nga.engine.u.f.S(PG:1)
03-23 22:06:15.189  1603  2146 E A       : 	at com.google.android.apps.gsa.nga.engine.u.o.W(PG:2)
03-23 22:06:15.189  1603  2146 E A       : 	at com.google.android.apps.gsa.nga.engine.u.o.gB(PG:2)
03-23 22:06:15.189  1603  2146 E A       : 	at com.google.android.apps.gsa.nga.engine.aq.b.a(Unknown Source:4)
03-23 22:06:15.189  1603  2146 E A       : 	at com.google.android.apps.gsa.nga.shared.s.g.a(PG:1)
03-23 22:06:15.189  1603  2146 E A       : 	at com.google.android.apps.gsa.nga.shared.s.k.a(PG:2)
03-23 22:06:15.189  1603  2146 E A       : 	at com.google.android.libraries.gsa.k.a.j.call(PG:2)
03-23 22:06:15.189  1603  2146 E A       : 	at java.util.concurrent.FutureTask.run(FutureTask.java:264)
03-23 22:06:15.189  1603  2146 E A       : 	at com.google.common.w.a.dp.run(PG:1)
03-23 22:06:15.189  1603  2146 E A       : 	at com.google.common.w.a.dq.run(PG:4)
03-23 22:06:15.189  1603  2146 E A       : 	at com.google.android.libraries.i.z.run(PG:1)
03-23 22:06:15.189  1603  2146 E A       : 	at java.util.concurrent.ThreadPoolExecutor.runWorker(ThreadPoolExecutor.java:1145)
03-23 22:06:15.189  1603  2146 E A       : 	at java.util.concurrent.ThreadPoolExecutor$Worker.run(ThreadPoolExecutor.java:644)
03-23 22:06:15.189  1603  2146 E A       : 	at com.google.android.libraries.i.h.run(PG:2)
03-23 22:06:15.189  1603  2146 E A       : 	at java.lang.Thread.run(Thread.java:1012)
03-23 22:06:15.189  1603  2146 E A       : 	at com.google.android.libraries.i.ai.run(PG:5)
03-23 22:06:15.190  1603  2146 E A       : Calling getConfiguration() before NgaConfigurationManager is initialized.
03-23 22:06:15.190  1603  2146 E A       : com.google.common.f.s: MEDIUM
03-23 22:06:15.190  1603  2146 E A       : 	at com.google.android.apps.gsa.nga.engine.g.a.aw.b(PG:2)
03-23 22:06:15.190  1603  2146 E A       : 	at com.google.android.apps.gsa.nga.engine.education.pie.d.a.gz(PG:1)
03-23 22:06:15.190  1603  2146 E A       : 	at com.google.android.apps.gsa.nga.engine.u.f.a(PG:1)
03-23 22:06:15.190  1603  2146 E A       : 	at com.google.android.apps.gsa.nga.engine.u.f.S(PG:1)
03-23 22:06:15.190  1603  2146 E A       : 	at com.google.android.apps.gsa.nga.engine.u.o.W(PG:2)
03-23 22:06:15.190  1603  2146 E A       : 	at com.google.android.apps.gsa.nga.engine.u.o.gB(PG:2)
03-23 22:06:15.190  1603  2146 E A       : 	at com.google.android.apps.gsa.nga.engine.aq.b.a(Unknown Source:4)
03-23 22:06:15.190  1603  2146 E A       : 	at com.google.android.apps.gsa.nga.shared.s.g.a(PG:1)
03-23 22:06:15.190  1603  2146 E A       : 	at com.google.android.apps.gsa.nga.shared.s.k.a(PG:2)
03-23 22:06:15.190  1603  2146 E A       : 	at com.google.android.libraries.gsa.k.a.j.call(PG:2)
03-23 22:06:15.190  1603  2146 E A       : 	at java.util.concurrent.FutureTask.run(FutureTask.java:264)
03-23 22:06:15.190  1603  2146 E A       : 	at com.google.common.w.a.dp.run(PG:1)
03-23 22:06:15.190  1603  2146 E A       : 	at com.google.common.w.a.dq.run(PG:4)
03-23 22:06:15.190  1603  2146 E A       : 	at com.google.android.libraries.i.z.run(PG:1)
03-23 22:06:15.190  1603  2146 E A       : 	at java.util.concurrent.ThreadPoolExecutor.runWorker(ThreadPoolExecutor.java:1145)
03-23 22:06:15.190  1603  2146 E A       : 	at java.util.concurrent.ThreadPoolExecutor$Worker.run(ThreadPoolExecutor.java:644)
03-23 22:06:15.190  1603  2146 E A       : 	at com.google.android.libraries.i.h.run(PG:2)
03-23 22:06:15.190  1603  2146 E A       : 	at java.lang.Thread.run(Thread.java:1012)
03-23 22:06:15.190  1603  2146 E A       : 	at com.google.android.libraries.i.ai.run(PG:5)
03-23 22:06:15.536  2996  3077 E DialerDialerBaseApplication: com.android.dialer.DialerBaseApplication.getResources:47 getResources() called before resources are initialized
03-23 22:06:15.536  2996  3077 E DialerDialerBaseApplication: skt: LARGE
03-23 22:06:15.536  2996  3077 E DialerDialerBaseApplication: 	at bvr.getResources(PG:6)
03-23 22:06:15.536  2996  3077 E DialerDialerBaseApplication: 	at nkf.a(PG:1)
03-23 22:06:15.536  2996  3077 E DialerDialerBaseApplication: 	at njs.h(Unknown Source:0)
03-23 22:06:15.536  2996  3077 E DialerDialerBaseApplication: 	at nmf.d(PG:8)
03-23 22:06:15.536  2996  3077 E DialerDialerBaseApplication: 	at nmi.j(PG:5)
03-23 22:06:15.536  2996  3077 E DialerDialerBaseApplication: 	at nmi.handleMessage(PG:60)
03-23 22:06:15.536  2996  3077 E DialerDialerBaseApplication: 	at android.os.Handler.dispatchMessage(Handler.java:102)
03-23 22:06:15.536  2996  3077 E DialerDialerBaseApplication: 	at ntu.b(Unknown Source:0)
03-23 22:06:15.536  2996  3077 E DialerDialerBaseApplication: 	at ntu.dispatchMessage(Unknown Source:0)
03-23 22:06:15.536  2996  3077 E DialerDialerBaseApplication: 	at android.os.Looper.loopOnce(Looper.java:205)
03-23 22:06:15.536  2996  3077 E DialerDialerBaseApplication: 	at android.os.Looper.loop(Looper.java:294)
03-23 22:06:15.536  2996  3077 E DialerDialerBaseApplication: 	at android.os.HandlerThread.run(HandlerThread.java:67)
03-23 22:06:15.536  2996  3077 E DialerDialerBaseApplication: Caused by: java.lang.IllegalStateException: Resources are not initialized yet. Do not call getResource() in constructors of injected classes
03-23 22:06:15.536  2996  3077 E DialerDialerBaseApplication: 	at tqe.t(Unknown Source:7)
03-23 22:06:15.536  2996  3077 E DialerDialerBaseApplication: 	at bvr.getResources(PG:2)
03-23 22:06:15.536  2996  3077 E DialerDialerBaseApplication: 	... 11 more
03-23 22:06:15.768  1603  1629 E A       : Calling getConfiguration() before NgaConfigurationManager is initialized.
03-23 22:06:15.768  1603  1629 E A       : com.google.common.f.s: MEDIUM
03-23 22:06:15.768  1603  1629 E A       : 	at com.google.android.apps.gsa.nga.engine.g.a.aw.b(PG:2)
03-23 22:06:15.768  1603  1629 E A       : 	at com.google.android.apps.gsa.nga.engine.viss.h.E(PG:1)
03-23 22:06:15.768  1603  1629 E A       : 	at com.google.android.apps.gsa.nga.api.ab.dispatchTransaction(PG:123)
03-23 22:06:15.768  1603  1629 E A       : 	at com.google.android.a.b.onTransact(PG:2)
03-23 22:06:15.768  1603  1629 E A       : 	at android.os.Binder.execTransactInternal(Binder.java:1344)
03-23 22:06:15.768  1603  1629 E A       : 	at android.os.Binder.execTransact(Binder.java:1275)
03-23 22:06:15.924  3081  3081 E .android.chrome: Not starting debugger since process cannot load the jdwp agent.
03-23 22:06:16.085  1603  1990 E A       : Calling getConfiguration() before NgaConfigurationManager is initialized.
03-23 22:06:16.085  1603  1990 E A       : com.google.common.f.s: MEDIUM
03-23 22:06:16.085  1603  1990 E A       : 	at com.google.android.apps.gsa.nga.engine.g.a.aw.b(PG:2)
03-23 22:06:16.085  1603  1990 E A       : 	at com.google.android.apps.gsa.nga.engine.ap.ch.gz(PG:1)
03-23 22:06:16.085  1603  1990 E A       : 	at com.google.android.apps.gsa.nga.engine.ap.ch.R(PG:2)
03-23 22:06:16.085  1603  1990 E A       : 	at com.google.android.apps.gsa.nga.engine.u.o.V(PG:2)
03-23 22:06:16.085  1603  1990 E A       : 	at com.google.android.apps.gsa.nga.engine.u.a.p.d(PG:3)
03-23 22:06:16.085  1603  1990 E A       : 	at com.google.android.apps.gsa.nga.engine.u.a.p.b(PG:15)
03-23 22:06:16.085  1603  1990 E A       : 	at com.google.android.apps.gsa.nga.engine.u.o.W(PG:3)
03-23 22:06:16.085  1603  1990 E A       : 	at com.google.android.apps.gsa.nga.engine.ap.cc.a(Unknown Source:4)
03-23 22:06:16.085  1603  1990 E A       : 	at com.google.android.libraries.gsa.k.a.i.apply(PG:2)
03-23 22:06:16.085  1603  1990 E A       : 	at com.google.common.w.a.h.e(PG:2)
03-23 22:06:16.085  1603  1990 E A       : 	at com.google.common.w.a.j.run(PG:9)
03-23 22:06:16.085  1603  1990 E A       : 	at com.google.android.libraries.i.z.run(PG:1)
03-23 22:06:16.085  1603  1990 E A       : 	at java.util.concurrent.ThreadPoolExecutor.runWorker(ThreadPoolExecutor.java:1145)
03-23 22:06:16.085  1603  1990 E A       : 	at java.util.concurrent.ThreadPoolExecutor$Worker.run(ThreadPoolExecutor.java:644)
03-23 22:06:16.085  1603  1990 E A       : 	at com.google.android.libraries.i.h.run(PG:2)
03-23 22:06:16.085  1603  1990 E A       : 	at java.lang.Thread.run(Thread.java:1012)
03-23 22:06:16.085  1603  1990 E A       : 	at com.google.android.libraries.i.ai.run(PG:5)
03-23 22:06:16.086  1603  1990 E A       : Calling getConfiguration() before NgaConfigurationManager is initialized.
03-23 22:06:16.086  1603  1990 E A       : com.google.common.f.s: MEDIUM
03-23 22:06:16.086  1603  1990 E A       : 	at com.google.android.apps.gsa.nga.engine.g.a.aw.b(PG:2)
03-23 22:06:16.086  1603  1990 E A       : 	at com.google.android.apps.gsa.nga.engine.ap.ch.gz(PG:1)
03-23 22:06:16.086  1603  1990 E A       : 	at com.google.android.apps.gsa.nga.engine.ap.ch.R(PG:2)
