03-23 22:07:29.536  4705  4705 E android.traceur: Not starting debugger since process cannot load the jdwp agent.
03-23 22:07:29.741  4719  4719 E oadcastreceiver: Not starting debugger since process cannot load the jdwp agent.
03-23 22:07:29.765  4733  4733 E marvin.talkback: Not starting debugger since process cannot load the jdwp agent.
03-23 22:07:32.372  2049  4341 E Pay     : [SeTosMigration] payCapabilities gating flag: enabled [CONTEXT service_id=198 ]
03-23 22:07:32.379  2049  4341 E Pay     : [SeTosMigration] payCapabilities RoW use_wallet: true, use_wallet_jp: false [CONTEXT service_id=198 ]
03-23 22:07:42.141  3266  3398 E bwfc    : Phenotype API error. Event # edax@609d09ec, EventCode: 5 [CONTEXT service_id=51 ]
03-23 22:07:42.141  3266  3398 E bwfc    : bwdx: 29501: Stale snapshot for com.google.android.apps.search.assistant.mobile.user#com.google.android.googlequicksearchbox(change count changed - expected 36  but was 35)
03-23 22:07:42.141  3266  3398 E bwfc    : 	at bwfg.b(:com.google.android.gms@231818044@23.18.18 (190400-535401451):16)
03-23 22:07:42.141  3266  3398 E bwfc    : 	at bwff.g(:com.google.android.gms@231818044@23.18.18 (190400-535401451):0)
03-23 22:07:42.141  3266  3398 E bwfc    : 	at bwfc.e(:com.google.android.gms@231818044@23.18.18 (190400-535401451):4)
03-23 22:07:42.141  3266  3398 E bwfc    : 	at bwfc.f(:com.google.android.gms@231818044@23.18.18 (190400-535401451):2)
03-23 22:07:42.141  3266  3398 E bwfc    : 	at avsy.eo(:com.google.android.gms@231818044@23.18.18 (190400-535401451):1)
03-23 22:07:42.141  3266  3398 E bwfc    : 	at avtf.run(:com.google.android.gms@231818044@23.18.18 (190400-535401451):14)
03-23 22:07:42.141  3266  3398 E bwfc    : 	at dfhf.run(:com.google.android.gms@231818044@23.18.18 (190400-535401451):2)
03-23 22:07:42.141  3266  3398 E bwfc    : 	at aced.c(:com.google.android.gms@231818044@23.18.18 (190400-535401451):6)
03-23 22:07:42.141  3266  3398 E bwfc    : 	at aced.run(:com.google.android.gms@231818044@23.18.18 (190400-535401451):8)
03-23 22:07:42.141  3266  3398 E bwfc    : 	at java.util.concurrent.ThreadPoolExecutor.runWorker(ThreadPoolExecutor.java:1145)
03-23 22:07:42.141  3266  3398 E bwfc    : 	at java.util.concurrent.ThreadPoolExecutor$Worker.run(ThreadPoolExecutor.java:644)
03-23 22:07:42.141  3266  3398 E bwfc    : 	at acjn.run(:com.google.android.gms@231818044@23.18.18 (190400-535401451):0)
03-23 22:07:42.141  3266  3398 E bwfc    : 	at java.lang.Thread.run(Thread.java:1012)
03-23 22:07:42.401  3266  4830 E dlpn    : RuntimeException while executing runnable dlqc{qze@855b6fc} with executor MoreExecutors.directExecutor()
03-23 22:07:42.401  3266  4830 E dlpn    : java.lang.NullPointerException: Attempt to get length of null array
03-23 22:07:42.401  3266  4830 E dlpn    : 	at android.util.Base64.encode(Base64.java:496)
03-23 22:07:42.401  3266  4830 E dlpn    : 	at android.util.Base64.encodeToString(Base64.java:458)
03-23 22:07:42.401  3266  4830 E dlpn    : 	at com.google.android.gms.auth.proximity.RemoteDevice.a(:com.google.android.gms@231818044@23.18.18 (190400-535401451):0)
03-23 22:07:42.401  3266  4830 E dlpn    : 	at qze.b(:com.google.android.gms@231818044@23.18.18 (190400-535401451):2)
03-23 22:07:42.401  3266  4830 E dlpn    : 	at dlqc.run(:com.google.android.gms@231818044@23.18.18 (190400-535401451):6)
03-23 22:07:42.401  3266  4830 E dlpn    : 	at dlpk.execute(:com.google.android.gms@231818044@23.18.18 (190400-535401451):0)
03-23 22:07:42.401  3266  4830 E dlpn    : 	at dlpn.c(:com.google.android.gms@231818044@23.18.18 (190400-535401451):1)
03-23 22:07:42.401  3266  4830 E dlpn    : 	at dlpn.b(:com.google.android.gms@231818044@23.18.18 (190400-535401451):3)
03-23 22:07:42.401  3266  4830 E dlpn    : 	at acei.done(:com.google.android.gms@231818044@23.18.18 (190400-535401451):0)
03-23 22:07:42.401  3266  4830 E dlpn    : 	at java.util.concurrent.FutureTask.finishCompletion(FutureTask.java:381)
03-23 22:07:42.401  3266  4830 E dlpn    : 	at java.util.concurrent.FutureTask.set(FutureTask.java:232)
03-23 22:07:42.401  3266  4830 E dlpn    : 	at java.util.concurrent.FutureTask.run(FutureTask.java:272)
03-23 22:07:42.401  3266  4830 E dlpn    : 	at aced.c(:com.google.android.gms@231818044@23.18.18 (190400-535401451):6)
03-23 22:07:42.401  3266  4830 E dlpn    : 	at aced.run(:com.google.android.gms@231818044@23.18.18 (190400-535401451):7)
03-23 22:07:42.401  3266  4830 E dlpn    : 	at java.util.concurrent.ThreadPoolExecutor.runWorker(ThreadPoolExecutor.java:1145)
03-23 22:07:42.401  3266  4830 E dlpn    : 	at java.util.concurrent.ThreadPoolExecutor$Worker.run(ThreadPoolExecutor.java:644)
03-23 22:07:42.401  3266  4830 E dlpn    : 	at acjn.run(:com.google.android.gms@231818044@23.18.18 (190400-535401451):0)
03-23 22:07:42.401  3266  4830 E dlpn    : 	at java.lang.Thread.run(Thread.java:1012)
03-23 22:07:42.464   588  1767 E RecoverySnapshotStorage: Error reading snapshot for 10128 from disk
03-23 22:07:42.464   588  1767 E RecoverySnapshotStorage: java.io.FileNotFoundException: /data/system/recoverablekeystore/snapshots/10128.xml: open failed: ENOENT (No such file or directory)
03-23 22:07:42.464   588  1767 E RecoverySnapshotStorage: 	at libcore.io.IoBridge.open(IoBridge.java:574)
03-23 22:07:42.464   588  1767 E RecoverySnapshotStorage: 	at java.io.FileInputStream.<init>(FileInputStream.java:160)
03-23 22:07:42.464   588  1767 E RecoverySnapshotStorage: 	at com.android.server.locksettings.recoverablekeystore.storage.RecoverySnapshotStorage.readFromDisk(RecoverySnapshotStorage.java:152)
03-23 22:07:42.464   588  1767 E RecoverySnapshotStorage: 	at com.android.server.locksettings.recoverablekeystore.storage.RecoverySnapshotStorage.get(RecoverySnapshotStorage.java:104)
03-23 22:07:42.464   588  1767 E RecoverySnapshotStorage: 	at com.android.server.locksettings.recoverablekeystore.RecoverableKeyStoreManager.getKeyChainSnapshot(RecoverableKeyStoreManager.java:369)
03-23 22:07:42.464   588  1767 E RecoverySnapshotStorage: 	at com.android.server.locksettings.LockSettingsService.getKeyChainSnapshot(LockSettingsService.java:2494)
03-23 22:07:42.464   588  1767 E RecoverySnapshotStorage: 	at com.android.internal.widget.ILockSettings$Stub.onTransact(ILockSettings.java:838)
03-23 22:07:42.464   588  1767 E RecoverySnapshotStorage: 	at android.os.Binder.execTransactInternal(Binder.java:1339)
03-23 22:07:42.464   588  1767 E RecoverySnapshotStorage: 	at android.os.Binder.execTransact(Binder.java:1275)
03-23 22:07:42.464   588  1767 E RecoverySnapshotStorage: Caused by: android.system.ErrnoException: open failed: ENOENT (No such file or directory)
03-23 22:07:42.464   588  1767 E RecoverySnapshotStorage: 	at libcore.io.Linux.open(Native Method)
03-23 22:07:42.464   588  1767 E RecoverySnapshotStorage: 	at libcore.io.ForwardingOs.open(ForwardingOs.java:563)
03-23 22:07:42.464   588  1767 E RecoverySnapshotStorage: 	at libcore.io.BlockGuardOs.open(BlockGuardOs.java:274)
03-23 22:07:42.464   588  1767 E RecoverySnapshotStorage: 	at libcore.io.IoBridge.open(IoBridge.java:560)
03-23 22:07:42.464   588  1767 E RecoverySnapshotStorage: 	... 8 more
03-23 22:07:42.532   176   176 E keystore2: system/security/keystore2/src/error.rs:180 - system/security/keystore2/src/security_level.rs:684
03-23 22:07:42.532   176   176 E keystore2: 
03-23 22:07:42.532   176   176 E keystore2: Caused by:
03-23 22:07:42.532   176   176 E keystore2:     0: system/security/keystore2/src/security_level.rs:199
03-23 22:07:42.532   176   176 E keystore2:     1: system/security/keystore2/src/security_level.rs:176: Failed to handle super encryption.
03-23 22:07:42.532   176   176 E keystore2:     2: system/security/keystore2/src/super_key.rs:762: User ECDH key missing.
03-23 22:07:42.532   176   176 E keystore2:     3: Error::Rc(r#SYSTEM_ERROR)
03-23 22:07:43.245  2049  4862 E IPCThreadState: Binder transaction failure: 170044/29201/-28
03-23 22:07:43.246  2049  4862 E JavaBinder: !!! FAILED BINDER TRANSACTION !!!  (parcel size = 1056768)
03-23 22:07:43.712   350   419 E BpfHandler: Unsupported protocol: 1
03-23 22:07:45.081  4155  4915 E IPCThreadState: Binder transaction failure: 173304/29202/0
03-23 22:07:45.081  4155  4915 E JavaBinder: !!! FAILED BINDER TRANSACTION !!!  (parcel size = 360)
03-23 22:07:45.089   588  1767 E IPCThreadState: Binder transaction failure: 173313/29202/0
03-23 22:07:45.948  4935  4935 E ndroid.settings: Not starting debugger since process cannot load the jdwp agent.
03-23 22:07:48.213   588  1529 E JobScheduler.JobStatus: App com.google.android.contacts became active but still in NEVER bucket
03-23 22:07:48.746   588  1771 E JobScheduler.JobStatus: App com.google.android.contacts became active but still in NEVER bucket
03-23 22:07:49.059  2049  4861 E WorkSourceUtil: Could not find package: com.google.android.gms.westworld
03-23 22:07:50.374  2049  4987 E Pay     : [Migration operation] Active tapandpay account not found! [CONTEXT service_id=198 ]
03-23 22:07:56.876  2049  3570 E WakeLock: DG:service ** IS FORCE-RELEASED ON TIMEOUT **
03-23 22:07:58.106   588   916 E JobScheduler.JobStatus: App com.google.android.contacts became active but still in NEVER bucket
03-23 22:07:59.230   588  1774 E JobScheduler.JobStatus: App com.google.android.contacts became active but still in NEVER bucket
03-23 22:08:00.539  1845  1845 E A       : onError
03-23 22:08:00.539  1845  1845 E A       : com.google.android.apps.gsa.shared.speech.a.m: errorCode: 65561, engine: 2
03-23 22:08:00.539  1845  1845 E A       : 	at com.google.android.apps.gsa.staticplugins.da.a.f.a(PG:3)
03-23 22:08:00.539  1845  1845 E A       : 	at com.google.android.apps.gsa.s3.o.gO(PG:1)
03-23 22:08:00.539  1845  1845 E A       : 	at com.google.cc.g.a.f.e(PG:2)
03-23 22:08:00.539  1845  1845 E A       : 	at com.google.android.apps.gsa.speech.k.a.g.d(PG:22)
03-23 22:08:00.539  1845  1845 E A       : 	at com.google.android.apps.gsa.speech.k.a.g.jB(PG:6)
03-23 22:08:00.539  1845  1845 E A       : 	at com.google.android.apps.gsa.s3.p.c(PG:14)
03-23 22:08:00.539  1845  1845 E A       : 	at com.google.android.apps.gsa.s3.q.run(PG:1)
03-23 22:08:00.539  1845  1845 E A       : 	at java.util.concurrent.Executors$RunnableAdapter.call(Executors.java:487)
03-23 22:08:00.539  1845  1845 E A       : 	at java.util.concurrent.FutureTask.run(FutureTask.java:264)
03-23 22:08:00.539  1845  1845 E A       : 	at com.google.android.apps.gsa.shared.util.c.a.e.run(PG:2)
03-23 22:08:00.539  1845  1845 E A       : 	at com.google.android.apps.gsa.shared.util.c.a.bi.run(PG:1)
03-23 22:08:00.539  1845  1845 E A       : 	at com.google.android.apps.gsa.shared.util.c.a.bi.run(PG:1)
03-23 22:08:00.539  1845  1845 E A       : 	at java.util.concurrent.ThreadPoolExecutor.runWorker(ThreadPoolExecutor.java:1145)
03-23 22:08:00.539  1845  1845 E A       : 	at java.util.concurrent.ThreadPoolExecutor$Worker.run(ThreadPoolExecutor.java:644)
03-23 22:08:00.539  1845  1845 E A       : 	at java.lang.Thread.run(Thread.java:1012)
03-23 22:08:00.539  1845  1845 E A       : 	at com.google.android.apps.gsa.shared.util.c.a.l.run(PG:5)
03-23 22:08:00.539  1845  1845 E A       : Caused by: com.google.android.apps.gsa.shared.speech.a.o: errorCode: 65586, engine: 2
03-23 22:08:00.539  1845  1845 E A       : 	... 15 more
03-23 22:08:00.539  1845  1845 E A       : Caused by: com.google.android.apps.gsa.shared.speech.a.k: errorCode: 401, engine: 2
03-23 22:08:00.539  1845  1845 E A       : 	at com.google.android.apps.gsa.assistant.shared.n.h.a(PG:5)
03-23 22:08:00.539  1845  1845 E A       : 	at com.google.android.apps.gsa.s3.producers.j.hh(PG:2)
03-23 22:08:00.539  1845  1845 E A       : 	at com.google.android.apps.gsa.speech.k.a.g.d(PG:16)
03-23 22:08:00.539  1845  1845 E A       : 	... 12 more
03-23 22:08:18.669  3266  4871 E WakeLock: GCM_HB_ALARM release without a matched acquire!
03-23 22:08:18.676  3266  4871 E WakeLock: GCM_CONN_ALARM release without a matched acquire!
03-23 22:08:25.947  3266  4219 E WakeLock: GCM_CONN_ALARM release without a matched acquire!
03-23 22:09:09.954  1845  1845 E A       : onError
03-23 22:09:09.954  1845  1845 E A       : com.google.android.apps.gsa.shared.speech.a.m: errorCode: 65561, engine: 2
03-23 22:09:09.954  1845  1845 E A       : 	at com.google.android.apps.gsa.staticplugins.da.a.f.a(PG:3)
03-23 22:09:09.954  1845  1845 E A       : 	at com.google.android.apps.gsa.s3.o.gO(PG:1)
03-23 22:09:09.954  1845  1845 E A       : 	at com.google.cc.g.a.f.e(PG:2)
03-23 22:09:09.954  1845  1845 E A       : 	at com.google.android.apps.gsa.speech.k.a.g.d(PG:22)
03-23 22:09:09.954  1845  1845 E A       : 	at com.google.android.apps.gsa.speech.k.a.g.jB(PG:6)
03-23 22:09:09.954  1845  1845 E A       : 	at com.google.android.apps.gsa.s3.p.c(PG:14)
03-23 22:09:09.954  1845  1845 E A       : 	at com.google.android.apps.gsa.s3.q.run(PG:1)
03-23 22:09:09.954  1845  1845 E A       : 	at java.util.concurrent.Executors$RunnableAdapter.call(Executors.java:487)
03-23 22:09:09.954  1845  1845 E A       : 	at java.util.concurrent.FutureTask.run(FutureTask.java:264)
03-23 22:09:09.954  1845  1845 E A       : 	at com.google.android.apps.gsa.shared.util.c.a.e.run(PG:2)
03-23 22:09:09.954  1845  1845 E A       : 	at com.google.android.apps.gsa.shared.util.c.a.bi.run(PG:1)
03-23 22:09:09.954  1845  1845 E A       : 	at com.google.android.apps.gsa.shared.util.c.a.bi.run(PG:1)
03-23 22:09:09.954  1845  1845 E A       : 	at java.util.concurrent.ThreadPoolExecutor.runWorker(ThreadPoolExecutor.java:1145)
03-23 22:09:09.954  1845  1845 E A       : 	at java.util.concurrent.ThreadPoolExecutor$Worker.run(ThreadPoolExecutor.java:644)
03-23 22:09:09.954  1845  1845 E A       : 	at java.lang.Thread.run(Thread.java:1012)
03-23 22:09:09.954  1845  1845 E A       : 	at com.google.android.apps.gsa.shared.util.c.a.l.run(PG:5)
03-23 22:09:09.954  1845  1845 E A       : Caused by: com.google.android.apps.gsa.shared.speech.a.o: errorCode: 65586, engine: 2
03-23 22:09:09.954  1845  1845 E A       : 	... 15 more
03-23 22:09:09.954  1845  1845 E A       : Caused by: com.google.android.apps.gsa.shared.speech.a.k: errorCode: 401, engine: 2
03-23 22:09:09.954  1845  1845 E A       : 	at com.google.android.apps.gsa.assistant.shared.n.h.a(PG:5)
03-23 22:09:09.954  1845  1845 E A       : 	at com.google.android.apps.gsa.s3.producers.j.hh(PG:2)
03-23 22:09:09.954  1845  1845 E A       : 	at com.google.android.apps.gsa.speech.k.a.g.d(PG:16)
03-23 22:09:09.954  1845  1845 E A       : 	... 12 more
03-23 22:09:25.975  3266  5102 E WakeLock: GCM_HB_ALARM release without a matched acquire!
03-23 22:09:25.994  3266  5102 E WakeLock: GCM_CONN_ALARM release without a matched acquire!
03-23 22:09:31.475  3266  5132 E WakeLock: GCM_CONN_ALARM release without a matched acquire!
03-23 22:09:45.767  3266  3714 E NetworkScheduler.ATC: Error finding compatible intent-filter to handle SERVICE_ACTION_EXECUTE_TASK for com.google.android.gms/.chimera.GmsInternalBoundBrokerService [CONTEXT service_id=218 ]
03-23 22:09:45.769  3266  3714 E NetworkScheduler.TED: Invalid service definition provided: null [CONTEXT service_id=218 ]
03-23 22:09:53.253   588   685 E JobScheduler.Quota: <0>com.google.android.apps.photos has 0 EJ quota without running anything
03-23 22:10:31.473  3266  5084 E WakeLock: GCM_HB_ALARM release without a matched acquire!
03-23 22:10:31.481  3266  5084 E WakeLock: GCM_CONN_ALARM release without a matched acquire!
03-23 22:10:37.055  3266  4905 E WakeLock: GCM_CONN_ALARM release without a matched acquire!
03-23 22:11:00.118   588  5166 E GnssPsdsDownloader: No Long-Term PSDS servers were specified in the GnssConfiguration
03-23 22:11:27.562   588   765 E AppOps  : attributionTag VCN not declared in manifest of android
03-23 22:11:27.846  2033  5191 E BackupHelper: Could not parse delayed permissions
03-23 22:11:27.846  2033  5191 E BackupHelper: java.io.FileNotFoundException: /data/user_de/0/com.google.android.permissioncontroller/files/delayed_restore_permissions.xml: open failed: ENOENT (No such file or directory)
03-23 22:11:27.846  2033  5191 E BackupHelper: 	at libcore.io.IoBridge.open(IoBridge.java:574)
03-23 22:11:27.846  2033  5191 E BackupHelper: 	at java.io.FileInputStream.<init>(FileInputStream.java:160)
03-23 22:11:27.846  2033  5191 E BackupHelper: 	at android.app.ContextImpl.openFileInput(ContextImpl.java:745)
03-23 22:11:27.846  2033  5191 E BackupHelper: 	at com.android.permissioncontroller.permission.service.BackupHelper.restoreDelayedState(BackupHelper.java:409)
03-23 22:11:27.846  2033  5191 E BackupHelper: 	at com.android.permissioncontroller.permission.service.PermissionControllerServiceImpl.onRestoreDelayedRuntimePermissionsBackup(PermissionControllerServiceImpl.java:426)
03-23 22:11:27.846  2033  5191 E BackupHelper: 	at com.android.permissioncontroller.permission.service.PermissionControllerServiceImpl.lambda$onApplyStagedRuntimePermissionBackup$4(PermissionControllerServiceImpl.java:420)
03-23 22:11:27.846  2033  5191 E BackupHelper: 	at com.android.permissioncontroller.permission.service.PermissionControllerServiceImpl.$r8$lambda$tLRxnveBSElsWBMXSZfvxMhS6zQ(PermissionControllerServiceImpl.java:0)
03-23 22:11:27.846  2033  5191 E BackupHelper: 	at com.android.permissioncontroller.permission.service.PermissionControllerServiceImpl$$ExternalSyntheticLambda10.run(R8$$SyntheticClass:0)
03-23 22:11:27.846  2033  5191 E BackupHelper: 	at android.os.AsyncTask$SerialExecutor$1.run(AsyncTask.java:305)
03-23 22:11:27.846  2033  5191 E BackupHelper: 	at java.util.concurrent.ThreadPoolExecutor.runWorker(ThreadPoolExecutor.java:1145)
03-23 22:11:27.846  2033  5191 E BackupHelper: 	at java.util.concurrent.ThreadPoolExecutor$Worker.run(ThreadPoolExecutor.java:644)
03-23 22:11:27.846  2033  5191 E BackupHelper: 	at java.lang.Thread.run(Thread.java:1012)
03-23 22:11:27.846  2033  5191 E BackupHelper: Caused by: android.system.ErrnoException: open failed: ENOENT (No such file or directory)
03-23 22:11:27.846  2033  5191 E BackupHelper: 	at libcore.io.Linux.open(Native Method)
03-23 22:11:27.846  2033  5191 E BackupHelper: 	at libcore.io.ForwardingOs.open(ForwardingOs.java:563)
03-23 22:11:27.846  2033  5191 E BackupHelper: 	at libcore.io.BlockGuardOs.open(BlockGuardOs.java:274)
03-23 22:11:27.846  2033  5191 E BackupHelper: 	at libcore.io.ForwardingOs.open(ForwardingOs.java:563)
03-23 22:11:27.846  2033  5191 E BackupHelper: 	at android.app.ActivityThread$AndroidOs.open(ActivityThread.java:8063)
03-23 22:11:27.846  2033  5191 E BackupHelper: 	at libcore.io.IoBridge.open(IoBridge.java:560)
03-23 22:11:27.846  2033  5191 E BackupHelper: 	... 11 more
03-23 22:11:28.179  5192  5192 E .adservices.api: Not starting debugger since process cannot load the jdwp agent.
03-23 22:11:28.213  2033  5193 E RoleControllerServiceImpl: Default/fallback role holder package doesn't qualify for the role, package: com.google.android.gms.supervision, role: android.app.role.SYSTEM_SUPERVISION
03-23 22:11:28.258  2033  5193 E RoleControllerServiceImpl: Default/fallback role holder package doesn't qualify for the role, package: com.google.android.gms, role: android.app.role.SYSTEM_CALL_STREAMING
03-23 22:11:28.349  1845  1845 E A       : onError
03-23 22:11:28.349  1845  1845 E A       : com.google.android.apps.gsa.shared.speech.a.m: errorCode: 65561, engine: 2
03-23 22:11:28.349  1845  1845 E A       : 	at com.google.android.apps.gsa.staticplugins.da.a.f.a(PG:3)
03-23 22:11:28.349  1845  1845 E A       : 	at com.google.android.apps.gsa.s3.o.gO(PG:1)
03-23 22:11:28.349  1845  1845 E A       : 	at com.google.cc.g.a.f.e(PG:2)
03-23 22:11:28.349  1845  1845 E A       : 	at com.google.android.apps.gsa.speech.k.a.g.d(PG:22)
03-23 22:11:28.349  1845  1845 E A       : 	at com.google.android.apps.gsa.speech.k.a.g.jB(PG:6)
03-23 22:11:28.349  1845  1845 E A       : 	at com.google.android.apps.gsa.s3.p.c(PG:14)
03-23 22:11:28.349  1845  1845 E A       : 	at com.google.android.apps.gsa.s3.q.run(PG:1)
03-23 22:11:28.349  1845  1845 E A       : 	at java.util.concurrent.Executors$RunnableAdapter.call(Executors.java:487)
03-23 22:11:28.349  1845  1845 E A       : 	at java.util.concurrent.FutureTask.run(FutureTask.java:264)
03-23 22:11:28.349  1845  1845 E A       : 	at com.google.android.apps.gsa.shared.util.c.a.e.run(PG:2)
03-23 22:11:28.349  1845  1845 E A       : 	at com.google.android.apps.gsa.shared.util.c.a.bi.run(PG:1)
03-23 22:11:28.349  1845  1845 E A       : 	at com.google.android.apps.gsa.shared.util.c.a.bi.run(PG:1)
03-23 22:11:28.349  1845  1845 E A       : 	at java.util.concurrent.ThreadPoolExecutor.runWorker(ThreadPoolExecutor.java:1145)
03-23 22:11:28.349  1845  1845 E A       : 	at java.util.concurrent.ThreadPoolExecutor$Worker.run(ThreadPoolExecutor.java:644)
03-23 22:11:28.349  1845  1845 E A       : 	at java.lang.Thread.run(Thread.java:1012)
03-23 22:11:28.349  1845  1845 E A       : 	at com.google.android.apps.gsa.shared.util.c.a.l.run(PG:5)
03-23 22:11:28.349  1845  1845 E A       : Caused by: com.google.android.apps.gsa.shared.speech.a.o: errorCode: 65586, engine: 2
03-23 22:11:28.349  1845  1845 E A       : 	... 15 more
03-23 22:11:28.349  1845  1845 E A       : Caused by: com.google.android.apps.gsa.shared.speech.a.k: errorCode: 401, engine: 2
03-23 22:11:28.349  1845  1845 E A       : 	at com.google.android.apps.gsa.assistant.shared.n.h.a(PG:5)
03-23 22:11:28.349  1845  1845 E A       : 	at com.google.android.apps.gsa.s3.producers.j.hh(PG:2)
03-23 22:11:28.349  1845  1845 E A       : 	at com.google.android.apps.gsa.speech.k.a.g.d(PG:16)
03-23 22:11:28.349  1845  1845 E A       : 	... 12 more
03-23 22:11:30.226  2033  5193 E RoleControllerServiceImpl: Default/fallback role holder package doesn't qualify for the role, package: com.google.android.gms.supervision, role: android.app.role.SYSTEM_SUPERVISION
03-23 22:11:30.231  2033  5193 E RoleControllerServiceImpl: Default/fallback role holder package doesn't qualify for the role, package: com.google.android.gms, role: android.app.role.SYSTEM_CALL_STREAMING
03-23 22:11:37.182  3266  5164 E WakeLock: GCM_HB_ALARM release without a matched acquire!
03-23 22:11:37.311  3266  5164 E WakeLock: GCM_CONN_ALARM release without a matched acquire!
03-23 22:11:37.478  3232  3380 E OpenGLRenderer: Unable to match the desired swap behavior.
03-23 22:11:37.646  5281  5281 E llet.cocowallet: Not starting debugger since process cannot load the jdwp agent.
03-23 22:11:39.433  5281  5300 E OpenGLRenderer: Unable to match the desired swap behavior.
03-23 22:11:39.943   588  1667 E TaskPersister: File error accessing recents directory (directory doesn't exist?).
03-23 22:11:41.487  5281  5336 I ReactNativeJS: 'WalletScreen type:', 'function'
03-23 22:11:41.487  5281  5336 I ReactNativeJS: 'WalletScreen:', [Function: WalletScreen]
03-23 22:11:41.505  5281  5336 I ReactNativeJS: Running "main"
03-23 22:11:41.582  5281  5336 I ReactNativeJS: App started, preparing to check for updates...
03-23 22:11:41.876  5281  5336 I ReactNativeJS: 'ã€è®¾å¤‡ç®¡ç†ã€‘ä»Ž AsyncStorage èŽ·å–çš„è®¾å¤‡ ID:', null
03-23 22:11:41.880  5281  5336 I ReactNativeJS: 'ã€è®¾å¤‡ç®¡ç†ã€‘ç”Ÿæˆæ–°çš„è®¾å¤‡ ID:', 'android_e536ba0f-8cd2-4c9b-8a4a-345649de9293'
03-23 22:11:41.996  5281  5336 I ReactNativeJS: 'ã€é’±åŒ…ä¸Šä¸‹æ–‡ã€‘å½“å‰è®¾å¤‡ ID:', 'android_e536ba0f-8cd2-4c9b-8a4a-345649de9293'
03-23 22:11:42.764  5370  5370 E webview_service: Not starting debugger since process cannot load the jdwp agent.
03-23 22:11:43.097  3266  5387 E WakeLock: GCM_CONN_ALARM release without a matched acquire!
03-23 22:11:44.359  5281  5336 I ReactNativeJS: 'ä»·æ ¼å˜åŒ–:', 0
03-23 22:11:44.420  5281  5336 I ReactNativeJS: 'ã€è®¾å¤‡ç®¡ç†ã€‘ä»Ž AsyncStorage èŽ·å–çš„è®¾å¤‡ ID:', 'android_e536ba0f-8cd2-4c9b-8a4a-345649de9293'
03-23 22:11:44.444  5281  5336 I ReactNativeJS: 'ã€è®¾å¤‡ç®¡ç†ã€‘ä»Ž AsyncStorage èŽ·å–çš„è®¾å¤‡ ID:', 'android_e536ba0f-8cd2-4c9b-8a4a-345649de9293'
03-23 22:11:44.446  5281  5336 I ReactNativeJS: 'ã€è®¾å¤‡ç®¡ç†ã€‘ä»Ž AsyncStorage èŽ·å–çš„è®¾å¤‡ ID:', 'android_e536ba0f-8cd2-4c9b-8a4a-345649de9293'
03-23 22:11:44.920  5281  5336 I ReactNativeJS: 'ã€é’±åŒ…ä¸Šä¸‹æ–‡ã€‘èŽ·å–åˆ°çš„é’±åŒ…åˆ—è¡¨:', { status: 'error',
03-23 22:11:44.920  5281  5336 I ReactNativeJS:   message: 'Network error, please check your connection' }
03-23 22:11:45.438  5281  5336 I ReactNativeJS: 'ã€è®¾å¤‡ç®¡ç†ã€‘ä»Ž AsyncStorage èŽ·å–çš„è®¾å¤‡ ID:', 'android_e536ba0f-8cd2-4c9b-8a4a-345649de9293'
03-23 22:11:46.600  5281  5336 I ReactNativeJS: Starting update check...
03-23 22:11:46.600  5281  5336 I ReactNativeJS: 'Updates config:', { runtimeVersion: '1.0.0',
03-23 22:11:46.600  5281  5336 I ReactNativeJS:   channel: 'production',
03-23 22:11:46.600  5281  5336 I ReactNativeJS:   isEnabled: true,
03-23 22:11:46.600  5281  5336 I ReactNativeJS:   isEmergencyLaunch: false,
03-23 22:11:46.600  5281  5336 I ReactNativeJS:   updateUrl: undefined }
03-23 22:11:46.896  5281  5336 I ReactNativeJS: 'Update check result:', { isRollBackToEmbedded: false,
03-23 22:11:46.896  5281  5336 I ReactNativeJS:   isAvailable: true,
03-23 22:11:46.896  5281  5336 I ReactNativeJS:   manifest: 
03-23 22:11:46.896  5281  5336 I ReactNativeJS:    { id: '62c913a8-af36-4893-825b-837a62af92e9',
03-23 22:11:46.896  5281  5336 I ReactNativeJS:      createdAt: '2025-03-23T11:55:16.834Z',
03-23 22:11:46.896  5281  5336 I ReactNativeJS:      runtimeVersion: '1.0.0',
03-23 22:11:46.896  5281  5336 I ReactNativeJS:      launchAsset: 
03-23 22:11:46.896  5281  5336 I ReactNativeJS:       { hash: 'WO2VMaeizzpBrH09mKLsKe0mNwAqS7YRxIdaiwn0rEg',
03-23 22:11:46.896  5281  5336 I ReactNativeJS:         key: 'ddb1eaf4d59a1ac5dedeb51fd46a925a',
03-23 22:11:46.896  5281  5336 I ReactNativeJS:         contentType: 'application/javascript',
03-23 22:11:46.896  5281  5336 I ReactNativeJS:         url: 'https://assets.eascdn.net/hZ_GOohAjWaY52AeMeVNwtE26lDCZYi6SbEhcAv3mfc?project=95917907-e15f-48be-92a3-012b879c0b76' },
03-23 22:11:46.896  5281  5336 I ReactNativeJS:      assets: 
03-23 22:11:46.896  5281  5336 I ReactNativeJS:       [ { hash: 'i2Gkx-9w3JJ1PwSUl2SC9m_UFQ7CPfx3KrZeEDc6-lU',
03-23 22:11:46.896  5281  5336 I ReactNativeJS:           key: '778ffc9fe8773a878e9c30a6304784de',
03-23 22:11:46.896  5281  5336 I ReactNativeJS:           contentType: 'image/png',
03-23 22:11:46.896  5281  5336 I ReactNativeJS:           fileExtension: '.png',
03-23 22:11:46.896  5281  5336 I ReactNativeJS:           url: 'https://assets.eascdn.net/idnX8z03q4vGLzhYMPaQGBADjhqvWe67_afPqJ1vGzM?project=95917907-e15f-48be-92a3-012b879c0b76' },
03-23 22:11:46.896  5281  5336 I ReactNativeJS:         { hash: 'kGZm3WiTRq2iMs42ia3vkHtCV_obWT8DY40rlJf2SIQ',
03-23 22:11:46.896  5281  5336 I ReactNativeJS:           key: 'c79c3606a1cf168006ad3979763c7e0c',
03-23 22:11:46.896  5281  5336 I ReactNativeJS:           contentType: 'image/png',
03-23 22:11:46.896  5281  5336 I ReactNativeJS:           fileExtension: '.png',
03-23 22:11:46.896  5281  5336 I ReactNativeJS:           url: 'https://assets.eascdn.net/k-3xHp3vP8mR36WdccUZVPTRJKpP-zlyboWdkXCIQpQ?project=95917907-e15f-48be-92a3-012b879c0b76' },
03-23 22:11:46.896  5281  5336 I ReactNativeJS:         { hash: '_6fuRbdkBbpzkhSVAI99aMneY5X0tpQdsGNGX244IyA',
03-23 22:11:46.896  5281  5336 I ReactNativeJS:           key: '02bc1fa7c0313217bde2d65ccbff40c9',
03-23 22:11:46.896  5281  5336 I ReactNativeJS:           contentType: 'image/png',
03-23 22:11:46.896  5281  5336 I ReactNativeJS:           fileExtension: '.png',
03-23 22:11:46.896  5281  5336 I ReactNativeJS:           url: 'https://assets.eascdn.net/lfqeUjiWFXwowhxVDBEzxsbTOEzYxMLebljy5Bh1mpU?project=95917907-e15f-48be-92a3-012b879c0b76' },
03-23 22:11:46.896  5281  5336 I ReactNativeJS:         { hash: 'hM9es7ICUPaeDkczvrTaX0F_BoKJKlrRteYlcHU8IbE',
03-23 22:11:46.896  5281  5336 I ReactNativeJS:           key: '35ba0eaec5a4f5ed12ca16fabeae451d',
03-23 22:11:46.896  5281  5336 I ReactNativeJS:           contentType: 'image/png',
03-23 22:11:46.896  5281  5336 I ReactNativeJS:           fileExtension: '.png',
03-23 22:11:46.896  5281  5336 I ReactNativeJS:           url: 'https://assets.eascdn.net/fMoMrsUeB5xWw_Ugn8FqGJf-M2pld2hkXKR704z0MM8?project=95917907-e15f-48be-92a3-012b879c0b76' },
03-23 22:11:46.896  5281  5336 I ReactNativeJS:         { hash: 'mtuMXvypMuK3MrKT2oE70uMZUiYwVrzp4lF_7A8LanY',
03-23 22:11:46.896  5281  5336 I ReactNativeJS:           key: '0a328cd9c1afd0afe8e3b1ec5165b1b4',
03-23 22:11:46.896  5281  5336 I ReactNativeJS:           contentType: 'image/png',
03-23 22:11:46.896  5281  5336 I ReactNativeJS:           fileExtension: '.png',
03-23 22:11:46.896  5281  5336 I ReactNativeJS:           url: 'https://assets.eascdn.net/LM4SxB4vhDe2iN4tYT0dAlPP_dsY-Zme_H-JpULtHa8?project=95917907-e15f-48be-92a3-012b879c0b76' },
03-23 22:11:46.896  5281  5336 I ReactNativeJS:         { hash: 'yGu0he7mh-BsUA_EI09RpnhLRTDCrhHQx2SBEQvOMQU',
03-23 22:11:46.896  5281  5336 I ReactNativeJS:           key: '3cd68ccdb8938e3711da2e8831b85493',
03-23 22:11:46.896  5281  5336 I ReactNativeJS:           contentType: 'image/png',
03-23 22:11:46.896  5281  5336 I ReactNativeJS:           fileExtension: '.png',
03-23 22:11:46.896  5281  5336 I ReactNativeJS:           url: 'https://assets.eascdn.net/A08F4i_QzJW79C3BCIZYmmpH_p2FkQbdTQZ_2hVWDeg?project=95917907-e15f-48be-92a3-012b879c0b76' },
03-23 22:11:46.896  5281  5336 I ReactNativeJS:         { hash: '0Dpc16Zu8QxRR5FvnVh4stCgpa1G9AWjHNmWfvqlWv0',
03-23 22:11:46.896  5281  5336 I ReactNativeJS:           key: '61ca7e64b7d605716c57706cef640b9a',
03-23 22:11:46.896  5281  5336 I ReactNativeJS:           contentType: 'image/png',
03-23 22:11:46.896  5281  5336 I ReactNativeJS:           fileExtension: '.png',
03-23 22:11:46.896  5281  5336 I ReactNativeJS:           url: 'https://assets.eascdn.net/04lOdmTXc1loPyqacYwao1j0xlM34n0vGxtIFY7ETTs?project=95917907-e15f-48be-92a3-012b879c0b76' },
03-23 22:11:46.896  5281  5336 I ReactNativeJS:         { hash: 'q1YT0s5w-mfFkm6DE1NmSUUZn8GV-m_nbF_jzsRS4xo',
03-23 22:11:46.896  5281  5336 I ReactNativeJS:           key: 'aff2c65b39a296d4f7e96d0f58169170',
03-23 22:11:46.896  5281  5336 I ReactNativeJS:           contentType: 'image/png',
03-23 22:11:46.896  5281  5336 I ReactNativeJS:           fileExtension: '.png',
03-23 22:11:46.896  5281  5336 I ReactNativeJS:           url: 'https://assets.eascdn.net/4s0taS6e9_zozzhgsa6FogUB4b0LQc1LMNbBLkxlIz0?project=95917907-e15f-48be-92a3-012b879c0b76' },
03-23 22:11:46.896  5281  5336 I ReactNativeJS:         { hash: 'xOVOagp95jaqFTN4-8YupKQWlb_t-Af5Dfexj_1zP2c',
03-23 22:11:46.896  5281  5336 I ReactNativeJS:           key: 'd8e7601e3df962f83c62371ac14964d8',
03-23 22:11:46.896  5281  5336 I ReactNativeJS:           contentType: 'image/png',
03-23 22:11:46.896  5281  5336 I ReactNativeJS:           fileExtension: '.png',
03-23 22:11:46.896  5281  5336 I ReactNativeJS:           url: 'https://assets.eascdn.net/g6PisuFJa8j79kTi3ZKboB3DcerIBZXujlFBVhXkh1s?project=95917907-e15f-48be-92a3-012b879c0b76' },
03-23 22:11:46.896  5281  5336 I ReactNativeJS:         { hash: 'yGu0he7mh-BsUA_EI09RpnhLRTDCrhHQx2SBEQvOMQU',
03-23 22:11:46.896  5281  5336 I ReactNativeJS:           key: '3cd68ccdb8938e3711da2e8831b85493',
03-23 22:11:46.896  5281  5336 I ReactNativeJS:           contentType: 'image/png',
03-23 22:11:46.896  5281  5336 I ReactNativeJS:           fileExtension: '.png',
03-23 22:11:46.896  5281  5336 I ReactNativeJS:           url: 'https://assets.eascdn.net/A08F4i_QzJW79C3BCIZYmmpH_p2FkQbdTQZ_2hVWDeg?project=95917907-e15f-48be-92a3-012b879c0b76' },
03-23 22:11:46.896  5281  5336 I ReactNativeJS:         { hash: 'IyXFOnPlTEOMu8YN_92LUT1HG6QuL1ZxPvQEuV4Mofw',
03-23 22:11:46.896  5281  5336 I ReactNativeJS:           key: '0747a1317bbe9c6fc340b889ef8ab3ae',
03-23 22:11:46.896  5281  5336 I ReactNativeJS:           contentType: 'image/png',
03-23 22:11:46.896  5281  5336 I ReactNativeJS:           fileExtension: '.png',
03-23 22:11:46.896  5281  5336 I ReactNativeJS:           url: 'https://assets.eascdn.net/DP7IegcRXP-7kIHiKmplB43A2HIM9nT01_O4JsXZKXI?project=95917907-e15f-48be-92a3-012b879c0b76' },
03-23 22:11:46.896  5281  5336 I ReactNativeJS:         { hash: 'sbwYEMoj4sOM12lxxDWR1yYWEGEkDYt5KwV1cZbdtSg',
03-23 22:11:47.018  5281  5300 E OpenGLRenderer: Unable to match the desired swap behavior.
03-23 22:11:47.972   388   388 E BpTransactionCompletedListener: Failed to transact (-32)
03-23 22:11:50.791  5281  5336 I ReactNativeJS: Starting update download...
03-23 22:11:51.220  5281  5336 I ReactNativeJS: Update download complete
03-23 22:11:51.350  5281  5300 E OpenGLRenderer: Unable to match the desired swap behavior.
03-23 22:11:52.959  5281  5336 I ReactNativeJS: Preparing to restart app...
03-23 22:11:53.865  5281  5416 E ReactNativeJS: Error: Cannot find native module 'ExpoNetwork', js engine: hermes
03-23 22:11:53.868  5281  5416 I ReactNativeJS: Running "main"
03-23 22:11:53.869  5281  5416 E ReactNativeJS: Invariant Violation: "main" has not been registered. This can happen if:
03-23 22:11:53.869  5281  5416 E ReactNativeJS: * Metro (the local dev server) is run from the wrong folder. Check if Metro is running, stop it and restart it in the current project.
03-23 22:11:53.869  5281  5416 E ReactNativeJS: * A module failed to load due to an error and `AppRegistry.registerComponent` wasn't called., js engine: hermes
--------- beginning of crash
03-23 22:11:53.903  5281  5417 E AndroidRuntime: FATAL EXCEPTION: mqt_native_modules
03-23 22:11:53.903  5281  5417 E AndroidRuntime: Process: com.cocowallet.cocowallet, PID: 5281
03-23 22:11:53.903  5281  5417 E AndroidRuntime: com.facebook.react.common.JavascriptException: Error: Cannot find native module 'ExpoNetwork', js engine: hermes, stack:
03-23 22:11:53.903  5281  5417 E AndroidRuntime: requireNativeModule@1:742705
03-23 22:11:53.903  5281  5417 E AndroidRuntime: anonymous@1:1216810
03-23 22:11:53.903  5281  5417 E AndroidRuntime: loadModuleImplementation@1:73405
03-23 22:11:53.903  5281  5417 E AndroidRuntime: guardedLoadModule@1:72934
03-23 22:11:53.903  5281  5417 E AndroidRuntime: metroRequire@1:72564
03-23 22:11:53.903  5281  5417 E AndroidRuntime: anonymous@1:1215886
03-23 22:11:53.903  5281  5417 E AndroidRuntime: loadModuleImplementation@1:73405
03-23 22:11:53.903  5281  5417 E AndroidRuntime: guardedLoadModule@1:72934
03-23 22:11:53.903  5281  5417 E AndroidRuntime: metroRequire@1:72564
03-23 22:11:53.903  5281  5417 E AndroidRuntime: anonymous@1:1115224
03-23 22:11:53.903  5281  5417 E AndroidRuntime: loadModuleImplementation@1:73405
03-23 22:11:53.903  5281  5417 E AndroidRuntime: guardedLoadModule@1:72934
03-23 22:11:53.903  5281  5417 E AndroidRuntime: metroRequire@1:72564
03-23 22:11:53.903  5281  5417 E AndroidRuntime: anonymous@1:1066356
03-23 22:11:53.903  5281  5417 E AndroidRuntime: loadModuleImplementation@1:73405
03-23 22:11:53.903  5281  5417 E AndroidRuntime: guardedLoadModule@1:72934
03-23 22:11:53.903  5281  5417 E AndroidRuntime: metroRequire@1:72564
03-23 22:11:53.903  5281  5417 E AndroidRuntime: anonymous@1:876153
03-23 22:11:53.903  5281  5417 E AndroidRuntime: loadModuleImplementation@1:73405
03-23 22:11:53.903  5281  5417 E AndroidRuntime: guardedLoadModule@1:72934
03-23 22:11:53.903  5281  5417 E AndroidRuntime: metroRequire@1:72564
03-23 22:11:53.903  5281  5417 E AndroidRuntime: anonymous@1:755675
03-23 22:11:53.903  5281  5417 E AndroidRuntime: loadModuleImplementation@1:73405
03-23 22:11:53.903  5281  5417 E AndroidRuntime: guardedLoadModule@1:72934
03-23 22:11:53.903  5281  5417 E AndroidRuntime: metroRequire@1:72564
03-23 22:11:53.903  5281  5417 E AndroidRuntime: anonymous@1:79491
03-23 22:11:53.903  5281  5417 E AndroidRuntime: loadModuleImplementation@1:73405
03-23 22:11:53.903  5281  5417 E AndroidRuntime: guardedLoadModule@1:72891
03-23 22:11:53.903  5281  5417 E AndroidRuntime: metroRequire@1:72564
03-23 22:11:53.903  5281  5417 E AndroidRuntime: global@1:72092
03-23 22:11:53.903  5281  5417 E AndroidRuntime: 
03-23 22:11:53.903  5281  5417 E AndroidRuntime: 	at com.facebook.react.modules.core.ExceptionsManagerModule.reportException(ExceptionsManagerModule.kt:52)
03-23 22:11:53.903  5281  5417 E AndroidRuntime: 	at java.lang.reflect.Method.invoke(Native Method)
03-23 22:11:53.903  5281  5417 E AndroidRuntime: 	at com.facebook.react.bridge.JavaMethodWrapper.invoke(JavaMethodWrapper.java:372)
03-23 22:11:53.903  5281  5417 E AndroidRuntime: 	at com.facebook.react.bridge.JavaModuleWrapper.invoke(JavaModuleWrapper.java:146)
03-23 22:11:53.903  5281  5417 E AndroidRuntime: 	at com.facebook.jni.NativeRunnable.run(Native Method)
03-23 22:11:53.903  5281  5417 E AndroidRuntime: 	at android.os.Handler.handleCallback(Handler.java:958)
03-23 22:11:53.903  5281  5417 E AndroidRuntime: 	at android.os.Handler.dispatchMessage(Handler.java:99)
03-23 22:11:53.903  5281  5417 E AndroidRuntime: 	at com.facebook.react.bridge.queue.MessageQueueThreadHandler.dispatchMessage(MessageQueueThreadHandler.java:27)
03-23 22:11:53.903  5281  5417 E AndroidRuntime: 	at android.os.Looper.loopOnce(Looper.java:205)
03-23 22:11:53.903  5281  5417 E AndroidRuntime: 	at android.os.Looper.loop(Looper.java:294)
03-23 22:11:53.903  5281  5417 E AndroidRuntime: 	at com.facebook.react.bridge.queue.MessageQueueThreadImpl.lambda$startNewBackgroundThread$2(MessageQueueThreadImpl.java:217)
03-23 22:11:53.903  5281  5417 E AndroidRuntime: 	at com.facebook.react.bridge.queue.MessageQueueThreadImpl$$ExternalSyntheticLambda1.run(D8$$SyntheticClass:0)
03-23 22:11:53.903  5281  5417 E AndroidRuntime: 	at java.lang.Thread.run(Thread.java:1012)
03-23 22:11:54.360  1845  2470 E OpenGLRenderer: Unable to match the desired swap behavior.
03-23 22:11:54.361  1164  1778 E OpenGLRenderer: Unable to match the desired swap behavior.
03-23 22:11:54.355   588   621 E IPCThreadState: Binder transaction failure: 231803/29189/-3
03-23 22:11:54.415  3232  3380 E OpenGLRenderer: Unable to match the desired swap behavior.
03-23 22:11:54.790  5424  5424 E llet.cocowallet: Not starting debugger since process cannot load the jdwp agent.
03-23 22:11:55.609   388   388 E BpTransactionCompletedListener: Failed to transact (-32)
03-23 22:11:56.004  5424  5444 E OpenGLRenderer: Unable to match the desired swap behavior.
03-23 22:11:57.347  5424  5482 E ReactNativeJS: Error: Cannot find native module 'ExpoNetwork', js engine: hermes
03-23 22:11:57.348  5424  5482 I ReactNativeJS: Running "main"
03-23 22:11:57.348  5424  5482 E ReactNativeJS: Invariant Violation: "main" has not been registered. This can happen if:
03-23 22:11:57.348  5424  5482 E ReactNativeJS: * Metro (the local dev server) is run from the wrong folder. Check if Metro is running, stop it and restart it in the current project.
03-23 22:11:57.348  5424  5482 E ReactNativeJS: * A module failed to load due to an error and `AppRegistry.registerComponent` wasn't called., js engine: hermes
03-23 22:11:57.353  5424  5483 E dev.expo.updates: {"timestamp":1742739117353,"message":"ErrorRecovery: exception encountered: Error: Cannot find native module 'ExpoNetwork', js engine: hermes, stack:\nrequireNativeModule@1:742705\nanonymous@1:1216810\nloadModuleImplementation@1:73405\nguardedLoadModule@1:72934\nmetroRequire@1:72564\nanonymous@1:1215886\nloadModuleImplementation@1:73405\nguardedLoadModule@1:72934\nmetroRequire@1:72564\nanonymous@1:1115224\nloadModuleImplementation@1:73405\nguardedLoadModule@1:72934\nmetroRequire@1:72564\nanonymous@1:1066356\nloadModuleImplementation@1:73405\nguardedLoadModule@1:72934\nmetroRequire@1:72564\nanonymous@1:876153\nloadModuleImplementation@1:73405\nguardedLoadModule@1:72934\nmetroRequire@1:72564\nanonymous@1:755675\nloadModuleImplementation@1:73405\nguardedLoadModule@1:72934\nmetroRequire@1:72564\nanonymous@1:79491\nloadModuleImplementation@1:73405\nguardedLoadModule@1:72891\nmetroRequire@1:72564\nglobal@1:72092\n","code":"Unknown","level":"error","stacktrace":["com.facebook.react.modules.core.ExceptionsManagerModule.reportException(ExceptionsManagerModule.kt:52)","java.lang.reflect.Method.invoke(Native Method)","com.facebook.react.bridge.JavaMethodWrapper.invoke(JavaMethodWrapper.java:372)","com.facebook.react.bridge.JavaModuleWrapper.invoke(JavaModuleWrapper.java:146)","com.facebook.jni.NativeRunnable.run(Native Method)","android.os.Handler.handleCallback(Handler.java:958)","android.os.Handler.dispatchMessage(Handler.java:99)","com.facebook.react.bridge.queue.MessageQueueThreadHandler.dispatchMessage(MessageQueueThreadHandler.java:27)","android.os.Looper.loopOnce(Looper.java:205)","android.os.Looper.loop(Looper.java:294)","com.facebook.react.bridge.queue.MessageQueueThreadImpl.lambda$startNewBackgroundThread$2(MessageQueueThreadImpl.java:217)","com.facebook.react.bridge.queue.MessageQueueThreadImpl$$ExternalSyntheticLambda1.run(D8$$SyntheticClass:0)","java.lang.Thread.run(Thread.java:1012)"]}
03-23 22:11:57.361  5424  5483 E dev.expo.updates: {"timestamp":1742739117361,"message":"ErrorRecovery: exception encountered: Invariant Violation: \"main\" has not been registered. This can happen if:\n* Metro (the local dev server) is run from the wrong folder. Check if Metro is running, stop it and restart it in the current project.\n* A module failed to load due to an error and `AppRegistry.registerComponent` wasn't called., js engine: hermes, stack:\ninvariant@1:154030\nrunApplication@1:398308\n__callFunction@1:157007\nanonymous@1:155447\n__guard@1:156388\ncallFunctionReturnFlushedQueue@1:155405\n","code":"Unknown","level":"error","stacktrace":["com.facebook.react.modules.core.ExceptionsManagerModule.reportException(ExceptionsManagerModule.kt:52)","java.lang.reflect.Method.invoke(Native Method)","com.facebook.react.bridge.JavaMethodWrapper.invoke(JavaMethodWrapper.java:372)","com.facebook.react.bridge.JavaModuleWrapper.invoke(JavaModuleWrapper.java:146)","com.facebook.jni.NativeRunnable.run(Native Method)","android.os.Handler.handleCallback(Handler.java:958)","android.os.Handler.dispatchMessage(Handler.java:99)","com.facebook.react.bridge.queue.MessageQueueThreadHandler.dispatchMessage(MessageQueueThreadHandler.java:27)","android.os.Looper.loopOnce(Looper.java:205)","android.os.Looper.loop(Looper.java:294)","com.facebook.react.bridge.queue.MessageQueueThreadImpl.lambda$startNewBackgroundThread$2(MessageQueueThreadImpl.java:217)","com.facebook.react.bridge.queue.MessageQueueThreadImpl$$ExternalSyntheticLambda1.run(D8$$SyntheticClass:0)","java.lang.Thread.run(Thread.java:1012)"]}
03-23 22:11:58.118  5424  5493 I ReactNativeJS: 'WalletScreen type:', 'function'
03-23 22:11:58.118  5424  5493 I ReactNativeJS: 'WalletScreen:', [Function: WalletScreen]
03-23 22:11:58.130  5424  5493 I ReactNativeJS: Running "main"
03-23 22:11:58.186  5424  5493 I ReactNativeJS: App started, preparing to check for updates...
03-23 22:11:58.250   588  1667 E TaskPersister: File error accessing recents directory (directory doesn't exist?).
03-23 22:11:58.264  5424  5493 I ReactNativeJS: 'ã€è®¾å¤‡ç®¡ç†ã€‘ä»Ž AsyncStorage èŽ·å–çš„è®¾å¤‡ ID:', 'android_e536ba0f-8cd2-4c9b-8a4a-345649de9293'
03-23 22:11:58.265  5424  5493 I ReactNativeJS: 'ã€é’±åŒ…ä¸Šä¸‹æ–‡ã€‘å½“å‰è®¾å¤‡ ID:', 'android_e536ba0f-8cd2-4c9b-8a4a-345649de9293'
03-23 22:11:59.859  5424  5493 I ReactNativeJS: 'ã€é’±åŒ…ä¸Šä¸‹æ–‡ã€‘èŽ·å–åˆ°çš„é’±åŒ…åˆ—è¡¨:', { status: 'error',
03-23 22:11:59.859  5424  5493 I ReactNativeJS:   message: 'Network error, please check your connection' }
03-23 22:11:59.880   588  2805 E SettingsToPropertiesMapper: key=persist.device_config.storage_native_boot.transcode_compat_manifest value=com.yelp.android,0,com.yy.biu,0,com.groupme.android,0,air.tv.douyu.android,0,com.baidu.mbaby,0,com.vlocker.locker,0,com.znxh.hyhuo,0,com.yixia.xiaokaxiu,0 exceeds system property max length.
03-23 22:12:00.774  5424  5493 I ReactNativeJS: 'ä»·æ ¼å˜åŒ–:', 0
03-23 22:12:01.038  5424  5493 I ReactNativeJS: 'ã€è®¾å¤‡ç®¡ç†ã€‘ä»Ž AsyncStorage èŽ·å–çš„è®¾å¤‡ ID:', 'android_e536ba0f-8cd2-4c9b-8a4a-345649de9293'
03-23 22:12:01.074  5424  5493 I ReactNativeJS: 'ã€è®¾å¤‡ç®¡ç†ã€‘ä»Ž AsyncStorage èŽ·å–çš„è®¾å¤‡ ID:', 'android_e536ba0f-8cd2-4c9b-8a4a-345649de9293'
03-23 22:12:01.080  5424  5493 I ReactNativeJS: 'ã€è®¾å¤‡ç®¡ç†ã€‘ä»Ž AsyncStorage èŽ·å–çš„è®¾å¤‡ ID:', 'android_e536ba0f-8cd2-4c9b-8a4a-345649de9293'
03-23 22:12:01.850  5424  5493 I ReactNativeJS: 'ã€è®¾å¤‡ç®¡ç†ã€‘ä»Ž AsyncStorage èŽ·å–çš„è®¾å¤‡ ID:', 'android_e536ba0f-8cd2-4c9b-8a4a-345649de9293'
03-23 22:12:03.200  5424  5493 I ReactNativeJS: Starting update check...
03-23 22:12:03.200  5424  5493 I ReactNativeJS: 'Updates config:', { runtimeVersion: '1.0.0',
03-23 22:12:03.200  5424  5493 I ReactNativeJS:   channel: 'production',
03-23 22:12:03.200  5424  5493 I ReactNativeJS:   isEnabled: true,
03-23 22:12:03.200  5424  5493 I ReactNativeJS:   isEmergencyLaunch: false,
03-23 22:12:03.200  5424  5493 I ReactNativeJS:   updateUrl: undefined }
03-23 22:12:03.306   588  5522 E SettingsToPropertiesMapper: key=persist.device_config.configuration.AdbWritableFlags__adb_writable_flags_list value=adservices/disable_sdk_sandbox,adservices/enforce_broadcast_receiver_restrictions,adservices/fledge_ad_selection_enforce_foreground_status_custom_audience,adservices/fledge_custom_audience_max_count,adservices/fledge_custom_audience_max_num_ads,adservices/fledge_custom_audience_max_owner_count,adservices/fledge_custom_audience_per_app_max_count,adservices/fledge_js_isolate_enforce_max_heap_size,adservices/fledge_js_isolate_max_heap_size_bytes,adservices/sdk_request_permits_per_second,adservices/sdksandbox_customized_sdk_context_enabled,configuration/namespace_to_package_mapping,constrain_display_apis/always_constrain_display_apis,constrain_display_apis/never_constrain_display_apis,constrain_display_apis/never_constrain_display_apis_all_packages,device_policy_manager/disable_resources_updatability,flipendo/default_savings_mode_launch,flipendo/essential_apps,flipendo/flipendo_enabled_launch,flipendo/grayscale_enabled_launch,flipendo/lever_ble_scanning_enabled_launch,flipendo/lever_hotspot_enabled_launch,flipendo/lever_work_profile_enabled_launch,flipendo/resuspend_delay_minutes,namespace/key,namespace1/key1,namespace1/key2,namespace2/key1,namespace2/key2,package_manager_service/incfs_default_timeouts,package_manager_service/known_digesters_list,privacy/location_access_check_periodic_interval_millis,rollback/enable_rollback_timeout,rollback/watchdog_explicit_health_check_enabled,rollback/watchdog_request_timeout_millis,rollback/watchdog_trigger_failure_count,rollback/watchdog_trigger_failure_duration_millis,rollback_boot/rollback_lifetime_in_millis,systemui/nas_generate_actions,systemui/nas_generate_replies,systemui/nas_max_messages_to_extract,systemui/nas_max_suggestions,testspace/another,testspace/flagname,textclassifier/config_updater_model_enabled,textclassifier/key,textclassifier/key2,textclassifier/manifest_url_annotator_en,textclassifier/manifest_url_annotator_ru,textclassifier/model_download_backoff_delay_in_millis,textclassifier/model_download_manager_enabled,textclassifier/multi_language_support_enabled,textclassifier/testing_locale_list_override,textclassifier/textclassifier_service_package_override,window_manager/enable_default_rescind_bal_privileges_from_pending_intent_sender,wrong/nas_generate_replies, exceeds system property max length.
03-23 22:12:03.700  5424  5493 I ReactNativeJS: 'Update check result:', { reason: 'updatePreviouslyFailed',
03-23 22:12:03.700  5424  5493 I ReactNativeJS:   isRollBackToEmbedded: false,
03-23 22:12:03.700  5424  5493 I ReactNativeJS:   isAvailable: false }
03-23 22:12:03.700  5424  5493 I ReactNativeJS: Already on the latest version
03-23 22:12:04.737   588   588 E DeviceConfig: Parsing int failed for location_mode
03-23 22:12:07.760  5424  5493 I ReactNativeJS: 'ã€è®¾å¤‡ç®¡ç†ã€‘ä»Ž AsyncStorage èŽ·å–çš„è®¾å¤‡ ID:', 'android_e536ba0f-8cd2-4c9b-8a4a-345649de9293'
03-23 22:12:07.761  5424  5493 I ReactNativeJS: 'Device ID for importing wallet:', 'android_e536ba0f-8cd2-4c9b-8a4a-345649de9293'
03-23 22:12:08.821  5424  5493 I ReactNativeJS: 'Password Status:', { status: 'error',
03-23 22:12:08.821  5424  5493 I ReactNativeJS:   message: 'Network error, please check your connection',
03-23 22:12:08.821  5424  5493 I ReactNativeJS:   hasPassword: false }
03-23 22:12:08.821  5424  5493 I ReactNativeJS: Navigating to SelectChain for importing wallet
03-23 22:12:09.862  5424  5444 E OpenGLRenderer: Unable to match the desired swap behavior.
03-23 22:12:43.050  3266  5390 E WakeLock: GCM_HB_ALARM release without a matched acquire!
03-23 22:12:43.060  3266  5390 E WakeLock: GCM_CONN_ALARM release without a matched acquire!
03-23 22:12:52.592  3266  5581 E WakeLock: GCM_CONN_ALARM release without a matched acquire!
03-23 22:13:52.610  3266  5582 E WakeLock: GCM_HB_ALARM release without a matched acquire!
03-23 22:13:52.637  3266  5582 E WakeLock: GCM_CONN_ALARM release without a matched acquire!
03-23 22:13:59.240  3266  5605 E WakeLock: GCM_CONN_ALARM release without a matched acquire!
03-23 22:14:08.770   588   750 E WifiStaIfaceAidlImpl: installApfPacketFilter failed with service-specific exception: android.os.ServiceSpecificException:  (code 4)
03-23 22:14:59.224  3266  5606 E WakeLock: GCM_HB_ALARM release without a matched acquire!
03-23 22:14:59.232  3266  5606 E WakeLock: GCM_CONN_ALARM release without a matched acquire!
03-23 22:15:06.595  3266  5624 E WakeLock: GCM_CONN_ALARM release without a matched acquire!
03-23 22:16:06.684  3266  5581 E WakeLock: GCM_HB_ALARM release without a matched acquire!
03-23 22:16:06.730  3266  5581 E WakeLock: GCM_CONN_ALARM release without a matched acquire!
03-23 22:16:12.906  3266  5646 E WakeLock: GCM_CONN_ALARM release without a matched acquire!
03-23 22:16:21.636  1845  1845 E A       : onError
03-23 22:16:21.636  1845  1845 E A       : com.google.android.apps.gsa.shared.speech.a.m: errorCode: 65561, engine: 2
