03-23 22:16:21.636  1845  1845 E A       : 	at com.google.android.apps.gsa.staticplugins.da.a.f.a(PG:3)
03-23 22:16:21.636  1845  1845 E A       : 	at com.google.android.apps.gsa.s3.o.gO(PG:1)
03-23 22:16:21.636  1845  1845 E A       : 	at com.google.cc.g.a.f.e(PG:2)
03-23 22:16:21.636  1845  1845 E A       : 	at com.google.android.apps.gsa.speech.k.a.g.d(PG:22)
03-23 22:16:21.636  1845  1845 E A       : 	at com.google.android.apps.gsa.speech.k.a.g.jB(PG:6)
03-23 22:16:21.636  1845  1845 E A       : 	at com.google.android.apps.gsa.s3.p.c(PG:14)
03-23 22:16:21.636  1845  1845 E A       : 	at com.google.android.apps.gsa.s3.q.run(PG:1)
03-23 22:16:21.636  1845  1845 E A       : 	at java.util.concurrent.Executors$RunnableAdapter.call(Executors.java:487)
03-23 22:16:21.636  1845  1845 E A       : 	at java.util.concurrent.FutureTask.run(FutureTask.java:264)
03-23 22:16:21.636  1845  1845 E A       : 	at com.google.android.apps.gsa.shared.util.c.a.e.run(PG:2)
03-23 22:16:21.636  1845  1845 E A       : 	at com.google.android.apps.gsa.shared.util.c.a.bi.run(PG:1)
03-23 22:16:21.636  1845  1845 E A       : 	at com.google.android.apps.gsa.shared.util.c.a.bi.run(PG:1)
03-23 22:16:21.636  1845  1845 E A       : 	at java.util.concurrent.ThreadPoolExecutor.runWorker(ThreadPoolExecutor.java:1145)
03-23 22:16:21.636  1845  1845 E A       : 	at java.util.concurrent.ThreadPoolExecutor$Worker.run(ThreadPoolExecutor.java:644)
03-23 22:16:21.636  1845  1845 E A       : 	at java.lang.Thread.run(Thread.java:1012)
03-23 22:16:21.636  1845  1845 E A       : 	at com.google.android.apps.gsa.shared.util.c.a.l.run(PG:5)
03-23 22:16:21.636  1845  1845 E A       : Caused by: com.google.android.apps.gsa.shared.speech.a.o: errorCode: 65586, engine: 2
03-23 22:16:21.636  1845  1845 E A       : 	... 15 more
03-23 22:16:21.636  1845  1845 E A       : Caused by: com.google.android.apps.gsa.shared.speech.a.k: errorCode: 401, engine: 2
03-23 22:16:21.636  1845  1845 E A       : 	at com.google.android.apps.gsa.assistant.shared.n.h.a(PG:5)
03-23 22:16:21.636  1845  1845 E A       : 	at com.google.android.apps.gsa.s3.producers.j.hh(PG:2)
03-23 22:16:21.636  1845  1845 E A       : 	at com.google.android.apps.gsa.speech.k.a.g.d(PG:16)
03-23 22:16:21.636  1845  1845 E A       : 	... 12 more
03-23 22:17:12.915  3266  5646 E WakeLock: GCM_HB_ALARM release without a matched acquire!
03-23 22:17:12.929  3266  5646 E WakeLock: GCM_CONN_ALARM release without a matched acquire!
03-23 22:17:18.497  3266  5688 E WakeLock: GCM_CONN_ALARM release without a matched acquire!
03-23 22:17:21.941   372   392 E IPCThreadState: binder thread pool (1 threads) starved for 123 ms
03-23 22:18:18.593  3266  5688 E WakeLock: GCM_HB_ALARM release without a matched acquire!
03-23 22:18:18.601  3266  5688 E WakeLock: GCM_CONN_ALARM release without a matched acquire!
03-23 22:18:28.527  3266  5706 E WakeLock: GCM_CONN_ALARM release without a matched acquire!
03-23 22:19:29.068  3266  5688 E WakeLock: GCM_HB_ALARM release without a matched acquire!
03-23 22:19:29.158  3266  5688 E WakeLock: GCM_CONN_ALARM release without a matched acquire!
03-23 22:19:39.460  3266  5723 E WakeLock: GCM_CONN_ALARM release without a matched acquire!
03-23 22:19:51.532   588   750 E WifiStaIfaceAidlImpl: installApfPacketFilter failed with service-specific exception: android.os.ServiceSpecificException:  (code 4)
03-23 22:20:39.329  3266  5723 E WakeLock: GCM_HB_ALARM release without a matched acquire!
03-23 22:20:39.343  3266  5723 E WakeLock: GCM_CONN_ALARM release without a matched acquire!
03-23 22:20:44.796  3266  5647 E WakeLock: GCM_CONN_ALARM release without a matched acquire!
03-23 22:21:00.152   588  5742 E GnssPsdsDownloader: No Long-Term PSDS servers were specified in the GnssConfiguration
03-23 22:21:44.809  3266  5740 E WakeLock: GCM_HB_ALARM release without a matched acquire!
03-23 22:21:44.816  3266  5740 E WakeLock: GCM_CONN_ALARM release without a matched acquire!
03-23 22:21:50.369  3266  5760 E WakeLock: GCM_CONN_ALARM release without a matched acquire!
03-23 22:22:50.394  3266  5688 E WakeLock: GCM_HB_ALARM release without a matched acquire!
03-23 22:22:50.401  3266  5688 E WakeLock: GCM_CONN_ALARM release without a matched acquire!
03-23 22:22:58.234  3266  5779 E WakeLock: GCM_CONN_ALARM release without a matched acquire!
03-23 22:23:58.691  3266  5780 E WakeLock: GCM_HB_ALARM release without a matched acquire!
03-23 22:23:58.718  3266  5780 E WakeLock: GCM_CONN_ALARM release without a matched acquire!
03-23 22:24:04.401  3266  5797 E WakeLock: GCM_CONN_ALARM release without a matched acquire!
03-23 22:25:04.435  3266  5760 E WakeLock: GCM_HB_ALARM release without a matched acquire!
03-23 22:25:04.454  3266  5760 E WakeLock: GCM_CONN_ALARM release without a matched acquire!
03-23 22:25:14.429  3266  5815 E WakeLock: GCM_CONN_ALARM release without a matched acquire!
03-23 22:25:42.581  5821  5821 E d.configupdater: Not starting debugger since process cannot load the jdwp agent.
03-23 22:25:42.840  1845  1845 E A       : onError
03-23 22:25:42.840  1845  1845 E A       : com.google.android.apps.gsa.shared.speech.a.m: errorCode: 65561, engine: 2
03-23 22:25:42.840  1845  1845 E A       : 	at com.google.android.apps.gsa.staticplugins.da.a.f.a(PG:3)
03-23 22:25:42.840  1845  1845 E A       : 	at com.google.android.apps.gsa.s3.o.gO(PG:1)
03-23 22:25:42.840  1845  1845 E A       : 	at com.google.cc.g.a.f.e(PG:2)
03-23 22:25:42.840  1845  1845 E A       : 	at com.google.android.apps.gsa.speech.k.a.g.d(PG:22)
03-23 22:25:42.840  1845  1845 E A       : 	at com.google.android.apps.gsa.speech.k.a.g.jB(PG:6)
03-23 22:25:42.840  1845  1845 E A       : 	at com.google.android.apps.gsa.s3.p.c(PG:14)
03-23 22:25:42.840  1845  1845 E A       : 	at com.google.android.apps.gsa.s3.q.run(PG:1)
03-23 22:25:42.840  1845  1845 E A       : 	at java.util.concurrent.Executors$RunnableAdapter.call(Executors.java:487)
03-23 22:25:42.840  1845  1845 E A       : 	at java.util.concurrent.FutureTask.run(FutureTask.java:264)
03-23 22:25:42.840  1845  1845 E A       : 	at com.google.android.apps.gsa.shared.util.c.a.e.run(PG:2)
03-23 22:25:42.840  1845  1845 E A       : 	at com.google.android.apps.gsa.shared.util.c.a.bi.run(PG:1)
03-23 22:25:42.840  1845  1845 E A       : 	at com.google.android.apps.gsa.shared.util.c.a.bi.run(PG:1)
03-23 22:25:42.840  1845  1845 E A       : 	at java.util.concurrent.ThreadPoolExecutor.runWorker(ThreadPoolExecutor.java:1145)
03-23 22:25:42.840  1845  1845 E A       : 	at java.util.concurrent.ThreadPoolExecutor$Worker.run(ThreadPoolExecutor.java:644)
03-23 22:25:42.840  1845  1845 E A       : 	at java.lang.Thread.run(Thread.java:1012)
03-23 22:25:42.840  1845  1845 E A       : 	at com.google.android.apps.gsa.shared.util.c.a.l.run(PG:5)
03-23 22:25:42.840  1845  1845 E A       : Caused by: com.google.android.apps.gsa.shared.speech.a.o: errorCode: 65586, engine: 2
03-23 22:25:42.840  1845  1845 E A       : 	... 15 more
03-23 22:25:42.840  1845  1845 E A       : Caused by: com.google.android.apps.gsa.shared.speech.a.k: errorCode: 401, engine: 2
03-23 22:25:42.840  1845  1845 E A       : 	at com.google.android.apps.gsa.assistant.shared.n.h.a(PG:5)
03-23 22:25:42.840  1845  1845 E A       : 	at com.google.android.apps.gsa.s3.producers.j.hh(PG:2)
03-23 22:25:42.840  1845  1845 E A       : 	at com.google.android.apps.gsa.speech.k.a.g.d(PG:16)
03-23 22:25:42.840  1845  1845 E A       : 	... 12 more
03-23 22:26:14.446  3266  5741 E WakeLock: GCM_HB_ALARM release without a matched acquire!
03-23 22:26:14.454  3266  5741 E WakeLock: GCM_CONN_ALARM release without a matched acquire!
03-23 22:26:24.276  3266  5898 E WakeLock: GCM_CONN_ALARM release without a matched acquire!
03-23 22:27:24.289  3266  5780 E WakeLock: GCM_HB_ALARM release without a matched acquire!
03-23 22:27:24.305  3266  5780 E WakeLock: GCM_CONN_ALARM release without a matched acquire!
03-23 22:27:29.788  3266  5934 E WakeLock: GCM_CONN_ALARM release without a matched acquire!
03-23 22:28:30.024  3266  5816 E WakeLock: GCM_HB_ALARM release without a matched acquire!
03-23 22:28:30.078  3266  5816 E WakeLock: GCM_CONN_ALARM release without a matched acquire!
03-23 22:28:35.651   588   750 E WifiStaIfaceAidlImpl: installApfPacketFilter failed with service-specific exception: android.os.ServiceSpecificException:  (code 4)
03-23 22:28:36.065  3266  5898 E WakeLock: GCM_CONN_ALARM release without a matched acquire!
03-23 22:29:22.444   588  1532 E PermissionManager: Unknown package: com.your.app.package
03-23 22:29:28.655   588  1532 E PermissionManager: Unknown package: com.your.app.package
03-23 22:29:36.046  3266  5953 E WakeLock: GCM_HB_ALARM release without a matched acquire!
03-23 22:29:36.061  3266  5953 E WakeLock: GCM_CONN_ALARM release without a matched acquire!
03-23 22:29:41.529  3266  5780 E WakeLock: GCM_CONN_ALARM release without a matched acquire!
03-23 22:30:41.630  3266  5980 E WakeLock: GCM_HB_ALARM release without a matched acquire!
03-23 22:30:41.644  3266  5980 E WakeLock: GCM_CONN_ALARM release without a matched acquire!
03-23 22:30:49.079  3266  5816 E WakeLock: GCM_CONN_ALARM release without a matched acquire!
03-23 22:31:49.136  3266  5998 E WakeLock: GCM_HB_ALARM release without a matched acquire!
03-23 22:31:49.143  3266  5998 E WakeLock: GCM_CONN_ALARM release without a matched acquire!
03-23 22:31:54.625  3266  6019 E WakeLock: GCM_CONN_ALARM release without a matched acquire!
03-23 22:32:54.703  3266  5998 E WakeLock: GCM_HB_ALARM release without a matched acquire!
03-23 22:32:54.717  3266  5998 E WakeLock: GCM_CONN_ALARM release without a matched acquire!
03-23 22:33:06.858  3266  5998 E WakeLock: GCM_CONN_ALARM release without a matched acquire!
03-23 22:34:00.504   588   750 E WifiStaIfaceAidlImpl: installApfPacketFilter failed with service-specific exception: android.os.ServiceSpecificException:  (code 4)
03-23 22:34:06.692  3266  6037 E WakeLock: GCM_HB_ALARM release without a matched acquire!
03-23 22:34:06.710  3266  6037 E WakeLock: GCM_CONN_ALARM release without a matched acquire!
03-23 22:34:16.637  3266  6037 E WakeLock: GCM_CONN_ALARM release without a matched acquire!
03-23 22:35:16.622  3266  6058 E WakeLock: GCM_HB_ALARM release without a matched acquire!
03-23 22:35:16.631  3266  6058 E WakeLock: GCM_CONN_ALARM release without a matched acquire!
03-23 22:35:22.237  3266  6077 E WakeLock: GCM_CONN_ALARM release without a matched acquire!
03-23 22:36:22.241  3266  5998 E WakeLock: GCM_HB_ALARM release without a matched acquire!
03-23 22:36:22.248  3266  5998 E WakeLock: GCM_CONN_ALARM release without a matched acquire!
03-23 22:36:28.657  3266  6098 E WakeLock: GCM_CONN_ALARM release without a matched acquire!
03-23 22:36:33.949  5424  5493 I ReactNativeJS: 'ã€è®¾å¤‡ç®¡ç†ã€‘ä»Ž AsyncStorage èŽ·å–çš„è®¾å¤‡ ID:', 'android_e536ba0f-8cd2-4c9b-8a4a-345649de9293'
03-23 22:36:33.949  5424  5493 I ReactNativeJS: 'Device ID for importing wallet:', 'android_e536ba0f-8cd2-4c9b-8a4a-345649de9293'
03-23 22:36:35.013  5424  5493 I ReactNativeJS: 'Password Status:', { status: 'error',
03-23 22:36:35.013  5424  5493 I ReactNativeJS:   message: 'Network error, please check your connection',
03-23 22:36:35.013  5424  5493 I ReactNativeJS:   hasPassword: false }
03-23 22:36:35.013  5424  5493 I ReactNativeJS: Navigating to SelectChain for importing wallet
03-23 22:36:36.315  5424  5444 E OpenGLRenderer: Unable to match the desired swap behavior.
03-23 22:36:55.648  1845  2470 E OpenGLRenderer: Unable to match the desired swap behavior.
03-23 22:36:55.997  1164  1778 E OpenGLRenderer: Unable to match the desired swap behavior.
03-23 22:36:58.826  1537  1553 E native  : E0000 00:00:1742740618.811759    1553 mmap.cc:233] Error during Unmap / munmap: Invalid argument
03-23 22:37:04.096   588  1738 E ActivityTaskManager: Could not find activity for task 96
03-23 22:37:04.132   588  1667 E TaskPersister: File error accessing recents directory (directory doesn't exist?).
03-23 22:37:06.404  3232  3380 E OpenGLRenderer: Unable to match the desired swap behavior.
03-23 22:37:06.599  6126  6126 E llet.cocowallet: Not starting debugger since process cannot load the jdwp agent.
03-23 22:37:07.495  6126  6143 E OpenGLRenderer: Unable to match the desired swap behavior.
03-23 22:37:08.000   588  1667 E TaskPersister: File error accessing recents directory (directory doesn't exist?).
03-23 22:37:09.542  6126  6179 I ReactNativeJS: 'WalletScreen type:', 'function'
03-23 22:37:09.542  6126  6179 I ReactNativeJS: 'WalletScreen:', [Function: WalletScreen]
03-23 22:37:09.553  6126  6179 I ReactNativeJS: Running "main"
03-23 22:37:09.597  6126  6179 I ReactNativeJS: App started, preparing to check for updates...
03-23 22:37:09.609  6126  6179 I ReactNativeJS: 'ã€è®¾å¤‡ç®¡ç†ã€‘ä»Ž AsyncStorage èŽ·å–çš„è®¾å¤‡ ID:', 'android_e536ba0f-8cd2-4c9b-8a4a-345649de9293'
03-23 22:37:09.610  6126  6179 I ReactNativeJS: 'ã€é’±åŒ…ä¸Šä¸‹æ–‡ã€‘å½“å‰è®¾å¤‡ ID:', 'android_e536ba0f-8cd2-4c9b-8a4a-345649de9293'
03-23 22:37:10.921  6126  6179 I ReactNativeJS: 'ã€é’±åŒ…ä¸Šä¸‹æ–‡ã€‘èŽ·å–åˆ°çš„é’±åŒ…åˆ—è¡¨:', { status: 'error',
03-23 22:37:10.921  6126  6179 I ReactNativeJS:   message: 'Network error, please check your connection' }
03-23 22:37:11.739  6126  6179 I ReactNativeJS: 'ä»·æ ¼å˜åŒ–:', 0
03-23 22:37:11.779  6126  6179 I ReactNativeJS: 'ã€è®¾å¤‡ç®¡ç†ã€‘ä»Ž AsyncStorage èŽ·å–çš„è®¾å¤‡ ID:', 'android_e536ba0f-8cd2-4c9b-8a4a-345649de9293'
03-23 22:37:11.785  6126  6179 I ReactNativeJS: 'ã€è®¾å¤‡ç®¡ç†ã€‘ä»Ž AsyncStorage èŽ·å–çš„è®¾å¤‡ ID:', 'android_e536ba0f-8cd2-4c9b-8a4a-345649de9293'
03-23 22:37:11.786  6126  6179 I ReactNativeJS: 'ã€è®¾å¤‡ç®¡ç†ã€‘ä»Ž AsyncStorage èŽ·å–çš„è®¾å¤‡ ID:', 'android_e536ba0f-8cd2-4c9b-8a4a-345649de9293'
03-23 22:37:12.258  6126  6179 I ReactNativeJS: 'ã€è®¾å¤‡ç®¡ç†ã€‘ä»Ž AsyncStorage èŽ·å–çš„è®¾å¤‡ ID:', 'android_e536ba0f-8cd2-4c9b-8a4a-345649de9293'
03-23 22:37:14.617  6126  6179 I ReactNativeJS: Starting update check...
03-23 22:37:14.617  6126  6179 I ReactNativeJS: 'Updates config:', { runtimeVersion: '1.0.0',
03-23 22:37:14.617  6126  6179 I ReactNativeJS:   channel: 'production',
03-23 22:37:14.617  6126  6179 I ReactNativeJS:   isEnabled: true,
03-23 22:37:14.617  6126  6179 I ReactNativeJS:   isEmergencyLaunch: false,
03-23 22:37:14.617  6126  6179 I ReactNativeJS:   updateUrl: undefined }
03-23 22:37:14.950  6126  6179 I ReactNativeJS: 'Update check result:', { isRollBackToEmbedded: false,
03-23 22:37:14.950  6126  6179 I ReactNativeJS:   isAvailable: true,
03-23 22:37:14.950  6126  6179 I ReactNativeJS:   manifest: 
03-23 22:37:14.950  6126  6179 I ReactNativeJS:    { id: 'a853686f-ff57-4065-be32-b5f767b5d5ae',
03-23 22:37:14.950  6126  6179 I ReactNativeJS:      createdAt: '2025-03-23T14:35:51.924Z',
03-23 22:37:14.950  6126  6179 I ReactNativeJS:      runtimeVersion: '1.0.0',
03-23 22:37:14.950  6126  6179 I ReactNativeJS:      launchAsset: 
03-23 22:37:14.950  6126  6179 I ReactNativeJS:       { hash: '31WOZHNBl2N50PsC62eEQ9PB4tA0Koo3qpkGc9gejMg',
03-23 22:37:14.950  6126  6179 I ReactNativeJS:         key: 'b93a74de6cbc858d9917ad5748d63652',
03-23 22:37:14.950  6126  6179 I ReactNativeJS:         contentType: 'application/javascript',
03-23 22:37:14.950  6126  6179 I ReactNativeJS:         url: 'https://assets.eascdn.net/LxRvvx41mDyc8F_qSEjpyvHUAUyTz8D6XDlcmAOnzik?project=95917907-e15f-48be-92a3-012b879c0b76' },
03-23 22:37:14.950  6126  6179 I ReactNativeJS:      assets: 
03-23 22:37:14.950  6126  6179 I ReactNativeJS:       [ { hash: 'i2Gkx-9w3JJ1PwSUl2SC9m_UFQ7CPfx3KrZeEDc6-lU',
03-23 22:37:14.950  6126  6179 I ReactNativeJS:           key: '778ffc9fe8773a878e9c30a6304784de',
03-23 22:37:14.950  6126  6179 I ReactNativeJS:           contentType: 'image/png',
03-23 22:37:14.950  6126  6179 I ReactNativeJS:           fileExtension: '.png',
03-23 22:37:14.950  6126  6179 I ReactNativeJS:           url: 'https://assets.eascdn.net/idnX8z03q4vGLzhYMPaQGBADjhqvWe67_afPqJ1vGzM?project=95917907-e15f-48be-92a3-012b879c0b76' },
03-23 22:37:14.950  6126  6179 I ReactNativeJS:         { hash: 'kGZm3WiTRq2iMs42ia3vkHtCV_obWT8DY40rlJf2SIQ',
03-23 22:37:14.950  6126  6179 I ReactNativeJS:           key: 'c79c3606a1cf168006ad3979763c7e0c',
03-23 22:37:14.950  6126  6179 I ReactNativeJS:           contentType: 'image/png',
03-23 22:37:14.950  6126  6179 I ReactNativeJS:           fileExtension: '.png',
03-23 22:37:14.950  6126  6179 I ReactNativeJS:           url: 'https://assets.eascdn.net/k-3xHp3vP8mR36WdccUZVPTRJKpP-zlyboWdkXCIQpQ?project=95917907-e15f-48be-92a3-012b879c0b76' },
03-23 22:37:14.950  6126  6179 I ReactNativeJS:         { hash: '_6fuRbdkBbpzkhSVAI99aMneY5X0tpQdsGNGX244IyA',
03-23 22:37:14.950  6126  6179 I ReactNativeJS:           key: '02bc1fa7c0313217bde2d65ccbff40c9',
03-23 22:37:14.950  6126  6179 I ReactNativeJS:           contentType: 'image/png',
03-23 22:37:14.950  6126  6179 I ReactNativeJS:           fileExtension: '.png',
03-23 22:37:14.950  6126  6179 I ReactNativeJS:           url: 'https://assets.eascdn.net/lfqeUjiWFXwowhxVDBEzxsbTOEzYxMLebljy5Bh1mpU?project=95917907-e15f-48be-92a3-012b879c0b76' },
03-23 22:37:14.950  6126  6179 I ReactNativeJS:         { hash: 'hM9es7ICUPaeDkczvrTaX0F_BoKJKlrRteYlcHU8IbE',
03-23 22:37:14.950  6126  6179 I ReactNativeJS:           key: '35ba0eaec5a4f5ed12ca16fabeae451d',
03-23 22:37:14.950  6126  6179 I ReactNativeJS:           contentType: 'image/png',
03-23 22:37:14.950  6126  6179 I ReactNativeJS:           fileExtension: '.png',
03-23 22:37:14.950  6126  6179 I ReactNativeJS:           url: 'https://assets.eascdn.net/fMoMrsUeB5xWw_Ugn8FqGJf-M2pld2hkXKR704z0MM8?project=95917907-e15f-48be-92a3-012b879c0b76' },
03-23 22:37:14.950  6126  6179 I ReactNativeJS:         { hash: 'mtuMXvypMuK3MrKT2oE70uMZUiYwVrzp4lF_7A8LanY',
03-23 22:37:14.950  6126  6179 I ReactNativeJS:           key: '0a328cd9c1afd0afe8e3b1ec5165b1b4',
03-23 22:37:14.950  6126  6179 I ReactNativeJS:           contentType: 'image/png',
03-23 22:37:14.950  6126  6179 I ReactNativeJS:           fileExtension: '.png',
03-23 22:37:14.950  6126  6179 I ReactNativeJS:           url: 'https://assets.eascdn.net/LM4SxB4vhDe2iN4tYT0dAlPP_dsY-Zme_H-JpULtHa8?project=95917907-e15f-48be-92a3-012b879c0b76' },
03-23 22:37:14.950  6126  6179 I ReactNativeJS:         { hash: 'yGu0he7mh-BsUA_EI09RpnhLRTDCrhHQx2SBEQvOMQU',
03-23 22:37:14.950  6126  6179 I ReactNativeJS:           key: '3cd68ccdb8938e3711da2e8831b85493',
03-23 22:37:14.950  6126  6179 I ReactNativeJS:           contentType: 'image/png',
03-23 22:37:14.950  6126  6179 I ReactNativeJS:           fileExtension: '.png',
03-23 22:37:14.950  6126  6179 I ReactNativeJS:           url: 'https://assets.eascdn.net/A08F4i_QzJW79C3BCIZYmmpH_p2FkQbdTQZ_2hVWDeg?project=95917907-e15f-48be-92a3-012b879c0b76' },
03-23 22:37:14.950  6126  6179 I ReactNativeJS:         { hash: '0Dpc16Zu8QxRR5FvnVh4stCgpa1G9AWjHNmWfvqlWv0',
03-23 22:37:14.950  6126  6179 I ReactNativeJS:           key: '61ca7e64b7d605716c57706cef640b9a',
03-23 22:37:14.950  6126  6179 I ReactNativeJS:           contentType: 'image/png',
03-23 22:37:14.950  6126  6179 I ReactNativeJS:           fileExtension: '.png',
03-23 22:37:14.950  6126  6179 I ReactNativeJS:           url: 'https://assets.eascdn.net/04lOdmTXc1loPyqacYwao1j0xlM34n0vGxtIFY7ETTs?project=95917907-e15f-48be-92a3-012b879c0b76' },
03-23 22:37:14.950  6126  6179 I ReactNativeJS:         { hash: 'q1YT0s5w-mfFkm6DE1NmSUUZn8GV-m_nbF_jzsRS4xo',
03-23 22:37:14.950  6126  6179 I ReactNativeJS:           key: 'aff2c65b39a296d4f7e96d0f58169170',
03-23 22:37:14.950  6126  6179 I ReactNativeJS:           contentType: 'image/png',
03-23 22:37:14.950  6126  6179 I ReactNativeJS:           fileExtension: '.png',
03-23 22:37:14.950  6126  6179 I ReactNativeJS:           url: 'https://assets.eascdn.net/4s0taS6e9_zozzhgsa6FogUB4b0LQc1LMNbBLkxlIz0?project=95917907-e15f-48be-92a3-012b879c0b76' },
03-23 22:37:14.950  6126  6179 I ReactNativeJS:         { hash: 'xOVOagp95jaqFTN4-8YupKQWlb_t-Af5Dfexj_1zP2c',
03-23 22:37:14.950  6126  6179 I ReactNativeJS:           key: 'd8e7601e3df962f83c62371ac14964d8',
03-23 22:37:14.950  6126  6179 I ReactNativeJS:           contentType: 'image/png',
03-23 22:37:14.950  6126  6179 I ReactNativeJS:           fileExtension: '.png',
03-23 22:37:14.950  6126  6179 I ReactNativeJS:           url: 'https://assets.eascdn.net/g6PisuFJa8j79kTi3ZKboB3DcerIBZXujlFBVhXkh1s?project=95917907-e15f-48be-92a3-012b879c0b76' },
03-23 22:37:14.950  6126  6179 I ReactNativeJS:         { hash: 'yGu0he7mh-BsUA_EI09RpnhLRTDCrhHQx2SBEQvOMQU',
03-23 22:37:14.950  6126  6179 I ReactNativeJS:           key: '3cd68ccdb8938e3711da2e8831b85493',
03-23 22:37:14.950  6126  6179 I ReactNativeJS:           contentType: 'image/png',
03-23 22:37:14.950  6126  6179 I ReactNativeJS:           fileExtension: '.png',
03-23 22:37:14.950  6126  6179 I ReactNativeJS:           url: 'https://assets.eascdn.net/A08F4i_QzJW79C3BCIZYmmpH_p2FkQbdTQZ_2hVWDeg?project=95917907-e15f-48be-92a3-012b879c0b76' },
03-23 22:37:14.950  6126  6179 I ReactNativeJS:         { hash: 'IyXFOnPlTEOMu8YN_92LUT1HG6QuL1ZxPvQEuV4Mofw',
03-23 22:37:14.950  6126  6179 I ReactNativeJS:           key: '0747a1317bbe9c6fc340b889ef8ab3ae',
03-23 22:37:14.950  6126  6179 I ReactNativeJS:           contentType: 'image/png',
03-23 22:37:14.950  6126  6179 I ReactNativeJS:           fileExtension: '.png',
03-23 22:37:14.950  6126  6179 I ReactNativeJS:           url: 'https://assets.eascdn.net/DP7IegcRXP-7kIHiKmplB43A2HIM9nT01_O4JsXZKXI?project=95917907-e15f-48be-92a3-012b879c0b76' },
03-23 22:37:14.950  6126  6179 I ReactNativeJS:         { hash: 'sbwYEMoj4sOM12lxxDWR1yYWEGEkDYt5KwV1cZbdtSg',
03-23 22:37:15.029  6126  6143 E OpenGLRenderer: Unable to match the desired swap behavior.
03-23 22:37:16.232  6126  6179 I ReactNativeJS: Starting update download...
03-23 22:37:16.585  6126  6179 I ReactNativeJS: Update download complete
03-23 22:37:16.621  6126  6143 E OpenGLRenderer: Unable to match the desired swap behavior.
03-23 22:37:17.648  6126  6179 I ReactNativeJS: Preparing to restart app...
03-23 22:37:17.940  6126  6227 E ReactNativeJS: Error: Cannot find native module 'ExpoNetwork', js engine: hermes
03-23 22:37:17.941  6126  6227 I ReactNativeJS: Running "main"
03-23 22:37:17.942  6126  6227 E ReactNativeJS: Invariant Violation: "main" has not been registered. This can happen if:
03-23 22:37:17.942  6126  6227 E ReactNativeJS: * Metro (the local dev server) is run from the wrong folder. Check if Metro is running, stop it and restart it in the current project.
03-23 22:37:17.942  6126  6227 E ReactNativeJS: * A module failed to load due to an error and `AppRegistry.registerComponent` wasn't called., js engine: hermes
03-23 22:37:17.955  6126  6228 E dev.expo.updates: {"timestamp":1742740637954,"message":"ErrorRecovery: exception encountered: Error: Cannot find native module 'ExpoNetwork', js engine: hermes, stack:\nrequireNativeModule@1:762343\nanonymous@1:1240751\nloadModuleImplementation@1:73369\nguardedLoadModule@1:72898\nmetroRequire@1:72528\nanonymous@1:1239827\nloadModuleImplementation@1:73369\nguardedLoadModule@1:72898\nmetroRequire@1:72528\nanonymous@1:1139030\nloadModuleImplementation@1:73369\nguardedLoadModule@1:72898\nmetroRequire@1:72528\nanonymous@1:1089193\nloadModuleImplementation@1:73369\nguardedLoadModule@1:72898\nmetroRequire@1:72528\nanonymous@1:896186\nloadModuleImplementation@1:73369\nguardedLoadModule@1:72898\nmetroRequire@1:72528\nanonymous@1:775313\nloadModuleImplementation@1:73369\nguardedLoadModule@1:72898\nmetroRequire@1:72528\nanonymous@1:79455\nloadModuleImplementation@1:73369\nguardedLoadModule@1:72855\nmetroRequire@1:72528\nglobal@1:72056\n","code":"Unknown","level":"error","stacktrace":["com.facebook.react.modules.core.ExceptionsManagerModule.reportException(ExceptionsManagerModule.kt:52)","java.lang.reflect.Method.invoke(Native Method)","com.facebook.react.bridge.JavaMethodWrapper.invoke(JavaMethodWrapper.java:372)","com.facebook.react.bridge.JavaModuleWrapper.invoke(JavaModuleWrapper.java:146)","com.facebook.jni.NativeRunnable.run(Native Method)","android.os.Handler.handleCallback(Handler.java:958)","android.os.Handler.dispatchMessage(Handler.java:99)","com.facebook.react.bridge.queue.MessageQueueThreadHandler.dispatchMessage(MessageQueueThreadHandler.java:27)","android.os.Looper.loopOnce(Looper.java:205)","android.os.Looper.loop(Looper.java:294)","com.facebook.react.bridge.queue.MessageQueueThreadImpl.lambda$startNewBackgroundThread$2(MessageQueueThreadImpl.java:217)","com.facebook.react.bridge.queue.MessageQueueThreadImpl$$ExternalSyntheticLambda1.run(D8$$SyntheticClass:0)","java.lang.Thread.run(Thread.java:1012)"]}
03-23 22:37:17.958  6126  6151 E dev.expo.updates: {"timestamp":1742740637958,"message":"UpdatesErrorRecovery: could not recover from error, crashing","code":"Unknown","level":"error","stacktrace":["com.facebook.react.modules.core.ExceptionsManagerModule.reportException(ExceptionsManagerModule.kt:52)","java.lang.reflect.Method.invoke(Native Method)","com.facebook.react.bridge.JavaMethodWrapper.invoke(JavaMethodWrapper.java:372)","com.facebook.react.bridge.JavaModuleWrapper.invoke(JavaModuleWrapper.java:146)","com.facebook.jni.NativeRunnable.run(Native Method)","android.os.Handler.handleCallback(Handler.java:958)","android.os.Handler.dispatchMessage(Handler.java:99)","com.facebook.react.bridge.queue.MessageQueueThreadHandler.dispatchMessage(MessageQueueThreadHandler.java:27)","android.os.Looper.loopOnce(Looper.java:205)","android.os.Looper.loop(Looper.java:294)","com.facebook.react.bridge.queue.MessageQueueThreadImpl.lambda$startNewBackgroundThread$2(MessageQueueThreadImpl.java:217)","com.facebook.react.bridge.queue.MessageQueueThreadImpl$$ExternalSyntheticLambda1.run(D8$$SyntheticClass:0)","java.lang.Thread.run(Thread.java:1012)"]}
03-23 22:37:17.960  6126  6151 E AndroidRuntime: FATAL EXCEPTION: expo-updates-error-recovery
03-23 22:37:17.960  6126  6151 E AndroidRuntime: Process: com.cocowallet.cocowallet, PID: 6126
03-23 22:37:17.960  6126  6151 E AndroidRuntime: com.facebook.react.common.JavascriptException: Error: Cannot find native module 'ExpoNetwork', js engine: hermes, stack:
03-23 22:37:17.960  6126  6151 E AndroidRuntime: requireNativeModule@1:762343
03-23 22:37:17.960  6126  6151 E AndroidRuntime: anonymous@1:1240751
03-23 22:37:17.960  6126  6151 E AndroidRuntime: loadModuleImplementation@1:73369
03-23 22:37:17.960  6126  6151 E AndroidRuntime: guardedLoadModule@1:72898
03-23 22:37:17.960  6126  6151 E AndroidRuntime: metroRequire@1:72528
03-23 22:37:17.960  6126  6151 E AndroidRuntime: anonymous@1:1239827
03-23 22:37:17.960  6126  6151 E AndroidRuntime: loadModuleImplementation@1:73369
03-23 22:37:17.960  6126  6151 E AndroidRuntime: guardedLoadModule@1:72898
03-23 22:37:17.960  6126  6151 E AndroidRuntime: metroRequire@1:72528
03-23 22:37:17.960  6126  6151 E AndroidRuntime: anonymous@1:1139030
03-23 22:37:17.960  6126  6151 E AndroidRuntime: loadModuleImplementation@1:73369
03-23 22:37:17.960  6126  6151 E AndroidRuntime: guardedLoadModule@1:72898
03-23 22:37:17.960  6126  6151 E AndroidRuntime: metroRequire@1:72528
03-23 22:37:17.960  6126  6151 E AndroidRuntime: anonymous@1:1089193
03-23 22:37:17.960  6126  6151 E AndroidRuntime: loadModuleImplementation@1:73369
03-23 22:37:17.960  6126  6151 E AndroidRuntime: guardedLoadModule@1:72898
03-23 22:37:17.960  6126  6151 E AndroidRuntime: metroRequire@1:72528
03-23 22:37:17.960  6126  6151 E AndroidRuntime: anonymous@1:896186
03-23 22:37:17.960  6126  6151 E AndroidRuntime: loadModuleImplementation@1:73369
03-23 22:37:17.960  6126  6151 E AndroidRuntime: guardedLoadModule@1:72898
03-23 22:37:17.960  6126  6151 E AndroidRuntime: metroRequire@1:72528
03-23 22:37:17.960  6126  6151 E AndroidRuntime: anonymous@1:775313
03-23 22:37:17.960  6126  6151 E AndroidRuntime: loadModuleImplementation@1:73369
03-23 22:37:17.960  6126  6151 E AndroidRuntime: guardedLoadModule@1:72898
03-23 22:37:17.960  6126  6151 E AndroidRuntime: metroRequire@1:72528
03-23 22:37:17.960  6126  6151 E AndroidRuntime: anonymous@1:79455
03-23 22:37:17.960  6126  6151 E AndroidRuntime: loadModuleImplementation@1:73369
03-23 22:37:17.960  6126  6151 E AndroidRuntime: guardedLoadModule@1:72855
03-23 22:37:17.960  6126  6151 E AndroidRuntime: metroRequire@1:72528
03-23 22:37:17.960  6126  6151 E AndroidRuntime: global@1:72056
03-23 22:37:17.960  6126  6151 E AndroidRuntime: 
03-23 22:37:17.960  6126  6151 E AndroidRuntime: 	at com.facebook.react.modules.core.ExceptionsManagerModule.reportException(ExceptionsManagerModule.kt:52)
03-23 22:37:17.960  6126  6151 E AndroidRuntime: 	at java.lang.reflect.Method.invoke(Native Method)
03-23 22:37:17.960  6126  6151 E AndroidRuntime: 	at com.facebook.react.bridge.JavaMethodWrapper.invoke(JavaMethodWrapper.java:372)
03-23 22:37:17.960  6126  6151 E AndroidRuntime: 	at com.facebook.react.bridge.JavaModuleWrapper.invoke(JavaModuleWrapper.java:146)
03-23 22:37:17.960  6126  6151 E AndroidRuntime: 	at com.facebook.jni.NativeRunnable.run(Native Method)
03-23 22:37:17.960  6126  6151 E AndroidRuntime: 	at android.os.Handler.handleCallback(Handler.java:958)
03-23 22:37:17.960  6126  6151 E AndroidRuntime: 	at android.os.Handler.dispatchMessage(Handler.java:99)
03-23 22:37:17.960  6126  6151 E AndroidRuntime: 	at com.facebook.react.bridge.queue.MessageQueueThreadHandler.dispatchMessage(MessageQueueThreadHandler.java:27)
03-23 22:37:17.960  6126  6151 E AndroidRuntime: 	at android.os.Looper.loopOnce(Looper.java:205)
03-23 22:37:17.960  6126  6151 E AndroidRuntime: 	at android.os.Looper.loop(Looper.java:294)
03-23 22:37:17.960  6126  6151 E AndroidRuntime: 	at com.facebook.react.bridge.queue.MessageQueueThreadImpl.lambda$startNewBackgroundThread$2(MessageQueueThreadImpl.java:217)
03-23 22:37:17.960  6126  6151 E AndroidRuntime: 	at com.facebook.react.bridge.queue.MessageQueueThreadImpl$$ExternalSyntheticLambda1.run(D8$$SyntheticClass:0)
03-23 22:37:17.960  6126  6151 E AndroidRuntime: 	at java.lang.Thread.run(Thread.java:1012)
03-23 22:37:17.966  6126  6228 E dev.expo.updates: {"timestamp":1742740637965,"message":"ErrorRecovery: exception encountered: Invariant Violation: \"main\" has not been registered. This can happen if:\n* Metro (the local dev server) is run from the wrong folder. Check if Metro is running, stop it and restart it in the current project.\n* A module failed to load due to an error and `AppRegistry.registerComponent` wasn't called., js engine: hermes, stack:\ninvariant@1:153994\nrunApplication@1:404067\n__callFunction@1:156971\nanonymous@1:155411\n__guard@1:156352\ncallFunctionReturnFlushedQueue@1:155369\n","code":"Unknown","level":"error","stacktrace":["com.facebook.react.modules.core.ExceptionsManagerModule.reportException(ExceptionsManagerModule.kt:52)","java.lang.reflect.Method.invoke(Native Method)","com.facebook.react.bridge.JavaMethodWrapper.invoke(JavaMethodWrapper.java:372)","com.facebook.react.bridge.JavaModuleWrapper.invoke(JavaModuleWrapper.java:146)","com.facebook.jni.NativeRunnable.run(Native Method)","android.os.Handler.handleCallback(Handler.java:958)","android.os.Handler.dispatchMessage(Handler.java:99)","com.facebook.react.bridge.queue.MessageQueueThreadHandler.dispatchMessage(MessageQueueThreadHandler.java:27)","android.os.Looper.loopOnce(Looper.java:205)","android.os.Looper.loop(Looper.java:294)","com.facebook.react.bridge.queue.MessageQueueThreadImpl.lambda$startNewBackgroundThread$2(MessageQueueThreadImpl.java:217)","com.facebook.react.bridge.queue.MessageQueueThreadImpl$$ExternalSyntheticLambda1.run(D8$$SyntheticClass:0)","java.lang.Thread.run(Thread.java:1012)"]}
03-23 22:37:18.113  1845  2470 E OpenGLRenderer: Unable to match the desired swap behavior.
03-23 22:37:18.290   588   621 E IPCThreadState: Binder transaction failure: 431236/29189/-3
03-23 22:37:18.293  1164  1778 E OpenGLRenderer: Unable to match the desired swap behavior.
03-23 22:37:18.356  3232  3380 E OpenGLRenderer: Unable to match the desired swap behavior.
03-23 22:37:18.558  6235  6235 E llet.cocowallet: Not starting debugger since process cannot load the jdwp agent.
03-23 22:37:19.625   388   388 E BpTransactionCompletedListener: Failed to transact (-32)
03-23 22:37:19.729  6235  6259 E OpenGLRenderer: Unable to match the desired swap behavior.
03-23 22:37:21.053  6235  6297 E ReactNativeJS: Error: Cannot find native module 'ExpoNetwork', js engine: hermes
03-23 22:37:21.054  6235  6297 I ReactNativeJS: Running "main"
03-23 22:37:21.055  6235  6297 E ReactNativeJS: Invariant Violation: "main" has not been registered. This can happen if:
03-23 22:37:21.055  6235  6297 E ReactNativeJS: * Metro (the local dev server) is run from the wrong folder. Check if Metro is running, stop it and restart it in the current project.
03-23 22:37:21.055  6235  6297 E ReactNativeJS: * A module failed to load due to an error and `AppRegistry.registerComponent` wasn't called., js engine: hermes
03-23 22:37:21.062  6235  6298 E dev.expo.updates: {"timestamp":1742740641062,"message":"ErrorRecovery: exception encountered: Error: Cannot find native module 'ExpoNetwork', js engine: hermes, stack:\nrequireNativeModule@1:762343\nanonymous@1:1240751\nloadModuleImplementation@1:73369\nguardedLoadModule@1:72898\nmetroRequire@1:72528\nanonymous@1:1239827\nloadModuleImplementation@1:73369\nguardedLoadModule@1:72898\nmetroRequire@1:72528\nanonymous@1:1139030\nloadModuleImplementation@1:73369\nguardedLoadModule@1:72898\nmetroRequire@1:72528\nanonymous@1:1089193\nloadModuleImplementation@1:73369\nguardedLoadModule@1:72898\nmetroRequire@1:72528\nanonymous@1:896186\nloadModuleImplementation@1:73369\nguardedLoadModule@1:72898\nmetroRequire@1:72528\nanonymous@1:775313\nloadModuleImplementation@1:73369\nguardedLoadModule@1:72898\nmetroRequire@1:72528\nanonymous@1:79455\nloadModuleImplementation@1:73369\nguardedLoadModule@1:72855\nmetroRequire@1:72528\nglobal@1:72056\n","code":"Unknown","level":"error","stacktrace":["com.facebook.react.modules.core.ExceptionsManagerModule.reportException(ExceptionsManagerModule.kt:52)","java.lang.reflect.Method.invoke(Native Method)","com.facebook.react.bridge.JavaMethodWrapper.invoke(JavaMethodWrapper.java:372)","com.facebook.react.bridge.JavaModuleWrapper.invoke(JavaModuleWrapper.java:146)","com.facebook.jni.NativeRunnable.run(Native Method)","android.os.Handler.handleCallback(Handler.java:958)","android.os.Handler.dispatchMessage(Handler.java:99)","com.facebook.react.bridge.queue.MessageQueueThreadHandler.dispatchMessage(MessageQueueThreadHandler.java:27)","android.os.Looper.loopOnce(Looper.java:205)","android.os.Looper.loop(Looper.java:294)","com.facebook.react.bridge.queue.MessageQueueThreadImpl.lambda$startNewBackgroundThread$2(MessageQueueThreadImpl.java:217)","com.facebook.react.bridge.queue.MessageQueueThreadImpl$$ExternalSyntheticLambda1.run(D8$$SyntheticClass:0)","java.lang.Thread.run(Thread.java:1012)"]}
03-23 22:37:21.068  6235  6298 E dev.expo.updates: {"timestamp":1742740641068,"message":"ErrorRecovery: exception encountered: Invariant Violation: \"main\" has not been registered. This can happen if:\n* Metro (the local dev server) is run from the wrong folder. Check if Metro is running, stop it and restart it in the current project.\n* A module failed to load due to an error and `AppRegistry.registerComponent` wasn't called., js engine: hermes, stack:\ninvariant@1:153994\nrunApplication@1:404067\n__callFunction@1:156971\nanonymous@1:155411\n__guard@1:156352\ncallFunctionReturnFlushedQueue@1:155369\n","code":"Unknown","level":"error","stacktrace":["com.facebook.react.modules.core.ExceptionsManagerModule.reportException(ExceptionsManagerModule.kt:52)","java.lang.reflect.Method.invoke(Native Method)","com.facebook.react.bridge.JavaMethodWrapper.invoke(JavaMethodWrapper.java:372)","com.facebook.react.bridge.JavaModuleWrapper.invoke(JavaModuleWrapper.java:146)","com.facebook.jni.NativeRunnable.run(Native Method)","android.os.Handler.handleCallback(Handler.java:958)","android.os.Handler.dispatchMessage(Handler.java:99)","com.facebook.react.bridge.queue.MessageQueueThreadHandler.dispatchMessage(MessageQueueThreadHandler.java:27)","android.os.Looper.loopOnce(Looper.java:205)","android.os.Looper.loop(Looper.java:294)","com.facebook.react.bridge.queue.MessageQueueThreadImpl.lambda$startNewBackgroundThread$2(MessageQueueThreadImpl.java:217)","com.facebook.react.bridge.queue.MessageQueueThreadImpl$$ExternalSyntheticLambda1.run(D8$$SyntheticClass:0)","java.lang.Thread.run(Thread.java:1012)"]}
03-23 22:37:21.366  6235  6268 E dev.expo.updates: {"timestamp":1742740641365,"message":"UpdatesErrorRecovery: could not recover from error, crashing","code":"Unknown","level":"error","stacktrace":["com.facebook.react.modules.core.ExceptionsManagerModule.reportException(ExceptionsManagerModule.kt:52)","java.lang.reflect.Method.invoke(Native Method)","com.facebook.react.bridge.JavaMethodWrapper.invoke(JavaMethodWrapper.java:372)","com.facebook.react.bridge.JavaModuleWrapper.invoke(JavaModuleWrapper.java:146)","com.facebook.jni.NativeRunnable.run(Native Method)","android.os.Handler.handleCallback(Handler.java:958)","android.os.Handler.dispatchMessage(Handler.java:99)","com.facebook.react.bridge.queue.MessageQueueThreadHandler.dispatchMessage(MessageQueueThreadHandler.java:27)","android.os.Looper.loopOnce(Looper.java:205)","android.os.Looper.loop(Looper.java:294)","com.facebook.react.bridge.queue.MessageQueueThreadImpl.lambda$startNewBackgroundThread$2(MessageQueueThreadImpl.java:217)","com.facebook.react.bridge.queue.MessageQueueThreadImpl$$ExternalSyntheticLambda1.run(D8$$SyntheticClass:0)","java.lang.Thread.run(Thread.java:1012)"]}
03-23 22:37:21.366  6235  6268 E AndroidRuntime: FATAL EXCEPTION: expo-updates-error-recovery
03-23 22:37:21.366  6235  6268 E AndroidRuntime: Process: com.cocowallet.cocowallet, PID: 6235
03-23 22:37:21.366  6235  6268 E AndroidRuntime: com.facebook.react.common.JavascriptException: Error: Cannot find native module 'ExpoNetwork', js engine: hermes, stack:
03-23 22:37:21.366  6235  6268 E AndroidRuntime: requireNativeModule@1:762343
03-23 22:37:21.366  6235  6268 E AndroidRuntime: anonymous@1:1240751
03-23 22:37:21.366  6235  6268 E AndroidRuntime: loadModuleImplementation@1:73369
03-23 22:37:21.366  6235  6268 E AndroidRuntime: guardedLoadModule@1:72898
03-23 22:37:21.366  6235  6268 E AndroidRuntime: metroRequire@1:72528
03-23 22:37:21.366  6235  6268 E AndroidRuntime: anonymous@1:1239827
03-23 22:37:21.366  6235  6268 E AndroidRuntime: loadModuleImplementation@1:73369
03-23 22:37:21.366  6235  6268 E AndroidRuntime: guardedLoadModule@1:72898
03-23 22:37:21.366  6235  6268 E AndroidRuntime: metroRequire@1:72528
03-23 22:37:21.366  6235  6268 E AndroidRuntime: anonymous@1:1139030
03-23 22:37:21.366  6235  6268 E AndroidRuntime: loadModuleImplementation@1:73369
03-23 22:37:21.366  6235  6268 E AndroidRuntime: guardedLoadModule@1:72898
03-23 22:37:21.366  6235  6268 E AndroidRuntime: metroRequire@1:72528
03-23 22:37:21.366  6235  6268 E AndroidRuntime: anonymous@1:1089193
03-23 22:37:21.366  6235  6268 E AndroidRuntime: loadModuleImplementation@1:73369
03-23 22:37:21.366  6235  6268 E AndroidRuntime: guardedLoadModule@1:72898
03-23 22:37:21.366  6235  6268 E AndroidRuntime: metroRequire@1:72528
03-23 22:37:21.366  6235  6268 E AndroidRuntime: anonymous@1:896186
03-23 22:37:21.366  6235  6268 E AndroidRuntime: loadModuleImplementation@1:73369
03-23 22:37:21.366  6235  6268 E AndroidRuntime: guardedLoadModule@1:72898
03-23 22:37:21.366  6235  6268 E AndroidRuntime: metroRequire@1:72528
03-23 22:37:21.366  6235  6268 E AndroidRuntime: anonymous@1:775313
03-23 22:37:21.366  6235  6268 E AndroidRuntime: loadModuleImplementation@1:73369
03-23 22:37:21.366  6235  6268 E AndroidRuntime: guardedLoadModule@1:72898
03-23 22:37:21.366  6235  6268 E AndroidRuntime: metroRequire@1:72528
03-23 22:37:21.366  6235  6268 E AndroidRuntime: anonymous@1:79455
03-23 22:37:21.366  6235  6268 E AndroidRuntime: loadModuleImplementation@1:73369
03-23 22:37:21.366  6235  6268 E AndroidRuntime: guardedLoadModule@1:72855
03-23 22:37:21.366  6235  6268 E AndroidRuntime: metroRequire@1:72528
03-23 22:37:21.366  6235  6268 E AndroidRuntime: global@1:72056
03-23 22:37:21.366  6235  6268 E AndroidRuntime: 
03-23 22:37:21.366  6235  6268 E AndroidRuntime: 	at com.facebook.react.modules.core.ExceptionsManagerModule.reportException(ExceptionsManagerModule.kt:52)
03-23 22:37:21.366  6235  6268 E AndroidRuntime: 	at java.lang.reflect.Method.invoke(Native Method)
03-23 22:37:21.366  6235  6268 E AndroidRuntime: 	at com.facebook.react.bridge.JavaMethodWrapper.invoke(JavaMethodWrapper.java:372)
03-23 22:37:21.366  6235  6268 E AndroidRuntime: 	at com.facebook.react.bridge.JavaModuleWrapper.invoke(JavaModuleWrapper.java:146)
03-23 22:37:21.366  6235  6268 E AndroidRuntime: 	at com.facebook.jni.NativeRunnable.run(Native Method)
03-23 22:37:21.366  6235  6268 E AndroidRuntime: 	at android.os.Handler.handleCallback(Handler.java:958)
03-23 22:37:21.366  6235  6268 E AndroidRuntime: 	at android.os.Handler.dispatchMessage(Handler.java:99)
03-23 22:37:21.366  6235  6268 E AndroidRuntime: 	at com.facebook.react.bridge.queue.MessageQueueThreadHandler.dispatchMessage(MessageQueueThreadHandler.java:27)
03-23 22:37:21.366  6235  6268 E AndroidRuntime: 	at android.os.Looper.loopOnce(Looper.java:205)
03-23 22:37:21.366  6235  6268 E AndroidRuntime: 	at android.os.Looper.loop(Looper.java:294)
03-23 22:37:21.366  6235  6268 E AndroidRuntime: 	at com.facebook.react.bridge.queue.MessageQueueThreadImpl.lambda$startNewBackgroundThread$2(MessageQueueThreadImpl.java:217)
03-23 22:37:21.366  6235  6268 E AndroidRuntime: 	at com.facebook.react.bridge.queue.MessageQueueThreadImpl$$ExternalSyntheticLambda1.run(D8$$SyntheticClass:0)
03-23 22:37:21.366  6235  6268 E AndroidRuntime: 	at java.lang.Thread.run(Thread.java:1012)
03-23 22:37:21.409  1845  2470 E OpenGLRenderer: Unable to match the desired swap behavior.
03-23 22:37:21.437  1164  1778 E OpenGLRenderer: Unable to match the desired swap behavior.
03-23 22:37:21.575   588  2995 E OpenGLRenderer: Unable to match the desired swap behavior.
03-23 22:37:22.228   588  1667 E TaskPersister: File error accessing recents directory (directory doesn't exist?).
03-23 22:37:24.128  3232  3380 E OpenGLRenderer: Unable to match the desired swap behavior.
03-23 22:37:24.202  6315  6315 E ndroid.settings: Not starting debugger since process cannot load the jdwp agent.
03-23 22:37:25.698   588   605 E UserRestrictionsUtils: Unknown restriction queried by uid 1000 (android et al): null
03-23 22:37:25.904  6342  6342 E gs.intelligence: Not starting debugger since process cannot load the jdwp agent.
03-23 22:37:26.305   588  1667 E TaskPersister: File error accessing recents directory (directory doesn't exist?).
03-23 22:37:26.992  6315  6315 E Settings: Unable to find info for package: null
03-23 22:37:27.059  6315  6315 E ndroid.settings: Invalid resource ID 0x00000000.
03-23 22:37:27.063  6315  6315 E ndroid.settings: Invalid resource ID 0x00000000.
03-23 22:37:27.317  6389  6389 E .android.chrome: Not starting debugger since process cannot load the jdwp agent.
03-23 22:37:27.318  6315  6376 E DataProcessor: abnormal entry list in the timestamp:Mar 18, 2025, 16:00:00
03-23 22:37:27.319  6315  6376 E DataProcessor: abnormal entry list in the timestamp:Mar 18, 2025, 18:00:00
03-23 22:37:27.319  6315  6376 E DataProcessor: abnormal entry list in the timestamp:Mar 18, 2025, 20:00:00
03-23 22:37:27.319  6315  6376 E DataProcessor: abnormal entry list in the timestamp:Mar 18, 2025, 22:00:00
03-23 22:37:27.319  6315  6376 E DataProcessor: abnormal entry list in the timestamp:Mar 19, 2025, 02:00:00
03-23 22:37:27.319  6315  6376 E DataProcessor: abnormal entry list in the timestamp:Mar 19, 2025, 04:00:00
03-23 22:37:27.319  6315  6376 E DataProcessor: abnormal entry list in the timestamp:Mar 19, 2025, 06:00:00
03-23 22:37:27.320  6315  6376 E DataProcessor: abnormal entry list in the timestamp:Mar 19, 2025, 08:00:00
03-23 22:37:27.320  6315  6376 E DataProcessor: abnormal entry list in the timestamp:Mar 19, 2025, 10:00:00
03-23 22:37:27.320  6315  6376 E DataProcessor: abnormal entry list in the timestamp:Mar 19, 2025, 12:00:00
03-23 22:37:27.320  6315  6376 E DataProcessor: abnormal entry list in the timestamp:Mar 19, 2025, 16:00:00
03-23 22:37:27.321  6315  6376 E DataProcessor: abnormal entry list in the timestamp:Mar 19, 2025, 18:00:00
03-23 22:37:27.321  6315  6376 E DataProcessor: abnormal entry list in the timestamp:Mar 19, 2025, 20:00:00
03-23 22:37:27.321  6315  6376 E DataProcessor: abnormal entry list in the timestamp:Mar 19, 2025, 22:00:00
03-23 22:37:27.322  6315  6376 E DataProcessor: abnormal entry list in the timestamp:Mar 20, 2025, 02:00:00
03-23 22:37:27.322  6315  6376 E DataProcessor: abnormal entry list in the timestamp:Mar 20, 2025, 04:00:00
03-23 22:37:27.326  6315  6376 E DataProcessor: abnormal entry list in the timestamp:Mar 20, 2025, 06:00:00
03-23 22:37:27.328  6315  6376 E DataProcessor: abnormal entry list in the timestamp:Mar 20, 2025, 08:00:00
03-23 22:37:27.329  6315  6376 E DataProcessor: abnormal entry list in the timestamp:Mar 20, 2025, 10:00:00
03-23 22:37:27.330  6315  6376 E DataProcessor: abnormal entry list in the timestamp:Mar 20, 2025, 12:00:00
03-23 22:37:27.333  6315  6376 E DataProcessor: abnormal entry list in the timestamp:Mar 20, 2025, 14:00:00
03-23 22:37:27.337  6315  6376 E DataProcessor: abnormal entry list in the timestamp:Mar 20, 2025, 16:00:00
03-23 22:37:27.346  6315  6376 E DataProcessor: abnormal entry list in the timestamp:Mar 20, 2025, 18:00:00
03-23 22:37:27.350  6315  6376 E DataProcessor: abnormal entry list in the timestamp:Mar 20, 2025, 20:00:00
03-23 22:37:27.361  6315  6376 E DataProcessor: abnormal entry list in the timestamp:Mar 20, 2025, 22:00:00
03-23 22:37:27.363  6315  6376 E DataProcessor: abnormal entry list in the timestamp:Mar 21, 2025, 02:00:00
03-23 22:37:27.363  6315  6376 E DataProcessor: abnormal entry list in the timestamp:Mar 21, 2025, 04:00:00
03-23 22:37:27.364  6315  6376 E DataProcessor: abnormal entry list in the timestamp:Mar 21, 2025, 06:00:00
03-23 22:37:27.366  6315  6376 E DataProcessor: abnormal entry list in the timestamp:Mar 21, 2025, 08:00:00
03-23 22:37:27.367  6315  6376 E DataProcessor: abnormal entry list in the timestamp:Mar 21, 2025, 10:00:00
03-23 22:37:27.367  6315  6376 E DataProcessor: abnormal entry list in the timestamp:Mar 21, 2025, 12:00:00
03-23 22:37:27.368  6315  6376 E DataProcessor: abnormal entry list in the timestamp:Mar 21, 2025, 14:00:00
03-23 22:37:27.369  6315  6376 E DataProcessor: abnormal entry list in the timestamp:Mar 21, 2025, 16:00:00
03-23 22:37:27.369  6315  6376 E DataProcessor: abnormal entry list in the timestamp:Mar 21, 2025, 18:00:00
03-23 22:37:27.369  6315  6376 E DataProcessor: abnormal entry list in the timestamp:Mar 21, 2025, 20:00:00
03-23 22:37:27.370  6315  6376 E DataProcessor: abnormal entry list in the timestamp:Mar 21, 2025, 22:00:00
03-23 22:37:27.370  6315  6376 E DataProcessor: abnormal entry list in the timestamp:Mar 22, 2025, 02:00:00
03-23 22:37:27.370  6315  6376 E DataProcessor: abnormal entry list in the timestamp:Mar 22, 2025, 04:00:00
03-23 22:37:27.370  6315  6376 E DataProcessor: abnormal entry list in the timestamp:Mar 22, 2025, 06:00:00
03-23 22:37:27.370  6315  6376 E DataProcessor: abnormal entry list in the timestamp:Mar 22, 2025, 08:00:00
03-23 22:37:27.371  6315  6376 E DataProcessor: abnormal entry list in the timestamp:Mar 22, 2025, 10:00:00
03-23 22:37:27.371  6315  6376 E DataProcessor: abnormal entry list in the timestamp:Mar 22, 2025, 12:00:00
03-23 22:37:27.371  6315  6376 E DataProcessor: abnormal entry list in the timestamp:Mar 22, 2025, 14:00:00
03-23 22:37:27.371  6315  6376 E DataProcessor: abnormal entry list in the timestamp:Mar 22, 2025, 16:00:00
03-23 22:37:27.372  6315  6376 E DataProcessor: abnormal entry list in the timestamp:Mar 22, 2025, 18:00:00
03-23 22:37:27.372  6315  6376 E DataProcessor: abnormal entry list in the timestamp:Mar 22, 2025, 20:00:00
03-23 22:37:27.372  6315  6376 E DataProcessor: abnormal entry list in the timestamp:Mar 22, 2025, 22:00:00
03-23 22:37:27.797  6315  6334 E OpenGLRenderer: Unable to match the desired swap behavior.
03-23 22:37:28.394   588  1738 E ActivityManager: Sending non-protected broadcast com.android.settings.battery.action.PERIODIC_JOB_RECHECK from system 6315:com.android.settings/1000 pkg com.android.settings
03-23 22:37:28.394   588  1738 E ActivityManager: java.lang.Throwable
03-23 22:37:28.394   588  1738 E ActivityManager: 	at com.android.server.am.ActivityManagerService.checkBroadcastFromSystem(ActivityManagerService.java:14306)
03-23 22:37:28.394   588  1738 E ActivityManager: 	at com.android.server.am.ActivityManagerService.broadcastIntentLockedTraced(ActivityManagerService.java:15131)
03-23 22:37:28.394   588  1738 E ActivityManager: 	at com.android.server.am.ActivityManagerService.broadcastIntentLocked(ActivityManagerService.java:14370)
03-23 22:37:28.394   588  1738 E ActivityManager: 	at com.android.server.am.ActivityManagerService.broadcastIntentWithFeature(ActivityManagerService.java:15336)
03-23 22:37:28.394   588  1738 E ActivityManager: 	at android.app.IActivityManager$Stub.onTransact(IActivityManager.java:2653)
03-23 22:37:28.394   588  1738 E ActivityManager: 	at com.android.server.am.ActivityManagerService.onTransact(ActivityManagerService.java:2720)
03-23 22:37:28.394   588  1738 E ActivityManager: 	at android.os.Binder.execTransactInternal(Binder.java:1339)
03-23 22:37:28.394   588  1738 E ActivityManager: 	at android.os.Binder.execTransact(Binder.java:1275)
03-23 22:37:28.682  3266  6117 E WakeLock: GCM_HB_ALARM release without a matched acquire!
